08-04 14:25:25.615  1297  1408 I OHPD    : isIsolated process: app.uid:99826,app.info.uid:10927, app.processName:com.google.android.webview:sandboxed_process1:org.chromium.content.app.SandboxedProcessService1:0
08-04 14:25:27.083  1297  2128 D PowerManagerService: acquire PROXIMITY_SCREEN_OFF_WAKE_LOCK from com.android.dialer
08-04 14:25:27.097  1297  1334 D PowerManagerService: acquire PROXIMITY_SCREEN_OFF_WAKE_LOCK from com.android.dialer
08-04 14:25:27.287  1297  1334 I chatty  : uid=1000(system) Binder:1297_2 identical 2 lines
08-04 14:25:31.887  1297  1334 D PowerManagerService: acquire PROXIMITY_SCREEN_OFF_WAKE_LOCK from com.android.dialer
08-04 14:25:31.920  1297  2127 D PowerManagerService: acquire PROXIMITY_SCREEN_OFF_WAKE_LOCK from com.android.dialer
08-04 14:25:32.138  2734  7209 D TextClassifierService: No configured system TextClassifierService
08-04 14:25:32.286  2734  7209 I chatty  : uid=10034(com.google.android.ext.services) pool-2-thread-1 identical 4 lines
08-04 14:25:32.289  2734  7209 D TextClassifierService: No configured system TextClassifierService
08-04 14:25:32.397  1297  1297 V NotificationService: Interrupting!
08-04 14:25:32.407  1297  2128 D PowerManagerService: acquire PROXIMITY_SCREEN_OFF_WAKE_LOCK from com.android.dialer
08-04 14:25:32.433  1297  1334 D PowerManagerService: acquire PROXIMITY_SCREEN_OFF_WAKE_LOCK from com.android.dialer
08-04 14:25:32.577  1297  2128 D PowerManagerService: acquire PROXIMITY_SCREEN_OFF_WAKE_LOCK from com.android.dialer
08-04 14:25:32.579  1297  2128 D PowerManagerService: acquire PROXIMITY_SCREEN_OFF_WAKE_LOCK from com.android.dialer
08-04 14:25:32.580  1297  1334 D PowerManagerService: acquire PROXIMITY_SCREEN_OFF_WAKE_LOCK from com.android.dialer
08-04 14:25:33.219  1297  2631 D PowerManagerService: acquire PROXIMITY_SCREEN_OFF_WAKE_LOCK from com.android.dialer
08-04 14:25:33.230  1297  2631 D OPBF    : setCGroupState():uid:10927, tofreeze=true --->>> ok reason:start perform disordered broadcast for action = sg.bigo.ludolegend.action.LINKD_CONN_CHANGE
08-04 14:25:33.232  1297  2631 D PowerManagerService: acquire PROXIMITY_SCREEN_OFF_WAKE_LOCK from com.android.dialer
08-04 14:25:35.188  1297  1885 V AlarmManager: Triggering alarm #0: 2 when =1095625081 package =com.google.android.gms operation =*walarm*:com.google.android.location.ALARM_WAKEUP_LOCATOR flags =0x1
08-04 14:25:35.192  1297  1885 D PowerManagerService: acquire PROXIMITY_SCREEN_OFF_WAKE_LOCK from com.android.dialer
08-04 14:25:35.197  1297  1334 D PowerManagerService: acquire PROXIMITY_SCREEN_OFF_WAKE_LOCK from com.android.dialer
08-04 14:25:35.202  1297  1334 D PowerManagerService: acquire PROXIMITY_SCREEN_OFF_WAKE_LOCK from com.android.dialer
08-04 14:25:35.216  1297  2127 D PowerManagerService: acquire PROXIMITY_SCREEN_OFF_WAKE_LOCK from com.android.dialer
08-04 14:25:35.217  1297  1334 D PowerManagerService: acquire PROXIMITY_SCREEN_OFF_WAKE_LOCK from com.android.dialer
08-04 14:25:35.231  1297  2127 D PowerManagerService: acquire PROXIMITY_SCREEN_OFF_WAKE_LOCK from com.android.dialer
08-04 14:25:35.237  1297  1297 D PowerManagerService: acquire PROXIMITY_SCREEN_OFF_WAKE_LOCK from com.android.dialer
08-04 14:25:35.238  1297  4369 D PowerManagerService: acquire PROXIMITY_SCREEN_OFF_WAKE_LOCK from com.android.dialer
08-04 14:25:35.242  1297  4369 D PowerManagerService: acquire PROXIMITY_SCREEN_OFF_WAKE_LOCK from com.android.dialer
08-04 14:25:35.903  1297  1334 D PowerManagerService: acquire PROXIMITY_SCREEN_OFF_WAKE_LOCK from com.android.dialer
08-04 14:25:36.067  2734  7209 D TextClassifierService: No configured system TextClassifierService
08-04 14:25:36.143  2734  7209 I chatty  : uid=10034(com.google.android.ext.services) pool-2-thread-1 identical 4 lines
08-04 14:25:36.148  2734  7209 D TextClassifierService: No configured system TextClassifierService
08-04 14:25:38.114  1297  2000 D PowerManagerService: acquire PROXIMITY_SCREEN_OFF_WAKE_LOCK from com.android.dialer
08-04 14:25:38.123  1297  8138 D PowerManagerService: acquire PROXIMITY_SCREEN_OFF_WAKE_LOCK from com.android.dialer
08-04 14:25:38.163  1297  3719 D PowerManagerService: acquire PROXIMITY_SCREEN_OFF_WAKE_LOCK from com.android.dialer
08-04 14:25:38.378  1297  3719 I chatty  : uid=1000(system) Binder:1297_10 identical 3 lines
08-04 14:25:38.380  1297  3719 D PowerManagerService: acquire PROXIMITY_SCREEN_OFF_WAKE_LOCK from com.android.dialer
08-04 14:25:44.937  1297  1885 V AlarmManager: Triggering alarm #0: 2 when =1095625461 package =android operation = null listenTag =DeviceIdleController.light flags =0x8
08-04 14:25:44.937  1297  1885 V AlarmManager: Triggering alarm #1: 2 when =1095634829 package =android operation = null listenTag =*job.delay* flags =0x0
08-04 14:25:44.938  1297  1885 D PowerManagerService: acquire PROXIMITY_SCREEN_OFF_WAKE_LOCK from com.android.dialer
08-04 14:25:44.947  1297  1407 D PowerManagerService: acquire PROXIMITY_SCREEN_OFF_WAKE_LOCK from com.android.dialer
08-04 14:25:44.948  1297  1407 D OpPowerManager: Enter LightIdle, more aggressive to handle black audio
08-04 14:25:44.954  1297  1297 D PowerManagerService: acquire PROXIMITY_SCREEN_OFF_WAKE_LOCK from com.android.dialer
08-04 14:25:44.974  1297  1974 D ConnectivityService: Blocked status changed to true for 10070(6550) on netId 2593
08-04 14:25:44.975  1297  1974 D ConnectivityService: Blocked status changed to true for 10070(6551) on netId 2593
08-04 14:25:44.978  1297  1974 D ConnectivityService: Blocked status changed to true for 10111(6224) on netId 2593
08-04 14:25:44.979  1297  1974 D ConnectivityService: Blocked status changed to true for 10015(6863) on netId 2593
08-04 14:25:44.980  1297  1974 D ConnectivityService: Blocked status changed to true for 10015(6873) on netId 2593
08-04 14:25:44.980  1297  1974 D ConnectivityService: Blocked status changed to true for 10015(6874) on netId 2593
08-04 14:25:44.983  1297  1974 D ConnectivityService: Blocked status changed to true for 10049(6831) on netId 2593
08-04 14:25:44.984  1297  1974 D ConnectivityService: Blocked status changed to true for 10049(6832) on netId 2593
08-04 14:25:44.984  1297  1974 D ConnectivityService: Blocked status changed to true for 10049(6833) on netId 2593
08-04 14:25:44.984  1297  1974 D ConnectivityService: Blocked status changed to true for 10049(6834) on netId 2593
08-04 14:25:44.984  1297  1974 D ConnectivityService: Blocked status changed to true for 10049(6859) on netId 2593
08-04 14:25:44.985  1297  1974 D ConnectivityService: Blocked status changed to true for 10049(6860) on netId 2593
08-04 14:25:44.988  1297  1974 D ConnectivityService: Blocked status changed to true for 10358(6816) on netId 2593
08-04 14:25:44.988  1297  1974 D ConnectivityService: Blocked status changed to true for 10358(6817) on netId 2593
08-04 14:25:44.988  1297  1974 D ConnectivityService: Blocked status changed to true for 10138(6485) on netId 2593
08-04 14:25:44.989  1297  1974 D ConnectivityService: Blocked status changed to true for 10138(6486) on netId 2593
08-04 14:25:44.989  1297  1974 D ConnectivityService: Blocked status changed to true for 10058(3812) on netId 2593
08-04 14:25:44.989  1297  1974 D ConnectivityService: Blocked status changed to true for 10058(3813) on netId 2593
08-04 14:25:44.995  1297  1407 D OPSA    : Enter First LightIdle, schedule to SNAPSHOT in 10000 ms, now=606861599
08-04 14:25:44.997  1297  1407 V OpPowerControllerService: Update mIsAfter1stLightIdle to true, mIsUnderRestriction=NA
08-04 14:25:44.998  1297  1407 D PowerManagerService: acquire PROXIMITY_SCREEN_OFF_WAKE_LOCK from com.android.dialer
08-04 14:25:45.000  1297  2631 D PowerManagerService: acquire PROXIMITY_SCREEN_OFF_WAKE_LOCK from com.android.dialer
08-04 14:25:45.006  1297  3719 D ConnectivityService: Returning BLOCKED NetworkInfo to uid=10111
08-04 14:25:45.010  1297  2631 D OPBF    : setCGroupState():uid:10927, tofreeze=false --->>> ok reason:start perform disordered broadcast for action = android.os.action.LIGHT_DEVICE_IDLE_MODE_CHANGED
08-04 14:25:45.016  1297  2631 D PowerManagerService: acquire PROXIMITY_SCREEN_OFF_WAKE_LOCK from com.android.dialer
08-04 14:25:45.017  1297  2631 D PowerManagerService: acquire PROXIMITY_SCREEN_OFF_WAKE_LOCK from com.android.dialer
08-04 14:25:45.023  1297  2631 D OPBF    : setCGroupState():uid:99826, tofreeze=false --->>> ok reason:start perform disordered broadcast for action = android.os.action.LIGHT_DEVICE_IDLE_MODE_CHANGED cause by uid/pid:10927 for resumeRelateProcess binding service
08-04 14:25:45.024  1297  2631 D PowerManagerService: acquire PROXIMITY_SCREEN_OFF_WAKE_LOCK from com.android.dialer
08-04 14:25:45.025  1297  2631 D PowerManagerService: acquire PROXIMITY_SCREEN_OFF_WAKE_LOCK from com.android.dialer
08-04 14:25:45.031  1297  2631 D OPBF    : setCGroupState():uid:99826, tofreeze=false --->>> ok reason:start perform disordered broadcast for action = android.os.action.LIGHT_DEVICE_IDLE_MODE_CHANGED cause by uid/pid:10927 for resumeRelateProcess binding service
08-04 14:25:45.031  1297  2631 D PowerManagerService: acquire PROXIMITY_SCREEN_OFF_WAKE_LOCK from com.android.dialer
08-04 14:25:50.063  1297 29951 E OHPD    : [BgDetect] AppForkedProc kworker/2:2 pid 29825 uid 0 can't find pkgName
08-04 14:25:55.065  1297  2063 I OPSA    : ======START======
08-04 14:25:55.086  1297  2063 D ExtBatteryStatsService: mStats.getKernelWakelockStats().size()=478
08-04 14:25:55.087  1297  2063 D ExtBatteryStatsService: mStats.getWakeupReasonStats().size()=12
08-04 14:25:55.088  1297  2063 I OPSA    : #### [START] rpm_stats [aosd, 13854192, 205], [cxsd, 1174357, 205]
08-04 14:25:55.088  1297  2063 I OPSA    : APSS
08-04 14:25:55.088  1297  2063 I OPSA    : 	Version:0x1
08-04 14:25:55.088  1297  2063 I OPSA    : 	Sleep Count:0x145e8c
08-04 14:25:55.088  1297  2063 I OPSA    : 	Sleep Last Entered At:0x1321eef36aea
08-04 14:25:55.088  1297  2063 I OPSA    : 	Sleep Last Exited At:0x1321eef4757f
08-04 14:25:55.088  1297  2063 I OPSA    : 	Sleep Accumulated Duration:0x90735e0b48f
08-04 14:25:55.088  1297  2063 I OPSA    : 
08-04 14:25:55.088  1297  2063 I OPSA    : MPSS
08-04 14:25:55.088  1297  2063 I OPSA    : 	Version:0x1
08-04 14:25:55.088  1297  2063 I OPSA    : 	Sleep Count:0x1df74b
08-04 14:25:55.088  1297  2063 I OPSA    : 	Sleep Last Entered At:0x1321627a845d
08-04 14:25:55.088  1297  2063 I OPSA    : 	Sleep Last Exited At:0x1321627d5c74
08-04 14:25:55.088  1297  2063 I OPSA    : 	Sleep Accumulated Duration:0xd1d954c1b87
08-04 14:25:55.088  1297  2063 I OPSA    : 
08-04 14:25:55.088  1297  2063 I OPSA    : ADSP
08-04 14:25:55.088  1297  2063 I OPSA    : 	Version:0x1
08-04 14:25:55.088  1297  2063 I OPSA    : 	Sleep Count:0x39eb
08-04 14:25:55.088  1297  2063 I OPSA    : 	Sleep Last Entered At:0x132107d5c61e
08-04 14:25:55.088  1297  2063 I OPSA    : 	Sleep Last Exited At:0x132107d5d128
08-04 14:25:55.088  1297  2063 I OPSA    : 	Sleep Accumulated Duration:0xcd05235d76a
08-04 14:25:55.088  1297  2063 I OPSA    : 
08-04 14:25:55.088  1297  2063 I OPSA    : CDSP
08-04 14:25:55.088  1297  2063 I OPSA    : 	Version:0x1
08-04 14:25:55.088  1297  2063 I OPSA    : 	Sleep Count:0xe7
08-04 14:25:55.088  1297  2063 I OPSA    : 	Sleep Last Entered At:0xedbe77b0688
08-04 14:25:55.088  1297  2063 I OPSA    : 	Sleep Last Exited At:0xedbe77ab656
08-04 14:25:55.088  1297  2063 I OPSA    : 	Sleep Accumulated Duration:0x1321acfb7fa7
08-04 14:25:55.088  1297  2063 I OPSA    : 
08-04 14:25:55.088  1297  2063 I OPSA    : SLPI
08-04 14:25:55.088  1297  2063 I OPSA    : 	Version:0x1
08-04 14:25:55.088  1297  2063 I OPSA    : 	Sleep Count:0x583f899
08-04 14:25:55.088  1297  2063 I OPSA    : 	Sleep Last Entered At:0x1321e5a8ef7d
08-04 14:25:55.088  1297  2063 I OPSA    : 	Sleep Last Exited At:0x1321e5a67162
08-04 14:25:55.088  1297  2063 I OPSA    : 	Sleep Accumulated Duration:0x109598aab686
08-04 14:25:55.088  1297  2063 I OPSA    : 
08-04 14:25:55.090  1297  2063 D OPSA    : sendMessageDelayed, msgId=1010, run on OPBackgroundThread
08-04 14:26:00.001  1297  1885 V AlarmManager: Triggering alarm #0: 3 when =1095649894 package =android operation = null listenTag =TIME_TICK flags =0x1
08-04 14:26:01.966  1297  2000 D PowerManagerService: acquire PROXIMITY_SCREEN_OFF_WAKE_LOCK from com.android.dialer
08-04 14:26:01.988  1297  4369 D PowerManagerService: acquire PROXIMITY_SCREEN_OFF_WAKE_LOCK from com.android.dialer
08-04 14:26:10.163  1297  4369 I ActivityManager: Killing 26360:com.android.systemui:ui/u0a19 (adj 985): empty #31
08-04 14:26:15.016  1297  2631 D PowerManagerService: acquire PROXIMITY_SCREEN_OFF_WAKE_LOCK from com.android.dialer
08-04 14:26:15.029  1297  2631 D OPBF    : setCGroupState():uid:10927, tofreeze=true --->>> ok reason:operateNode reconfirm lastOperation:false lastOperatedReason:start perform disordered broadcast for action = android.os.action.LIGHT_DEVICE_IDLE_MODE_CHANGED
08-04 14:26:15.031  1297  2631 D PowerManagerService: acquire PROXIMITY_SCREEN_OFF_WAKE_LOCK from com.android.dialer
08-04 14:26:18.243  1297  1885 V AlarmManager: Triggering alarm #0: 3 when =1095668137 package =com.google.android.gms operation =*alarm*:com.google.android.gms.location.fused.SEND_LOCATION_IN_STATIONARY_MODE_ALARM_ALARM_6129 flags =0x1
08-04 14:26:29.879  1297  1974 D ConnectivityService: Blocked status changed to true for 10073(6578) on netId 2593
08-04 14:26:29.879  1297  1974 D ConnectivityService: Blocked status changed to true for 10073(6579) on netId 2593
08-04 14:26:32.712  1297  1885 V AlarmManager: Triggering alarm #0: 2 when =1095682605 package =com.google.android.gms operation =*walarm*:com.google.android.gms.gcm.ACTION_CHECK_QUEUE flags =0x0
08-04 14:26:32.714  1297  1885 D PowerManagerService: acquire PROXIMITY_SCREEN_OFF_WAKE_LOCK from com.android.dialer
08-04 14:26:32.755  1297  1334 D PowerManagerService: acquire PROXIMITY_SCREEN_OFF_WAKE_LOCK from com.android.dialer
08-04 14:26:32.756  1297  4369 D PowerManagerService: acquire PROXIMITY_SCREEN_OFF_WAKE_LOCK from com.android.dialer
08-04 14:26:32.761  1297  1334 D PowerManagerService: acquire PROXIMITY_SCREEN_OFF_WAKE_LOCK from com.android.dialer
08-04 14:26:32.761  1297  2127 D PowerManagerService: acquire PROXIMITY_SCREEN_OFF_WAKE_LOCK from com.android.dialer
08-04 14:26:32.762  1297  2128 D PowerManagerService: acquire PROXIMITY_SCREEN_OFF_WAKE_LOCK from com.android.dialer
08-04 14:26:32.769  1297  8138 D PowerManagerService: acquire PROXIMITY_SCREEN_OFF_WAKE_LOCK from com.android.dialer
08-04 14:26:32.780  1297  1297 D PowerManagerService: acquire PROXIMITY_SCREEN_OFF_WAKE_LOCK from com.android.dialer
08-04 14:26:32.786  1297  2128 D PowerManagerService: acquire PROXIMITY_SCREEN_OFF_WAKE_LOCK from com.android.dialer
08-04 14:26:32.798  1297  2127 D PowerManagerService: acquire PROXIMITY_SCREEN_OFF_WAKE_LOCK from com.android.dialer
08-04 14:26:36.083  1297  2127 I chatty  : uid=1000(system) Binder:1297_5 identical 1 line
08-04 14:26:36.158  1297  2127 D PowerManagerService: acquire PROXIMITY_SCREEN_OFF_WAKE_LOCK from com.android.dialer
08-04 14:26:45.051  1297  2631 D PowerManagerService: acquire PROXIMITY_SCREEN_OFF_WAKE_LOCK from com.android.dialer
08-04 14:26:45.061  1297  2631 D OPBF    : setCGroupState():uid:99826, tofreeze=true --->>> ok reason:notifyIsolatedUids boundUid freeze cause by uid/pid:10927
08-04 14:26:45.063  1297  2631 D PowerManagerService: acquire PROXIMITY_SCREEN_OFF_WAKE_LOCK from com.android.dialer
08-04 14:26:45.939  1297  8138 D ConnectivityService: Returning BLOCKED NetworkInfo to uid=10070
08-04 14:26:50.402  1297  2127 D PowerManagerService: acquire PROXIMITY_SCREEN_OFF_WAKE_LOCK from com.android.dialer
08-04 14:26:50.508  1297  8138 D PowerManagerService: acquire PROXIMITY_SCREEN_OFF_WAKE_LOCK from com.android.dialer
08-04 14:26:51.188  1297  8138 I chatty  : uid=1000(system) Binder:1297_1C identical 1 line
08-04 14:26:51.190  1297  8138 D PowerManagerService: acquire PROXIMITY_SCREEN_OFF_WAKE_LOCK from com.android.dialer
08-04 14:26:57.942  1297  8138 D OpFingerprintService: updateStatus , 2
08-04 14:26:57.946  1297  1297 V SettingsProvider: Notifying for 0: content://settings/system/display_ctrl_psensor_positive
08-04 14:26:57.952  1297  2128 D PowerManagerService: acquire PROXIMITY_SCREEN_OFF_WAKE_LOCK from com.android.dialer
08-04 14:26:57.959  1297  1442 I DisplayPowerController: useProximityForceSuspend = true
08-04 14:26:57.959  1297  1442 I DisplayPowerController: mProximity = Negative
08-04 14:26:57.972  1297  1442 E AutomaticBrightnessController: mProximityPositive : false
08-04 14:26:57.972  1297  1442 I PowerManagerService: onProximityNegativeForceSuspend
08-04 14:26:57.974  1297  1442 I PowerManagerService: Waking up from Dozing (uid=1000, reason=WAKE_REASON_WAKE_MOTION, details=wakeUp)...
08-04 14:26:57.975  1297  1297 W UsageStatsService: Event reported without a package name, eventType:15
08-04 14:26:57.976  1297  1297 I WindowManager: Started waking up... (why=ON_BECAUSE_OF_USER)
08-04 14:26:57.979  1297  1297 D OpPowerControllerService: SCREEN is OFF
08-04 14:26:57.979  1297  1297 D OpPowerControllerService: SCREEN is ON
08-04 14:26:57.980  1297  1442 W AppOps  : Bad call: specified package com.android.dialer under uid 1000 but it is really 10020
08-04 14:26:57.980  1297  1442 W AppOps  : java.lang.RuntimeException: here
08-04 14:26:57.980  1297  1442 W AppOps  : 	at com.android.server.appop.AppOpsService.getOpsRawLocked(AppOpsService.java:2656)
08-04 14:26:57.980  1297  1442 W AppOps  : 	at com.android.server.appop.AppOpsService.noteOperationUnchecked(AppOpsService.java:2055)
08-04 14:26:57.980  1297  1442 W AppOps  : 	at com.android.server.appop.AppOpsService.noteOperationImpl(AppOpsService.java:2048)
08-04 14:26:57.980  1297  1442 W AppOps  : 	at com.android.server.appop.AppOpsService.noteOperation(AppOpsService.java:2035)
08-04 14:26:57.980  1297  1442 W AppOps  : 	at android.app.AppOpsManager.noteOpNoThrow(AppOpsManager.java:5404)
08-04 14:26:57.980  1297  1442 W AppOps  : 	at com.android.server.power.Notifier.onWakeUp(Notifier.java:665)
08-04 14:26:57.980  1297  1442 W AppOps  : 	at com.android.server.power.PowerManagerService.wakeUpNoUpdateLocked(PowerManagerService.java:1789)
08-04 14:26:57.980  1297  1442 W AppOps  : 	at com.android.server.power.PowerManagerService.wakeUpInternal(PowerManagerService.java:1703)
08-04 14:26:57.980  1297  1442 W AppOps  : 	at com.android.server.power.PowerManagerService.access$2900(PowerManagerService.java:128)
08-04 14:26:57.980  1297  1442 W AppOps  : 	at com.android.server.power.PowerManagerService$1.onProximityNegativeForceSuspend(PowerManagerService.java:3105)
08-04 14:26:57.980  1297  1442 W AppOps  : 	at com.android.server.display.DisplayPowerController$6.run(DisplayPowerController.java:2395)
08-04 14:26:57.980  1297  1442 W AppOps  : 	at android.os.Handler.handleCallback(Handler.java:883)
08-04 14:26:57.980  1297  1442 W AppOps  : 	at android.os.Handler.dispatchMessage(Handler.java:100)
08-04 14:26:57.980  1297  1442 W AppOps  : 	at android.os.Looper.loop(Looper.java:214)
08-04 14:26:57.980  1297  1442 W AppOps  : 	at android.os.HandlerThread.run(HandlerThread.java:67)
08-04 14:26:57.980  1297  1442 W AppOps  : 	at com.android.server.ServiceThread.run(ServiceThread.java:44)
08-04 14:26:57.982  1297  1442 D PowerManagerService: acquire PROXIMITY_SCREEN_OFF_WAKE_LOCK from com.android.dialer
08-04 14:26:57.984  1297  1442 I DisplayPowerController: useProximityForceSuspend = true
08-04 14:26:57.984  1297  1442 D OpColorDisplayService: screenStateChange
08-04 14:26:57.984  1297  1430 D OpColorDisplayService: processScreenOn   true
08-04 14:26:57.984  1297  1430 I OpColorDisplayService: isKeyguard =  false
08-04 14:26:57.984  1297  1430 I OpColorDisplayService: mHasFingerprint = false
08-04 14:26:57.986  1297  1297 D OpPowerControllerService: screen off duration: 262518
08-04 14:26:57.987  1297  1430 D OpColorDisplayService: revertStatus:  colorMode = 1  customColorMode = 0   needMatrixInit = false
08-04 14:26:57.988  1297  1297 V FingerprintService: startAuthentication(com.android.systemui)
08-04 14:26:57.988  1297  1297 V FingerprintService: starting client AuthenticationClientImpl(com.android.systemui) cookie: 0/0
08-04 14:26:57.989  1297  1297 D OpFingerprintService: OIMCService is null
08-04 14:26:58.002  1297  1442 I DisplayPowerController: Blocking screen on until initial contents have been drawn.
08-04 14:26:58.002  1297  1442 I WindowManager: Screen turning on...
08-04 14:26:58.037  1297  1442 V DisplayPowerController: Brightness [565] reason changing to: 'manual', previous reason: 'screen_off'.
08-04 14:26:58.037  1297  1389 D ActivityTaskManager: Top Process State changed to PROCESS_STATE_TOP
08-04 14:26:58.037  1297  1442 I DisplayPowerController: useProximityForceSuspend = true
08-04 14:26:58.040  1297  1442 D AutomaticBrightnessController: setAmbientLux(74.0)
08-04 14:26:58.040  1297  1442 I DisplayPowerController: useProximityForceSuspend = true
08-04 14:26:58.041  1297  1297 D OpFingerprintService: updateStatus , 3
08-04 14:26:58.042  1297  1442 V DisplayPowerController: Brightness [555] reason changing to: 'automatic', previous reason: 'manual'.
08-04 14:26:58.042  1297  1442 I DisplayPowerController: useProximityForceSuspend = true
08-04 14:26:58.048  1297  1389 D OpQuickReply: setQuickReplyResumed focusedApp AppWindowToken{463c0b5 token=Token{285d4ec ActivityRecord{c454b9f u0 com.android.dialer/com.android.incallui.InCallActivity t647}}} pkgName com.android.dialer
08-04 14:26:58.060  1297  1391 I DisplayManagerService: Display device changed state: "Built-in Screen", ON
08-04 14:26:58.061  1297  1391 D OpRestartProcessManager: updateSelf :  com.android.dialer, size : 30
08-04 14:26:58.062  1297  8138 D WindowManager: mKeyguardDelegate.ShowListener.onDrawn.
08-04 14:26:58.062  1297  1389 W WindowManager: Setting mKeyguardDrawComplete
08-04 14:26:58.086  1297  1297 V FingerprintService: Stopping client com.android.systemui, fromClient: true
08-04 14:26:58.090  1297  1410 D FingerprintService: onError, 487808221696, 5, 0
08-04 14:26:58.098  1297  4369 D PowerManagerService: acquire PROXIMITY_SCREEN_OFF_WAKE_LOCK from com.android.dialer
08-04 14:26:58.100  1297  8138 D PowerManagerService: acquire PROXIMITY_SCREEN_OFF_WAKE_LOCK from com.android.dialer
08-04 14:26:58.103  1297  8138 D PowerManagerService: acquire PROXIMITY_SCREEN_OFF_WAKE_LOCK from com.android.dialer
08-04 14:26:58.107  1297  4369 D PowerManagerService: acquire PROXIMITY_SCREEN_OFF_WAKE_LOCK from com.android.dialer
08-04 14:26:58.127  1297  8138 D PowerManagerService: acquire PROXIMITY_SCREEN_OFF_WAKE_LOCK from com.android.dialer
08-04 14:26:58.127  1343  1482 D QMI_FW  : chen-screen on: is_screen_off = 0 
08-04 14:26:58.127  1297  8138 D PowerManagerService: acquire PROXIMITY_SCREEN_OFF_WAKE_LOCK from com.android.dialer
08-04 14:26:58.129  1297  8138 D PowerManagerService: acquire PROXIMITY_SCREEN_OFF_WAKE_LOCK from com.android.dialer
08-04 14:26:58.130  1297  2127 D PowerManagerService: acquire PROXIMITY_SCREEN_OFF_WAKE_LOCK from com.android.dialer
08-04 14:26:58.138  1297  2127 D PowerManagerService: acquire PROXIMITY_SCREEN_OFF_WAKE_LOCK from com.android.dialer
08-04 14:26:58.138  1297  1974 D ConnectivityService: Blocked status changed to false for 10058(3812) on netId 2593
08-04 14:26:58.139  1297  1974 D ConnectivityService: Blocked status changed to false for 10058(3813) on netId 2593
08-04 14:26:58.140  1297  1442 I DisplayPowerController: useProximityForceSuspend = true
08-04 14:26:58.141  1358  1653 D QMI_FW  : chen-screen on: is_screen_off = 0 
08-04 14:26:58.143  1297  2127 D PowerManagerService: acquire PROXIMITY_SCREEN_OFF_WAKE_LOCK from com.android.dialer
08-04 14:26:58.147  1297  8138 D PowerManagerService: acquire PROXIMITY_SCREEN_OFF_WAKE_LOCK from com.android.dialer
08-04 14:26:58.147  1297  1297 V SettingsProvider: Notifying for 0: content://settings/system/screen_brightness
08-04 14:26:58.152  1297  2000 D PowerManagerService: acquire PROXIMITY_SCREEN_OFF_WAKE_LOCK from com.android.dialer
08-04 14:26:58.160  1297  2631 D PowerManagerService: acquire PROXIMITY_SCREEN_OFF_WAKE_LOCK from com.android.dialer
08-04 14:26:58.162  1297  1297 V FingerprintService: handleError(client=com.android.systemui, error = 5)
08-04 14:26:58.162  1297  1297 V FingerprintService: Done with client: com.android.systemui
08-04 14:26:58.165  2107  2107 D FingerprintManager: sendErrorResult: 5, 5, 0
08-04 14:26:58.165  1297  2631 D OPBF    : setCGroupState():uid:10877, tofreeze=false --->>> ok reason:updateSystemUiVisibility
08-04 14:26:58.166  1297  3719 D KeyguardStateMonitor: onFingerprintStateChange , false, false, authType:1, result:5
08-04 14:26:58.166  1297  2631 D PowerManagerService: acquire PROXIMITY_SCREEN_OFF_WAKE_LOCK from com.android.dialer
08-04 14:26:58.167  1297  2631 D PowerManagerService: acquire PROXIMITY_SCREEN_OFF_WAKE_LOCK from com.android.dialer
08-04 14:26:58.170  1297  2631 D OPBF    : setCGroupState():uid:10015, tofreeze=false --->>> ok reason:updateSystemUiVisibility cause by uid/pid:10877 for resumeRelateProcess binding service
08-04 14:26:58.170  1297  2631 D PowerManagerService: acquire PROXIMITY_SCREEN_OFF_WAKE_LOCK from com.android.dialer
08-04 14:26:58.173  1297  3719 D PowerManagerService: acquire PROXIMITY_SCREEN_OFF_WAKE_LOCK from com.android.dialer
08-04 14:26:58.177  1297  1391 I WindowManager: All windows ready for display!
08-04 14:26:58.177  1297  1389 W WindowManager: Setting mWindowManagerDrawComplete
08-04 14:26:58.179  1297  3719 D PowerManagerService: acquire PROXIMITY_SCREEN_OFF_WAKE_LOCK from com.android.dialer
08-04 14:26:58.184  1297  1442 I DisplayPowerController: Unblocked screen on after 182 ms
08-04 14:26:58.184  1297  1442 I DisplayPowerController: useProximityForceSuspend = true
08-04 14:26:58.187  1297  1442 I DisplayPowerController: useProximityForceSuspend = true
08-04 14:26:58.188  1297  1442 W PowerManagerService: Screen on took 216 ms
08-04 14:26:58.188  1297  1442 I DreamManagerService: Gently waking up from dream.
08-04 14:26:58.188  1297  1387 I DreamManagerService: Performing gentle wake from dream.
08-04 14:26:58.189  1297  2631 D PowerManagerService: acquire PROXIMITY_SCREEN_OFF_WAKE_LOCK from com.android.dialer
08-04 14:26:58.191  1297  1297 I WindowManager: Finished waking up... (why=ON_BECAUSE_OF_USER)
08-04 14:26:58.191  1297  2631 D OPBF    : setCGroupState():uid:10775, tofreeze=false --->>> ok reason:start perform ordered broadcast for action = android.intent.action.SCREEN_ON
08-04 14:26:58.192  1297  2631 D PowerManagerService: acquire PROXIMITY_SCREEN_OFF_WAKE_LOCK from com.android.dialer
08-04 14:26:58.193  1297  2631 D PowerManagerService: acquire PROXIMITY_SCREEN_OFF_WAKE_LOCK from com.android.dialer
08-04 14:26:58.194  1297  2631 D OPBF    : setCGroupState():uid:10775, tofreeze=false --->>> ok reason:process state change tProcessState:12
08-04 14:26:58.195  1297  2631 D PowerManagerService: acquire PROXIMITY_SCREEN_OFF_WAKE_LOCK from com.android.dialer
08-04 14:26:58.210  1297  3719 D OpFingerprintService: updateStatus , 0
08-04 14:26:58.213  1297  3719 I DreamManagerService: Leaving dreamland.
08-04 14:26:58.213  1297  3719 D PowerManagerService: acquire PROXIMITY_SCREEN_OFF_WAKE_LOCK from com.android.dialer
08-04 14:26:58.213  1297  1387 I DreamManagerService: Performing gentle wake from dream.
08-04 14:26:58.213  1297  1387 I DreamController: Stopping dream: name=ComponentInfo{com.android.systemui/com.android.systemui.doze.DozeService}, isTest=false, canDoze=true, userId=0
08-04 14:26:58.214  1297  1937 D PowerManagerService: acquire PROXIMITY_SCREEN_OFF_WAKE_LOCK from com.android.dialer
08-04 14:26:58.223  1297  4369 D PowerManagerService: acquire PROXIMITY_SCREEN_OFF_WAKE_LOCK from com.android.dialer
08-04 14:26:58.229  1297  1297 I Telecom : CallsManager: onServiceStateChanged networkType: 13
08-04 14:26:58.229  1297  1297 I Telecom : CallsManager: onServiceStateChanged networkType: 13
08-04 14:26:58.233  1297  1297 V OpPowerControllerService: Update mIsAfter1stLightIdle to false
08-04 14:26:58.233  1297  1297 D OPSA    : ======BE_IMFORMED_SCREEN_ON======
08-04 14:26:58.251  1297  2128 D PowerManagerService: acquire PROXIMITY_SCREEN_OFF_WAKE_LOCK from com.android.dialer
08-04 14:26:58.253  1297  2128 I chatty  : uid=1000(system) Binder:1297_6 identical 1 line
08-04 14:26:58.254  1297  2128 D PowerManagerService: acquire PROXIMITY_SCREEN_OFF_WAKE_LOCK from com.android.dialer
08-04 14:26:58.254  1297  9659 D PowerManagerService: acquire PROXIMITY_SCREEN_OFF_WAKE_LOCK from com.android.dialer
08-04 14:26:58.265  1297  3719 W ActivityManager: Background start not allowed: service Intent { act=Orca.PERSISTENT_KICK_SKIP_PING cmp=com.facebook.katana/com.facebook.mqttlite.MqttService (has extras) } to com.facebook.katana/com.facebook.mqttlite.MqttService from pid=26806 uid=10775 pkg=com.facebook.katana startFg?=false
08-04 14:26:58.266  1297  1974 D ConnectivityService: Blocked status changed to false for 10070(6550) on netId 2593
08-04 14:26:58.266  1297  1974 D ConnectivityService: Blocked status changed to false for 10070(6551) on netId 2593
08-04 14:26:58.270  1297  1974 D ConnectivityService: Blocked status changed to false for 10111(6224) on netId 2593
08-04 14:26:58.271  1297  1937 D PowerManagerService: acquire PROXIMITY_SCREEN_OFF_WAKE_LOCK from com.android.dialer
08-04 14:26:58.273  1297  1974 D ConnectivityService: Blocked status changed to false for 10015(6863) on netId 2593
08-04 14:26:58.273  1297  1974 D ConnectivityService: Blocked status changed to false for 10015(6873) on netId 2593
08-04 14:26:58.273  1297  1974 D ConnectivityService: Blocked status changed to false for 10015(6874) on netId 2593
08-04 14:26:58.274  1297  2127 D PowerManagerService: acquire PROXIMITY_SCREEN_OFF_WAKE_LOCK from com.android.dialer
08-04 14:26:58.277  1297  1974 D ConnectivityService: Blocked status changed to false for 10073(6578) on netId 2593
08-04 14:26:58.277  1297  1974 D ConnectivityService: Blocked status changed to false for 10073(6579) on netId 2593
08-04 14:26:58.282  1297  1974 D ConnectivityService: Blocked status changed to false for 10049(6831) on netId 2593
08-04 14:26:58.283  1297  1974 D ConnectivityService: Blocked status changed to false for 10049(6832) on netId 2593
08-04 14:26:58.284  1297  1974 D ConnectivityService: Blocked status changed to false for 10049(6833) on netId 2593
08-04 14:26:58.285  1297  1974 D ConnectivityService: Blocked status changed to false for 10049(6834) on netId 2593
08-04 14:26:58.285  1297  1974 D ConnectivityService: Blocked status changed to false for 10049(6859) on netId 2593
08-04 14:26:58.285  1297  1974 D ConnectivityService: Blocked status changed to false for 10049(6860) on netId 2593
08-04 14:26:58.287  1297  1974 D ConnectivityService: Blocked status changed to false for 10358(6816) on netId 2593
08-04 14:26:58.287  1297  1974 D ConnectivityService: Blocked status changed to false for 10358(6817) on netId 2593
08-04 14:26:58.287  1297  1974 D ConnectivityService: Blocked status changed to false for 10138(6485) on netId 2593
08-04 14:26:58.287  1297  1974 D ConnectivityService: Blocked status changed to false for 10138(6486) on netId 2593
08-04 14:26:58.296  1297  2000 D ConnectivityService: Returning UNBLOCKED NetworkInfo to uid=10111
08-04 14:26:58.296  1297  2631 D PowerManagerService: acquire PROXIMITY_SCREEN_OFF_WAKE_LOCK from com.android.dialer
08-04 14:26:58.297  1297  2000 D PowerManagerService: acquire PROXIMITY_SCREEN_OFF_WAKE_LOCK from com.android.dialer
08-04 14:26:58.301  1297  2128 D PowerManagerService: acquire PROXIMITY_SCREEN_OFF_WAKE_LOCK from com.android.dialer
08-04 14:26:58.302  1297  2631 D OPBF    : setCGroupState():uid:10927, tofreeze=false --->>> ok reason:start perform disordered broadcast for action = android.os.action.LIGHT_DEVICE_IDLE_MODE_CHANGED
08-04 14:26:58.308  1297  2631 D OPBF    : setCGroupState():uid:99826, tofreeze=false --->>> ok reason:notifyIsolatedUids boundUid thawed cause by uid/pid:10927
08-04 14:26:58.308  1297  2631 D PowerManagerService: acquire PROXIMITY_SCREEN_OFF_WAKE_LOCK from com.android.dialer
08-04 14:26:58.308  1297  2631 D PowerManagerService: acquire PROXIMITY_SCREEN_OFF_WAKE_LOCK from com.android.dialer
08-04 14:26:58.310  1297  2631 D OPBF    : setCGroupState():uid:99826, tofreeze=false --->>> ok reason:start perform disordered broadcast for action = android.os.action.LIGHT_DEVICE_IDLE_MODE_CHANGED cause by uid/pid:10927 for resumeRelateProcess binding service
08-04 14:26:58.310  1297  2631 D PowerManagerService: acquire PROXIMITY_SCREEN_OFF_WAKE_LOCK from com.android.dialer
08-04 14:26:58.311  1297  2631 D PowerManagerService: acquire PROXIMITY_SCREEN_OFF_WAKE_LOCK from com.android.dialer
08-04 14:26:58.313  1297  2631 D OPBF    : setCGroupState():uid:99826, tofreeze=false --->>> ok reason:start perform disordered broadcast for action = android.os.action.LIGHT_DEVICE_IDLE_MODE_CHANGED cause by uid/pid:10927 for resumeRelateProcess binding service
08-04 14:26:58.314  1297  2631 D PowerManagerService: acquire PROXIMITY_SCREEN_OFF_WAKE_LOCK from com.android.dialer
08-04 14:26:58.316  1297  2127 D PowerManagerService: acquire PROXIMITY_SCREEN_OFF_WAKE_LOCK from com.android.dialer
08-04 14:26:58.319  1297  8138 D PowerManagerService: acquire PROXIMITY_SCREEN_OFF_WAKE_LOCK from com.android.dialer
08-04 14:26:58.320  1297  3719 D PowerManagerService: acquire PROXIMITY_SCREEN_OFF_WAKE_LOCK from com.android.dialer
08-04 14:26:58.332  1297  2000 D PowerManagerService: acquire PROXIMITY_SCREEN_OFF_WAKE_LOCK from com.android.dialer
08-04 14:26:58.336  1297  9007 D PowerManagerService: acquire PROXIMITY_SCREEN_OFF_WAKE_LOCK from com.android.dialer
08-04 14:26:58.336  1297  3699 D PowerManagerService: acquire PROXIMITY_SCREEN_OFF_WAKE_LOCK from com.android.dialer
08-04 14:26:58.344  1297  3699 D PowerManagerService: acquire PROXIMITY_SCREEN_OFF_WAKE_LOCK from com.android.dialer
08-04 14:26:58.375  1297  2055 D PowerManagerService: acquire PROXIMITY_SCREEN_OFF_WAKE_LOCK from com.android.dialer
08-04 14:26:58.401  1297  8138 D PowerManagerService: acquire PROXIMITY_SCREEN_OFF_WAKE_LOCK from com.android.dialer
08-04 14:26:58.402  1297  8138 D PowerManagerService: acquire PROXIMITY_SCREEN_OFF_WAKE_LOCK from com.android.dialer
08-04 14:26:58.428  1297  1297 W Looper  : Slow dispatch took 112ms main h=com.android.server.job.JobSchedulerService$JobHandler c=null m=1
08-04 14:26:58.429  1297  1297 I Telecom : CallsManager: onServiceStateChanged networkType: 13
08-04 14:26:58.429  1297  1297 I Telecom : CallsManager: onServiceStateChanged networkType: 13
08-04 14:26:58.433  1297  1297 D PowerManagerService: acquire PROXIMITY_SCREEN_OFF_WAKE_LOCK from com.android.dialer
08-04 14:26:58.437  1297  9007 D PowerManagerService: acquire PROXIMITY_SCREEN_OFF_WAKE_LOCK from com.android.dialer
08-04 14:26:58.438  1297  2000 D PowerManagerService: acquire PROXIMITY_SCREEN_OFF_WAKE_LOCK from com.android.dialer
08-04 14:26:58.457  1297  9659 D PowerManagerService: acquire PROXIMITY_SCREEN_OFF_WAKE_LOCK from com.android.dialer
08-04 14:26:58.461  1297  3719 D PowerManagerService: acquire PROXIMITY_SCREEN_OFF_WAKE_LOCK from com.android.dialer
08-04 14:26:58.468  1297  4357 D PowerManagerService: acquire PROXIMITY_SCREEN_OFF_WAKE_LOCK from com.android.dialer
08-04 14:26:58.481  1297  2055 D PowerManagerService: acquire PROXIMITY_SCREEN_OFF_WAKE_LOCK from com.android.dialer
08-04 14:26:58.487  1297  1297 D PowerManagerService: acquire PROXIMITY_SCREEN_OFF_WAKE_LOCK from com.android.dialer
08-04 14:26:58.488  1297  2055 D PowerManagerService: acquire PROXIMITY_SCREEN_OFF_WAKE_LOCK from com.android.dialer
08-04 14:26:58.502  1297  2055 D PowerManagerService: acquire PROXIMITY_SCREEN_OFF_WAKE_LOCK from com.android.dialer
08-04 14:26:58.507  1297  4357 D PowerManagerService: acquire PROXIMITY_SCREEN_OFF_WAKE_LOCK from com.android.dialer
08-04 14:26:58.540  1297  2055 D PowerManagerService: acquire PROXIMITY_SCREEN_OFF_WAKE_LOCK from com.android.dialer
08-04 14:26:58.552  1297  2055 I chatty  : uid=1000(system) SyncManager identical 1 line
08-04 14:26:58.552  1297  2055 D PowerManagerService: acquire PROXIMITY_SCREEN_OFF_WAKE_LOCK from com.android.dialer
08-04 14:26:58.630  1297  2128 W ActivityManager: Permission Denial: Accessing service com.google.android.music/.dial.DialMediaRouteProviderService from pid=6108, uid=10027 that is not exported from uid 10057
08-04 14:26:58.644  1297  2000 W ActivityManager: Background start not allowed: service Intent { act=com.whatsapp.messaging.MessageService.START cmp=com.whatsapp/.messaging.MessageService } to com.whatsapp/.messaging.MessageService from pid=18201 uid=10111 pkg=com.whatsapp startFg?=false
08-04 14:26:58.843  1297  1442 I DisplayPowerController: useProximityForceSuspend = true
08-04 14:26:58.843  1297  1442 I DisplayPowerController: mPowerRequest.useProximitySensor = false, mWaitingForNegativeProximity = true, state = 2
08-04 14:26:58.851  1297  3719 E SparseMappingTable: can't store negative values key=0x5790018 index=0 value=-219322 -- SparseMappingTable.Table{mSequence=75 mParent.mSequence=75 mParent.mLongs.size()=2 mSize=7 mTable=[0x0/0x0/0x4d3, 0x2/0x0/0x4d2, 0x4/0x0/0x4d4, 0x14/0x0/0x5a8, 0x16/0x0/0x59e, 0x17/0x0/0x5a7, 0x18/0x0/0x579, 0x0/0x0/0x0, 0x0/0x0/0x0] clazz=com.android.internal.app.procstats.DurationsTable}
08-04 14:26:58.851  1297  3719 E SparseMappingTable: java.lang.RuntimeException: Stack trace
08-04 14:26:58.851  1297  3719 E SparseMappingTable: 	at com.android.internal.app.procstats.SparseMappingTable.logOrThrow(SparseMappingTable.java:657)
08-04 14:26:58.851  1297  3719 E SparseMappingTable: 	at com.android.internal.app.procstats.SparseMappingTable.access$400(SparseMappingTable.java:46)
08-04 14:26:58.851  1297  3719 E SparseMappingTable: 	at com.android.internal.app.procstats.SparseMappingTable$Table.setValue(SparseMappingTable.java:286)
08-04 14:26:58.851  1297  3719 E SparseMappingTable: 	at com.android.internal.app.procstats.SparseMappingTable$Table.setValue(SparseMappingTable.java:271)
08-04 14:26:58.851  1297  3719 E SparseMappingTable: 	at com.android.internal.app.procstats.DurationsTable.addDuration(DurationsTable.java:49)
08-04 14:26:58.851  1297  3719 E SparseMappingTable: 	at com.android.internal.app.procstats.ServiceState.setForeground(ServiceState.java:380)
08-04 14:26:58.851  1297  3719 E SparseMappingTable: 	at com.android.server.am.ActiveServices.setServiceForegroundInnerLocked(ActiveServices.java:1565)
08-04 14:26:58.851  1297  3719 E SparseMappingTable: 	at com.android.server.am.ActiveServices.setServiceForegroundLocked(ActiveServices.java:1049)
08-04 14:26:58.851  1297  3719 E SparseMappingTable: 	at com.android.server.am.ActivityManagerService.setServiceForeground(ActivityManagerService.java:15161)
08-04 14:26:58.851  1297  3719 E SparseMappingTable: 	at android.app.IActivityManager$Stub.onTransact(IActivityManager.java:2833)
08-04 14:26:58.851  1297  3719 E SparseMappingTable: 	at com.android.server.am.ActivityManagerService.onTransact(ActivityManagerService.java:3005)
08-04 14:26:58.851  1297  3719 E SparseMappingTable: 	at android.os.Binder.execTransactInternal(Binder.java:1032)
08-04 14:26:58.851  1297  3719 E SparseMappingTable: 	at android.os.Binder.execTransact(Binder.java:1005)
08-04 14:26:58.881  1297  3719 I Telecom : Event: RecordEntry TC@132: REQUEST_DISCONNECT, internal: ICA.dC(InCall package: com.android.dialer)@MF8
08-04 14:26:58.882  1297  3719 I Telecom : Call: Send disconnect to connection service for call: [TC@132, ACTIVE, com.android.phone/com.android.services.telephony.TelephonyConnectionService, tel:*************, A, childs(0), has_parent(false), [Capabilities: CAPABILITY_HOLD CAPABILITY_SUPPORT_HOLD CAPABILITY_MUTE], [Properties: PROPERTY_HIGH_DEF_AUDIO PROPERTY_WIFI]]: ICA.dC(InCall package: com.android.dialer)@MF8
08-04 14:26:58.882  1297  3719 I Telecom : ConnectionServiceWrapper: disconnect callId: TC@132_1: ICA.dC(InCall package: com.android.dialer)@MF8
08-04 14:26:58.893  1297  4357 E OPBF    : mImportantUids change mLastImportantUids =[10119, 10670] mImportantUids = [10119, 10670, 10111]
08-04 14:26:58.923  1297  3719 I Telecom : InCallController: Sending updateCall [TC@132, ACTIVE, com.android.phone/com.android.services.telephony.TelephonyConnectionService, tel:*************, A, childs(0), has_parent(false), [Capabilities: CAPABILITY_HOLD CAPABILITY_SUPPORT_HOLD CAPABILITY_MUTE], [Properties: PROPERTY_HIGH_DEF_AUDIO PROPERTY_WIFI]]: CSW.sSH@MGA
08-04 14:26:58.923  1297  3719 I Telecom : InCallController: Components updated: [ComponentInfo{com.android.dialer/com.android.incallui.InCallServiceImpl}]: CSW.sSH@MGA
08-04 14:26:58.928  2665  2665 I Telephony: GsmConnection: isAddParticipantCapable: isCapable = false
08-04 14:26:58.929  1297  8138 W Telecom : Call: setConnectionCapabilities: attempt to set connection as video capable when not supported by the phone account.: CSW.sCC@MGE
08-04 14:26:58.929  1297  8138 I Telecom : InCallController: Sending updateCall [TC@132, ACTIVE, com.android.phone/com.android.services.telephony.TelephonyConnectionService, tel:*************, A, childs(0), has_parent(false), [Capabilities: CAPABILITY_HOLD CAPABILITY_SUPPORT_HOLD CAPABILITY_MUTE], [Properties: PROPERTY_HIGH_DEF_AUDIO PROPERTY_WIFI]]: CSW.sCC@MGE
08-04 14:26:58.930  1297  8138 I Telecom : InCallController: Components updated: [ComponentInfo{com.android.dialer/com.android.incallui.InCallServiceImpl}]: CSW.sCC@MGE
08-04 14:26:58.931  1297  8138 I Telecom : Event: RecordEntry TC@132: CAPABILITY_CHANGE, Current: [[ hld sup_hld mut]], Removed [[]], Added [[]]: CSW.sCC@MGE
08-04 14:26:58.932  2665  2665 I Telephony: GsmConnection: isAddParticipantCapable: isCapable = false
08-04 14:26:58.934  1297  9659 E OPBF    : mImportantUids change mLastImportantUids =[10119, 10670, 10111] mImportantUids = [10119, 10670]
08-04 14:26:58.951  1297  8138 I Telecom : InCallController: Sending updateCall [TC@132, ACTIVE, com.android.phone/com.android.services.telephony.TelephonyConnectionService, tel:*************, A, childs(0), has_parent(false), [Capabilities: CAPABILITY_HOLD CAPABILITY_SUPPORT_HOLD CAPABILITY_MUTE], [Properties: PROPERTY_HIGH_DEF_AUDIO PROPERTY_WIFI]]: CSW.rE@MGQ
08-04 14:26:58.951  1297  8138 I Telecom : InCallController: Components updated: [ComponentInfo{com.android.dialer/com.android.incallui.InCallServiceImpl}]: CSW.rE@MGQ
08-04 14:26:59.004  1297  4357 D OpQuickReply: setQuickReplyResumed focusedApp AppWindowToken{2a6e93f token=Token{f5815e ActivityRecord{c02fa99 u0 com.android.dialer/com.oneplus.contacts.activities.OPDialtactsActivity t633}}} pkgName com.android.dialer
08-04 14:26:59.010  1297  1391 D OpRestartProcessManager: Duration is too short, ignore : 943 in com.android.dialer
08-04 14:26:59.014  1297  4357 D OpQuickReply: setQuickReplyResumed focusedApp AppWindowToken{2a6e93f token=Token{f5815e ActivityRecord{c02fa99 u0 com.android.dialer/com.oneplus.contacts.activities.OPDialtactsActivity t633}}} pkgName com.android.dialer
08-04 14:26:59.015  1297  4357 I OemSceneModeAmHelper: [scene] handleShowOrOccludedChanged showing false, occluded false
08-04 14:26:59.019  1297  1391 D OpRestartProcessManager: updateSelf :  com.android.dialer, size : 30
08-04 14:26:59.057  1297  3719 I Telecom : InCallController: Sending updateCall [TC@132, ACTIVE, com.android.phone/com.android.services.telephony.TelephonyConnectionService, tel:*************, A, childs(0), has_parent(false), [Capabilities: CAPABILITY_HOLD CAPABILITY_SUPPORT_HOLD CAPABILITY_MUTE], [Properties: PROPERTY_HIGH_DEF_AUDIO PROPERTY_WIFI]]: CSW.pE@MGs
08-04 14:26:59.057  1297  3719 I Telecom : InCallController: Components updated: [ComponentInfo{com.android.dialer/com.android.incallui.InCallServiceImpl}]: CSW.pE@MGs
08-04 14:26:59.058  2665  2665 I Telephony: GsmConnection: isAddParticipantCapable: isCapable = false
08-04 14:26:59.062  2665 29404 I Telephony: : onDisconnect: callId=TC@132_1, cause=LOCAL
08-04 14:26:59.068  2665  2665 I Telephony: GsmConnection: isAddParticipantCapable: isCapable = false
08-04 14:26:59.068  2665  2665 I Telephony: GsmConnection: isAddParticipantCapable: isCapable = false
08-04 14:26:59.072  1297  2000 I Telecom : InCallController: Sending updateCall [TC@132, ACTIVE, com.android.phone/com.android.services.telephony.TelephonyConnectionService, tel:*************, A, childs(0), has_parent(false), [Capabilities: CAPABILITY_HOLD CAPABILITY_SUPPORT_HOLD CAPABILITY_MUTE], [Properties: PROPERTY_HIGH_DEF_AUDIO PROPERTY_WIFI]]: CSW.sSH@MG4
08-04 14:26:59.072  1297  2000 I Telecom : InCallController: Components updated: [ComponentInfo{com.android.dialer/com.android.incallui.InCallServiceImpl}]: CSW.sSH@MG4
08-04 14:26:59.073  1297  9659 I Telecom : CallsManager: setCallState ACTIVE -> DISCONNECTED, call: [TC@132, ACTIVE, com.android.phone/com.android.services.telephony.TelephonyConnectionService, tel:*************, A, childs(0), has_parent(false), [Capabilities: CAPABILITY_HOLD CAPABILITY_SUPPORT_HOLD CAPABILITY_MUTE], [Properties: PROPERTY_HIGH_DEF_AUDIO PROPERTY_WIFI]]: CSW.sDc@MHI
08-04 14:26:59.074  1297  9659 I Telecom : Event: RecordEntry TC@132: SET_DISCONNECTED, disconnected set explicitly> DisconnectCause [ Code: (LOCAL) Label: () Description: () Reason: (LOCAL) Tone: (27) ]: CSW.sDc@MHI
08-04 14:26:59.074  1297  9659 I Telecom : BluetoothPhoneService: onCallStateChanged oldState: 5 newState 7: CSW.sDc@MHI
08-04 14:26:59.074  1297  9659 I Telecom : CallLogManager: shouldLogDisconnectedCall: true: CSW.sDc@MHI
08-04 14:26:59.087  1297  9659 W ContextImpl: Calling a method in the system process without a qualified user: android.app.ContextImpl.sendBroadcast:1084 android.content.ContextWrapper.sendBroadcast:453 com.android.server.telecom.CallLogManager.sendAddCallBroadcast:656 com.android.server.telecom.CallLogManager.logCall:420 com.android.server.telecom.CallLogManager.logCall:350 
08-04 14:26:59.088  1297  9659 I Telecom : IncomingCallNotifier: updateIncomingCall: foundIncomingcall = null: CSW.sDc@MHI
08-04 14:26:59.088  1297  9659 I Telecom : InCallController: Sending updateCall [TC@132, DISCONNECTED, com.android.phone/com.android.services.telephony.TelephonyConnectionService, tel:*************, A, childs(0), has_parent(false), [Capabilities: CAPABILITY_HOLD CAPABILITY_SUPPORT_HOLD CAPABILITY_MUTE], [Properties: PROPERTY_HIGH_DEF_AUDIO PROPERTY_WIFI]]: CSW.sDc@MHI
08-04 14:26:59.088  1297 15837 I Telecom : CallLogManager: addCall calltype is: 2
08-04 14:26:59.088  1297 15837 I Telecom : CallLogManager: addCall number is: ***
08-04 14:26:59.089  1297  9659 I Telecom : InCallController: Components updated: [ComponentInfo{com.android.dialer/com.android.incallui.InCallServiceImpl}]: CSW.sDc@MHI
08-04 14:26:59.089  1297  2726 I Telecom : CallAudioRouteStateMachine: Message received: UPDATE_SYSTEM_AUDIO_ROUTE=1201, arg1=0: CSW.sDc->CARSM.pM_UPDATE_SYSTEM_AUDIO_ROUTE@MHI
08-04 14:26:59.089  1297  2726 I Telecom : ActiveEarpieceRoute: Processing message UPDATE_SYSTEM_AUDIO_ROUTE: CSW.sDc->CARSM.pM_UPDATE_SYSTEM_AUDIO_ROUTE@MHI
08-04 14:26:59.089  1297  2726 I Telecom : BluetoothRouteManager: getBluetoothAudioConnectedDevice: no service available.: CSW.sDc->CARSM.pM_UPDATE_SYSTEM_AUDIO_ROUTE@MHI
08-04 14:26:59.089  1297  2729 I Telecom : CallAudioModeStateMachine: Message received: TONE_STARTED_PLAYING.: CSW.sDc->CAMSM.pM_3001@MHI
08-04 14:26:59.090  1297  9659 I Telecom : CallAudioManager: is ConfURI call disconnected = false call = [TC@132, DISCONNECTED, com.android.phone/com.android.services.telephony.TelephonyConnectionService, tel:*************, A, childs(0), has_parent(false), [Capabilities: CAPABILITY_HOLD CAPABILITY_SUPPORT_HOLD CAPABILITY_MUTE], [Properties: PROPERTY_HIGH_DEF_AUDIO PROPERTY_WIFI]]: CSW.sDc@MHI
08-04 14:26:59.090  1297  9659 I Telecom : CallAudioManager: onCallLeavingActiveDialingOrConnecting size is 0: CSW.sDc@MHI
08-04 14:26:59.090  1297  2723 I Telecom : BluetoothRouteManager: Message received: GET_CURRENT_STATE.: CSW.sDc->ICTP.r->BRM.pM_400@MHI
08-04 14:26:59.090  1297 30029 I Telecom : InCallTonePlayer: playMediaTone: toneResourceId=2131689472: CSW.sDc->ICTP.r@MHI
08-04 14:26:59.091  1297  2729 I Telecom : CallAudioModeStateMachine: Message received: NO_MORE_ACTIVE_OR_DIALING_CALLS.: CSW.sDc->CAMSM.pM_1001@MHI
08-04 14:26:59.091  1297  2729 I Telecom : CallAudioModeStateMachine: Audio focus entering TONE/HOLDING state: CSW.sDc->CAMSM.pM_1001@MHI
08-04 14:26:59.104  1297  9659 I Telecom : PhoneStateBroadcaster: Broadcasted state change: 0: CSW.sDc@MHI
08-04 14:26:59.104  1297  1408 W BroadcastQueue: Permission Denial: receiving Intent { act=android.intent.action.PHONE_STATE flg=0x1000010 (has extras) } to ProcessRecord{a083468 2107:com.android.systemui/u0a19} (pid=2107, uid=10019) requires android.permission.READ_PHONE_STATE due to sender android (uid 1000)
08-04 14:26:59.104  1297  1408 I chatty  : uid=1000(system) ActivityManager identical 1 line
08-04 14:26:59.104  1297  1408 W BroadcastQueue: Permission Denial: receiving Intent { act=android.intent.action.PHONE_STATE flg=0x1000010 (has extras) } to ProcessRecord{a083468 2107:com.android.systemui/u0a19} (pid=2107, uid=10019) requires android.permission.READ_PHONE_STATE due to sender android (uid 1000)
08-04 14:26:59.105  1297  1408 W BroadcastQueue: Permission Denial: receiving Intent { act=android.intent.action.PHONE_STATE flg=0x1000010 (has extras) } to ProcessRecord{45dde67 23552:net.oneplus.launcher/u0a58} (pid=23552, uid=10058) requires android.permission.READ_PHONE_STATE due to sender android (uid 1000)
