08-04 14:26:59.105  1297  1408 W BroadcastQueue: Permission Denial: receiving Intent { act=android.intent.action.PHONE_STATE flg=0x1000010 (has extras) } to ProcessRecord{a083468 2107:com.android.systemui/u0a19} (pid=2107, uid=10019) requires android.permission.READ_PHONE_STATE due to sender android (uid 1000)
08-04 14:26:59.105  1297  1408 I chatty  : uid=1000(system) ActivityManager identical 1 line
08-04 14:26:59.105  1297  1408 W BroadcastQueue: Permission Denial: receiving Intent { act=android.intent.action.PHONE_STATE flg=0x1000010 (has extras) } to ProcessRecord{a083468 2107:com.android.systemui/u0a19} (pid=2107, uid=10019) requires android.permission.READ_PHONE_STATE due to sender android (uid 1000)
08-04 14:26:59.107  1297  9659 I Telecom : TelecomWakeLock: WakeLock already released with id: 26: CSW.sDc@MHI
08-04 14:26:59.107  1297  9659 I Telecom : InCallWakeLockController: Releasing full wake lock: CSW.sDc@MHI
08-04 14:26:59.107  1297  2726 I Telecom : CallAudioRouteStateMachine: setSystemAudioState: changing from [AudioState isMuted: false, route: EARPIECE, supportedRouteMask: EARPIECE, SPEAKER, activeBluetoothDevice: [null], supportedBluetoothDevices: []] to [AudioState isMuted: false, route: EARPIECE, supportedRouteMask: EARPIECE, SPEAKER, activeBluetoothDevice: [null], supportedBluetoothDevices: []]: CSW.sDc->CARSM.pM_UPDATE_SYSTEM_AUDIO_ROUTE@MHI
08-04 14:26:59.107  1297  2726 I Telecom : InCallController: Calling onAudioStateChanged, audioState: [AudioState isMuted: false, route: EARPIECE, supportedRouteMask: EARPIECE, SPEAKER, activeBluetoothDevice: [null], supportedBluetoothDevices: []] -> [AudioState isMuted: false, route: EARPIECE, supportedRouteMask: EARPIECE, SPEAKER, activeBluetoothDevice: [null], supportedBluetoothDevices: []]: CSW.sDc->CARSM.pM_UPDATE_SYSTEM_AUDIO_ROUTE@MHI
08-04 14:26:59.108  1297  1408 W BroadcastQueue: Permission Denial: receiving Intent { act=android.intent.action.PHONE_STATE flg=0x1000010 (has extras) } to ProcessRecord{45dde67 23552:net.oneplus.launcher/u0a58} (pid=23552, uid=10058) requires android.permission.READ_PHONE_STATE due to sender android (uid 1000)
08-04 14:26:59.126  1297  1297 I Telecom : ConnectionServiceWrapper: Service unbound ComponentInfo{com.android.phone/com.android.services.telephony.TelephonyConnectionService}, from unbind.: CSW.rC->CM.mCAR@MHY
08-04 14:26:59.134  1297  2631 D OPBF    : setCGroupState():uid:10358, tofreeze=false --->>> ok reason:start perform disordered broadcast for action = android.media.VOLUME_CHANGED_ACTION
08-04 14:26:59.142  1297  1297 I Telecom : CallsManager: handleConnectionServiceDeath: service [ConnectionServiceWrapper componentName=ComponentInfo{com.android.phone/com.android.services.telephony.TelephonyConnectionService}] died: CSW.rC->CM.mCAR@MHY
08-04 14:26:59.145  1297  1297 I Telecom : Event: RecordEntry TC@132: DESTROYED, null: CSW.rC->CM.mCAR@MHY
08-04 14:26:59.145  1297  1297 I Telecom : ProximitySensorManager: All calls removed, resetting proximity sensor to default state: CSW.rC->CM.mCAR@MHY
08-04 14:26:59.145  1297  1297 I Telecom : TelecomWakeLock: WakeLock already released with id: 32: CSW.rC->CM.mCAR@MHY
08-04 14:26:59.145  1297  1297 I Telecom : IncomingCallNotifier: updateIncomingCall: foundIncomingcall = null: CSW.rC->CM.mCAR@MHY
08-04 14:26:59.146  1297  1297 I Telecom : InCallController: onCallRemoved: [TC@132, DISCONNECTED, null, tel:*************, A, childs(0), has_parent(false), [Capabilities: CAPABILITY_HOLD CAPABILITY_SUPPORT_HOLD CAPABILITY_MUTE], [Properties: PROPERTY_HIGH_DEF_AUDIO PROPERTY_WIFI]]: CSW.rC->CM.mCAR@MHY
08-04 14:26:59.146  1297  1297 I Telecom : CallAudioManager: removeCall the mCalls size is 0: CSW.rC->CM.mCAR@MHY
08-04 14:26:59.146  1297  1297 I Telecom : TelecomWakeLock: WakeLock already released with id: 26: CSW.rC->CM.mCAR@MHY
08-04 14:26:59.146  1297  1297 I Telecom : InCallWakeLockController: Releasing full wake lock: CSW.rC->CM.mCAR@MHY
08-04 14:26:59.191  1297  2726 I Telecom : CallAudioRouteStateMachine: Message received: SWITCH_FOCUS=4001, arg1=2: CSW.sDc->CAMSM.pM_1001->CARSM.pM_SWITCH_FOCUS@MHI
08-04 14:26:59.191  1297  2726 I Telecom : ActiveEarpieceRoute: Processing message SWITCH_FOCUS: CSW.sDc->CAMSM.pM_1001->CARSM.pM_SWITCH_FOCUS@MHI
08-04 14:26:59.211  1297  9659 W BroadcastQueue: Permission Denial: receiving Intent { act=android.intent.action.PHONE_STATE flg=0x1000010 (has extras) } to com.fitbit.FitbitMobile/com.fitbit.device.notifications.listener.calls.PhoneCallReceiver requires android.permission.READ_PRIVILEGED_PHONE_STATE due to sender android (uid 1000)
08-04 14:26:59.220  1297  1408 W BroadcastQueue: Permission Denial: receiving Intent { act=android.intent.action.PHONE_STATE flg=0x1000010 (has extras) } to com.graymatrix.did/com.zee5.zee5playerplugin.broadcasts.CallReceiver requires android.permission.READ_PRIVILEGED_PHONE_STATE due to sender android (uid 1000)
08-04 14:26:59.220  1297  1408 W BroadcastQueue: Permission Denial: receiving Intent { act=android.intent.action.PHONE_STATE flg=0x1000010 (has extras) } to com.microsoft.android.smsorganizer/.PhoneCallStateBroadcastReceiver requires android.permission.READ_PRIVILEGED_PHONE_STATE due to sender android (uid 1000)
08-04 14:26:59.244  1297  3719 W BroadcastQueue: Permission Denial: receiving Intent { act=android.intent.action.PHONE_STATE flg=0x1000010 (has extras) } to com.graymatrix.did/com.zee5.zee5playerplugin.broadcasts.CallReceiver requires android.permission.READ_PHONE_STATE due to sender android (uid 1000)
08-04 14:26:59.312  1297  3719 W BroadcastQueue: Permission Denial: receiving Intent { act=android.intent.action.PHONE_STATE flg=0x1000010 (has extras) } to com.graymatrix.did/com.zee5.zee5playerplugin.broadcasts.CallReceiver requires android.permission.READ_PHONE_STATE due to sender android (uid 1000)
08-04 14:26:59.320  1297  1408 W BroadcastQueue: Permission Denial: receiving Intent { act=android.intent.action.PHONE_STATE flg=0x1000010 (has extras) } to com.microsoft.android.smsorganizer/.PhoneCallStateBroadcastReceiver requires android.permission.READ_CALL_LOG due to sender android (uid 1000)
08-04 14:26:59.352  1297  1885 V AlarmManager: Triggering alarm #0: 2 when =1095709246 package =com.google.android.gms operation =*walarm*:CONTEXT_MANAGER_ALARM_WAKEUP flags =0x1
08-04 14:26:59.395  1297  9007 W ActivityManager: Unable to start service Intent { act=android.intent.action.VIEW dat=content://com.android.contacts/raw_contacts/11923 typ=vnd.android.cursor.item/raw_contact flg=0x1 cmp=com.google.android.syncadapters.contacts/.SyncHighResPhotoIntentService } U=0: not found
08-04 14:26:59.397  1297  9007 W ActivityManager: Unable to start service Intent { act=android.intent.action.VIEW dat=content://com.android.contacts/raw_contacts/11923 typ=vnd.android.cursor.item/raw_contact flg=0x1 cmp=com.google.android.syncadapters.contacts/.SyncHighResPhotoIntentService } U=0: not found
08-04 14:26:59.398  1297  9007 W ActivityManager: Unable to start service Intent { act=android.intent.action.VIEW dat=content://com.android.contacts/raw_contacts/11880 typ=vnd.android.cursor.item/raw_contact flg=0x1 cmp=com.google.android.syncadapters.contacts/.SyncHighResPhotoIntentService } U=0: not found
08-04 14:26:59.399  1297  8138 W ActivityManager: Unable to start service Intent { act=android.intent.action.VIEW dat=content://com.android.contacts/raw_contacts/11924 typ=vnd.android.cursor.item/raw_contact flg=0x1 cmp=com.google.android.syncadapters.contacts/.SyncHighResPhotoIntentService } U=0: not found
08-04 14:26:59.401  1297  8138 W ActivityManager: Unable to start service Intent { act=android.intent.action.VIEW dat=content://com.android.contacts/raw_contacts/11920 typ=vnd.android.cursor.item/raw_contact flg=0x1 cmp=com.google.android.syncadapters.contacts/.SyncHighResPhotoIntentService } U=0: not found
08-04 14:26:59.402  1297  8138 W ActivityManager: Unable to start service Intent { act=android.intent.action.VIEW dat=content://com.android.contacts/raw_contacts/11752 typ=vnd.android.cursor.item/raw_contact flg=0x1 cmp=com.google.android.syncadapters.contacts/.SyncHighResPhotoIntentService } U=0: not found
08-04 14:26:59.405  1297  8138 W ActivityManager: Unable to start service Intent { act=android.intent.action.VIEW dat=content://com.android.contacts/raw_contacts/11887 typ=vnd.android.cursor.item/raw_contact flg=0x1 cmp=com.google.android.syncadapters.contacts/.SyncHighResPhotoIntentService } U=0: not found
08-04 14:26:59.406  1297  8138 W ActivityManager: Unable to start service Intent { act=android.intent.action.VIEW dat=content://com.android.contacts/raw_contacts/11797 typ=vnd.android.cursor.item/raw_contact flg=0x1 cmp=com.google.android.syncadapters.contacts/.SyncHighResPhotoIntentService } U=0: not found
08-04 14:26:59.407  1297  8138 W ActivityManager: Unable to start service Intent { act=android.intent.action.VIEW dat=content://com.android.contacts/raw_contacts/11948 typ=vnd.android.cursor.item/raw_contact flg=0x1 cmp=com.google.android.syncadapters.contacts/.SyncHighResPhotoIntentService } U=0: not found
08-04 14:26:59.407  1297  8138 W ActivityManager: Unable to start service Intent { act=android.intent.action.VIEW dat=content://com.android.contacts/raw_contacts/11949 typ=vnd.android.cursor.item/raw_contact flg=0x1 cmp=com.google.android.syncadapters.contacts/.SyncHighResPhotoIntentService } U=0: not found
08-04 14:26:59.410  1297  8138 W ActivityManager: Unable to start service Intent { act=android.intent.action.VIEW dat=content://com.android.contacts/raw_contacts/11952 typ=vnd.android.cursor.item/raw_contact flg=0x1 cmp=com.google.android.syncadapters.contacts/.SyncHighResPhotoIntentService } U=0: not found
08-04 14:26:59.429  1297  1442 D AutomaticBrightnessController: setAmbientLux(125.0)
08-04 14:26:59.437  1297  1334 W ActivityManager: Unable to start service Intent { act=android.intent.action.VIEW dat=content://com.android.contacts/raw_contacts/11923 typ=vnd.android.cursor.item/raw_contact flg=0x1 cmp=com.google.android.syncadapters.contacts/.SyncHighResPhotoIntentService } U=0: not found
08-04 14:26:59.439  1297  9659 W ActivityManager: Unable to start service Intent { act=android.intent.action.VIEW dat=content://com.android.contacts/raw_contacts/11797 typ=vnd.android.cursor.item/raw_contact flg=0x1 cmp=com.google.android.syncadapters.contacts/.SyncHighResPhotoIntentService } U=0: not found
08-04 14:26:59.441  1297  9007 W ActivityManager: Unable to start service Intent { act=android.intent.action.VIEW dat=content://com.android.contacts/raw_contacts/11887 typ=vnd.android.cursor.item/raw_contact flg=0x1 cmp=com.google.android.syncadapters.contacts/.SyncHighResPhotoIntentService } U=0: not found
08-04 14:26:59.443  1297  9007 W ActivityManager: Unable to start service Intent { act=android.intent.action.VIEW dat=content://com.android.contacts/raw_contacts/11923 typ=vnd.android.cursor.item/raw_contact flg=0x1 cmp=com.google.android.syncadapters.contacts/.SyncHighResPhotoIntentService } U=0: not found
08-04 14:26:59.445  1297  2128 W ActivityManager: Unable to start service Intent { act=android.intent.action.VIEW dat=content://com.android.contacts/raw_contacts/11752 typ=vnd.android.cursor.item/raw_contact flg=0x1 cmp=com.google.android.syncadapters.contacts/.SyncHighResPhotoIntentService } U=0: not found
08-04 14:26:59.446  1297  2128 W ActivityManager: Unable to start service Intent { act=android.intent.action.VIEW dat=content://com.android.contacts/raw_contacts/11920 typ=vnd.android.cursor.item/raw_contact flg=0x1 cmp=com.google.android.syncadapters.contacts/.SyncHighResPhotoIntentService } U=0: not found
08-04 14:26:59.449  1297  9007 W ActivityManager: Unable to start service Intent { act=android.intent.action.VIEW dat=content://com.android.contacts/raw_contacts/11924 typ=vnd.android.cursor.item/raw_contact flg=0x1 cmp=com.google.android.syncadapters.contacts/.SyncHighResPhotoIntentService } U=0: not found
08-04 14:26:59.451  1297  4357 W ActivityManager: Unable to start service Intent { act=android.intent.action.VIEW dat=content://com.android.contacts/raw_contacts/11880 typ=vnd.android.cursor.item/raw_contact flg=0x1 cmp=com.google.android.syncadapters.contacts/.SyncHighResPhotoIntentService } U=0: not found
08-04 14:26:59.452  1297  4357 W ActivityManager: Unable to start service Intent { act=android.intent.action.VIEW dat=content://com.android.contacts/raw_contacts/11948 typ=vnd.android.cursor.item/raw_contact flg=0x1 cmp=com.google.android.syncadapters.contacts/.SyncHighResPhotoIntentService } U=0: not found
08-04 14:26:59.452  1297  2127 W ActivityManager: Unable to start service Intent { act=android.intent.action.VIEW dat=content://com.android.contacts/raw_contacts/11949 typ=vnd.android.cursor.item/raw_contact flg=0x1 cmp=com.google.android.syncadapters.contacts/.SyncHighResPhotoIntentService } U=0: not found
08-04 14:26:59.454  1297  4357 W ActivityManager: Unable to start service Intent { act=android.intent.action.VIEW dat=content://com.android.contacts/raw_contacts/11952 typ=vnd.android.cursor.item/raw_contact flg=0x1 cmp=com.google.android.syncadapters.contacts/.SyncHighResPhotoIntentService } U=0: not found
08-04 14:26:59.487  1297  1442 D AutomaticBrightnessController: setAmbientLux(146.0)
08-04 14:26:59.545  1297  1442 D AutomaticBrightnessController: setAmbientLux(162.0)
08-04 14:27:00.000  1297  1885 V AlarmManager: Triggering alarm #0: 3 when =1095709894 package =android operation = null listenTag =TIME_TICK flags =0x1
08-04 14:27:00.123  1297  1297 I Telecom : InCallTonePlayer: playMediaTone: toneResourceId=2131689472 completed.
08-04 14:27:00.123  1297  1297 I Telecom : InCallTonePlayer: onCompletion mToneMediaPlayer: com.android.server.telecom.InCallTonePlayer$MediaPlayerAdapterImpl@c105409
08-04 14:27:00.169  1297 30029 I Telecom : InCallTonePlayer: after countDown mToneMediaPlayer: null: CSW.sDc->ICTP.r@MHI
08-04 14:27:00.169  1297  2729 I Telecom : CallAudioModeStateMachine: Message received: TONE_STOPPED_PLAYING.: CSW.sDc->ICTP.r->ICTP.cUTP->CAMSM.pM_3002@MHI
08-04 14:27:00.169  1297  2729 I Telecom : CallAudioModeStateMachine: Abandoning audio focus: now UNFOCUSED: CSW.sDc->ICTP.r->ICTP.cUTP->CAMSM.pM_3002@MHI
08-04 14:27:00.309  1297  1998 I OpAudioMonitor: loadVolumeIndex current index/device/streamType < 0 or lapse <= 60, skip!
08-04 14:27:00.338  1297  2726 I Telecom : CallAudioRouteStateMachine: Message received: SWITCH_FOCUS=4001, arg1=1: CSW.sDc->ICTP.r->ICTP.cUTP->CAMSM.pM_3002->CARSM.pM_SWITCH_FOCUS@MHI
08-04 14:27:00.338  1297  2726 I Telecom : ActiveEarpieceRoute: Processing message SWITCH_FOCUS: CSW.sDc->ICTP.r->ICTP.cUTP->CAMSM.pM_3002->CARSM.pM_SWITCH_FOCUS@MHI
08-04 14:27:00.338  1297  2726 I Telecom : CallAudioRouteStateMachine: turning speaker phone false: CSW.sDc->ICTP.r->ICTP.cUTP->CAMSM.pM_3002->CARSM.pM_SWITCH_FOCUS@MHI
08-04 14:27:00.340  1297  2726 I Telecom : Logging.Events: Non-call EVENT: UNMUTE, null: CSW.sDc->ICTP.r->ICTP.cUTP->CAMSM.pM_3002->CARSM.pM_SWITCH_FOCUS@MHI
08-04 14:27:00.341  1297  2726 I Telecom : CallAudioRouteStateMachine: setSystemAudioState: changing from [AudioState isMuted: false, route: EARPIECE, supportedRouteMask: EARPIECE, SPEAKER, activeBluetoothDevice: [null], supportedBluetoothDevices: []] to [AudioState isMuted: false, route: EARPIECE, supportedRouteMask: EARPIECE, SPEAKER, activeBluetoothDevice: [null], supportedBluetoothDevices: []]: CSW.sDc->ICTP.r->ICTP.cUTP->CAMSM.pM_3002->CARSM.pM_SWITCH_FOCUS@MHI
08-04 14:27:00.341  1297  2726 I Telecom : Logging.Events: Non-call EVENT: AUDIO_ROUTE, Leaving state ActiveEarpieceRoute: CSW.sDc->ICTP.r->ICTP.cUTP->CAMSM.pM_3002->CARSM.pM_SWITCH_FOCUS@MHI
08-04 14:27:00.341  1297  2726 I Telecom : Logging.Events: Non-call EVENT: AUDIO_ROUTE, Entering state QuiescentEarpieceRoute: CSW.sDc->ICTP.r->ICTP.cUTP->CAMSM.pM_3002->CARSM.pM_SWITCH_FOCUS@MHI
08-04 14:27:00.341  1297  2726 I Telecom : BluetoothRouteManager: getBluetoothAudioConnectedDevice: no service available.: CSW.sDc->ICTP.r->ICTP.cUTP->CAMSM.pM_3002->CARSM.pM_SWITCH_FOCUS@MHI
08-04 14:27:01.140  1297  1413 E BatteryExternalStatsWorker: no controller energy info supplied for bluetooth
08-04 14:27:01.147  1297  1297 I Telecom : EmergencyInCallServiceConnection: Disconnect forced!: CSW.rC->CM.mCAR->ICC.oCR@MHY
08-04 14:27:01.180  1297  1407 D ExtBatteryStatsService: @@@@ awaitUninterruptibly in 68 ms
08-04 14:27:01.183  1297  1407 D ExtBatteryStatsService: ext-flush too soon, skip
08-04 14:27:01.184  1297  1407 D ExtBatteryStatsService: ext-flush too soon, skip
08-04 14:27:02.273  1297  1885 V AlarmManager: Triggering alarm #0: 2 when =1095712167 package =android operation = null listenTag =*job.delay* flags =0x0
08-04 14:27:02.282  1297  1297 E OPBF    : mImportantUids change mLastImportantUids =[10119, 10670] mImportantUids = [10119, 10138, 10670]
08-04 14:27:02.313  1297  8138 E OPBF    : mImportantUids change mLastImportantUids =[10119, 10138, 10670] mImportantUids = [10119, 10670]
08-04 14:27:03.014  1297  1442 D AutomaticBrightnessController: updateAmbientLux: Darkened: mBrighteningLuxThreshold=178.2, mDarkeningLuxThreshold=129.6, mAmbientLightRingBuffer=[74.0 / 46ms, 81.0 / 116ms, 89.0 / 183ms, 97.0 / 288ms, 105.0 / 523ms, 95.0 / 234ms, 125.0 / 57ms, 146.0 / 58ms, 162.0 / 175ms, 146.0 / 118ms, 133.0 / 175ms, 124.0 / 1519ms, 108.0 / 56ms, 97.0 / 1426ms], mAmbientLux=162.0
08-04 14:27:03.014  1297  1442 D AutomaticBrightnessController: setAmbientLux(111.09476)
08-04 14:27:03.390  1297  1297 I RoleManagerService: Granting default permissions for user 0
08-04 14:27:03.402  1297  4347 W LocationProviderProxy: Odd, no component found for service com.android.location.service.v3.NetworkLocationProvider
08-04 14:27:03.431  1297  4357 W ActivityManager: Permission Denial: Accessing service com.google.android.music/.dial.DialMediaRouteProviderService from pid=6108, uid=10027 that is not exported from uid 10057
08-04 14:27:03.432  1297  3730 W ActivityManager: Permission Denial: Accessing service com.google.android.music/.dial.DialMediaRouteProviderService from pid=17706, uid=10049 that is not exported from uid 10057
08-04 14:27:03.509  1297  1409 I ActivityManager: Start proc 30145:com.google.android.permissioncontroller/u0a269 for service {com.google.android.permissioncontroller/com.android.packageinstaller.role.service.RoleControllerServiceImpl}
08-04 14:27:03.819 30145 30171 W SystemConfig: No directory /product_services/etc/sysconfig, skipping
08-04 14:27:03.819 30145 30171 W SystemConfig: No directory /product_services/etc/permissions, skipping
08-04 14:27:03.858  1297  1297 W Looper  : Slow dispatch took 435ms main h=android.app.ActivityThread$H c=android.app.-$$Lambda$LoadedApk$ReceiverDispatcher$Args$_BumDX2UKsnxLVrE6UJsJZkotuA@8308f61 m=0
08-04 14:27:03.858  1297  1297 W Looper  : Slow delivery took 469ms main h=android.app.ActivityThread$H c=android.app.-$$Lambda$LoadedApk$ReceiverDispatcher$Args$_BumDX2UKsnxLVrE6UJsJZkotuA@e62ca86 m=0
08-04 14:27:03.876  3717  3717 W ContextImpl: Calling a method in the system process without a qualified user: android.app.ContextImpl.sendBroadcast:1069 android.content.ContextWrapper.sendBroadcast:448 com.oneplus.security.SecureService$b.onReceive:11 android.app.LoadedApk$ReceiverDispatcher$Args.lambda$getRunnable$0$LoadedApk$ReceiverDispatcher$Args:1560 android.app.-$$Lambda$LoadedApk$ReceiverDispatcher$Args$_BumDX2UKsnxLVrE6UJsJZkotuA.run:2 
08-04 14:27:03.880  3717  3717 W ContextImpl: Calling a method in the system process without a qualified user: android.app.ContextImpl.sendBroadcast:1069 android.content.ContextWrapper.sendBroadcast:448 com.oneplus.security.SecureService$b.onReceive:11 android.app.LoadedApk$ReceiverDispatcher$Args.lambda$getRunnable$0$LoadedApk$ReceiverDispatcher$Args:1560 android.app.-$$Lambda$LoadedApk$ReceiverDispatcher$Args$_BumDX2UKsnxLVrE6UJsJZkotuA.run:2 
08-04 14:27:04.257  1297  1297 W Looper  : Slow dispatch took 395ms main h=android.app.ActivityThread$H c=android.app.-$$Lambda$LoadedApk$ReceiverDispatcher$Args$_BumDX2UKsnxLVrE6UJsJZkotuA@389cf2a m=0
08-04 14:27:04.258  1297  1297 I Telecom : DefaultDialerCache: Refreshing default dialer for user 0: now com.android.dialer: DDC.oR@MK8
08-04 14:27:04.258  1297  1297 I Telecom : DefaultDialerCache: Refreshing default dialer for user 10: now com.android.dialer: DDC.oR@MK8
08-04 14:27:04.265  1297  1297 W Looper  : Drained
08-04 14:27:04.435  1297  1407 I RoleUserState: Wrote roles.xml successfully
08-04 14:27:10.466  1297  3730 I ActivityTaskManager: START u0 {act=android.intent.action.VIEW dat=content://com.google.android.gm.sapi/nrupesh@zilingo.com/notifications?account_type=com.google typ=application/gmail-ls flg=0x1000c000 cmp=com.google.android.gm/.ui.MailActivityGmail (has extras)} from uid 10073 pid -1
08-04 14:27:10.480  1297  3730 D OpQuickReply: setQuickReplyResumed focusedApp AppWindowToken{5def4a8 token=Token{56c64cb ActivityRecord{174c39a u0 net.oneplus.launcher/.Launcher t332}}} pkgName net.oneplus.launcher
08-04 14:27:10.481  1297  3730 D OpQuickReply: setQuickReplyResumed focusedApp AppWindowToken{5def4a8 token=Token{56c64cb ActivityRecord{174c39a u0 net.oneplus.launcher/.Launcher t332}}} pkgName net.oneplus.launcher
08-04 14:27:10.494  1297  1391 D OpRestartProcessManager: updateSelf :  com.google.android.gm, size : 30
08-04 14:27:10.500  1297  3730 D OemSceneModeActivityStack: [scene] evaluateGameModes :  gameMsg.arg1=0 gameMsg.arg2=1
08-04 14:27:10.500  1297  3730 D OpQuickReply: setQuickReplyResumed focusedApp AppWindowToken{8f08d18 token=Token{b3c58fb ActivityRecord{8582a8a u0 com.google.android.gm/.ui.MailActivityGmail t622}}} pkgName com.google.android.gm
08-04 14:27:10.509  1297  1391 D Foreground_io: TOP_APP is ProcessRecord{657725f 9180:com.google.android.gm/u0a73} uid is 10073
08-04 14:27:10.509  1297 30187 D Foreground_io: Setting fg uid
08-04 14:27:10.509  1297 30187 D Foreground_io: Done
08-04 14:27:10.987  1297  1334 D ConnectivityService: requestNetwork for uid/pid:10073/9180 NetworkRequest [ TRACK_DEFAULT id=6877, [ Capabilities: INTERNET&NOT_RESTRICTED&TRUSTED Uid: 10073] ]
08-04 14:27:11.003  1297  1297 V SettingsProvider: Notifying for 0: content://settings/system/rading_mode_status_auto
08-04 14:27:11.005  2057  1564 I OIMC    : notified , mode ColorReadMode changeTo 2
08-04 14:27:11.006  2057  1564 I OIMC    : notified , mode ReadMode changeTo 2
08-04 14:27:11.006  2057  2079 I OIMC_CORE: handleMessage:   MODE_EXIT, arg1: 0, arg2: 0, obj: com.oneplus.server.oimc.gwy@9e3f02b
08-04 14:27:11.006  2057  2079 I OIMC_CORE: The mode: ColorReadMode is not entered
08-04 14:27:11.006  2057  2079 I OIMC_CORE: handleMessage:   MODE_EXIT, arg1: 0, arg2: 0, obj: com.oneplus.server.oimc.gwy@57c8c88
08-04 14:27:11.007  2057  2079 I OIMC_CORE: The mode: ReadMode is not entered
08-04 14:27:11.008  1297  1297 V SettingsProvider: Notifying for 0: content://settings/system/rading_mode_status_auto
08-04 14:27:11.184  1297  3730 W Telecom : MissedCallNotifierImpl: Showing missed calls through default dialer.: TSI.cMCN@MLE
08-04 14:27:11.446  1297  1409 I ActivityManager: Start proc 30214:com.google.android.webview:sandboxed_process1:org.chromium.content.app.SandboxedProcessService1:3/u0i827 for  {com.google.android.gm/org.chromium.content.app.SandboxedProcessService1:3}
08-04 14:27:11.496  1297  1409 I ActivityManager: Start proc 30227:com.google.android.webview:sandboxed_process1:org.chromium.content.app.SandboxedProcessService1:3/u0i828 for  {com.google.android.gm/org.chromium.content.app.SandboxedProcessService1:3}
08-04 14:27:11.719  1297  1334 E OPBF    : mImportantUids change mLastImportantUids =[10119, 10670] mImportantUids = [99828, 10119, 10670]
08-04 14:27:11.729  1297  3719 I ActivityManager: Killing 30214:com.google.android.webview:sandboxed_process1:org.chromium.content.app.SandboxedProcessService1:3/u0a73i827 (adj 905): isolated not needed
08-04 14:27:11.733  1297  3719 W ProcessStats: Tracking association SourceState{5609eae com.google.android.gm/10073 ImpFg #2678395} whose proc state 2 is better than process ProcessState{310c44f com.google.android.webview:sandboxed_process1:org.chromium.content.app.SandboxedProcessService1:3/10073 pkg=com.google.android.gm} proc state 13 (4 skipped)
08-04 14:27:13.572  1297  1413 E BatteryExternalStatsWorker: no controller energy info supplied for bluetooth
08-04 14:27:13.629  1297  1407 D ExtBatteryStatsService: @@@@ awaitUninterruptibly in 76 ms
08-04 14:27:13.654  1297  1885 V AlarmManager: Triggering alarm #0: 3 when =1095723547 package =com.whatsapp operation =*alarm*:com.whatsapp.alarm.CLIENT_PING_PERIODIC flags =0x0
08-04 14:27:14.190  1297  1407 D ExtBatteryStatsService: ext-flush too soon, skip
08-04 14:27:14.190  1297  1407 I chatty  : uid=1000(system) android.bg identical 1 line
08-04 14:27:14.191  1297  1407 D ExtBatteryStatsService: ext-flush too soon, skip
08-04 14:27:15.126  1297  3730 D ActivityTaskManager: setRequestedOrientation() to -1 for ActivityRecord{8582a8a u0 com.google.android.gm/.ui.MailActivityGmail t622} from pid=9180, uid=10073
08-04 14:27:15.685  1297  1974 D ConnectivityService: releasing NetworkRequest [ TRACK_DEFAULT id=6877, [ Capabilities: INTERNET&NOT_RESTRICTED&TRUSTED Uid: 10073] ] (release request)
08-04 14:27:15.710  1297  2000 E OPBF    : mImportantUids change mLastImportantUids =[99828, 10119, 10670] mImportantUids = [10119, 10670]
08-04 14:27:15.715  1297  2000 I ActivityManager: Killing 30227:com.google.android.webview:sandboxed_process1:org.chromium.content.app.SandboxedProcessService1:3/u0a73i828 (adj 0): isolated not needed
08-04 14:27:18.163  1297  2000 D ConnectivityService: requestNetwork for uid/pid:10073/9180 NetworkRequest [ TRACK_DEFAULT id=6879, [ Capabilities: INTERNET&NOT_RESTRICTED&TRUSTED Uid: 10073] ]
08-04 14:27:18.660  1297  1409 I ActivityManager: Start proc 30342:com.google.android.webview:sandboxed_process1:org.chromium.content.app.SandboxedProcessService1:4/u0i829 for  {com.google.android.gm/org.chromium.content.app.SandboxedProcessService1:4}
08-04 14:27:18.721  1297  2000 I ActivityManager: Killing 30342:com.google.android.webview:sandboxed_process1:org.chromium.content.app.SandboxedProcessService1:4/u0a73i829 (adj 905): isolated not needed
08-04 14:27:18.729  1297  1409 I ActivityManager: Start proc 30360:com.google.android.webview:sandboxed_process1:org.chromium.content.app.SandboxedProcessService1:4/u0i830 for  {com.google.android.gm/org.chromium.content.app.SandboxedProcessService1:4}
08-04 14:27:18.747  1297  3719 E OPBF    : mImportantUids change mLastImportantUids =[10119, 10670] mImportantUids = [10119, 99830, 10670]
08-04 14:27:19.799  1297  2000 D ActivityTaskManager: setRequestedOrientation() to -1 for ActivityRecord{8582a8a u0 com.google.android.gm/.ui.MailActivityGmail t622} from pid=9180, uid=10073
08-04 14:27:20.299  1297  1974 D ConnectivityService: releasing NetworkRequest [ TRACK_DEFAULT id=6879, [ Capabilities: INTERNET&NOT_RESTRICTED&TRUSTED Uid: 10073] ] (release request)
08-04 14:27:20.322  1297  2000 E OPBF    : mImportantUids change mLastImportantUids =[10119, 99830, 10670] mImportantUids = [10119, 10670]
08-04 14:27:20.330  1297  2000 W ActivityManager: Exception when unbinding service com.google.android.gm/org.chromium.content.app.SandboxedProcessService1:4
08-04 14:27:20.330  1297  2000 W ActivityManager: android.os.DeadObjectException
08-04 14:27:20.330  1297  2000 W ActivityManager: 	at android.os.BinderProxy.transactNative(Native Method)
08-04 14:27:20.330  1297  2000 W ActivityManager: 	at android.os.BinderProxy.transact(BinderProxy.java:557)
08-04 14:27:20.330  1297  2000 W ActivityManager: 	at android.app.IApplicationThread$Stub$Proxy.scheduleUnbindService(IApplicationThread.java:1672)
08-04 14:27:20.330  1297  2000 W ActivityManager: 	at com.android.server.am.ActiveServices.removeConnectionLocked(ActiveServices.java:3619)
08-04 14:27:20.330  1297  2000 W ActivityManager: 	at com.android.server.am.ActiveServices.unbindServiceLocked(ActiveServices.java:2213)
08-04 14:27:20.330  1297  2000 W ActivityManager: 	at com.android.server.am.ActivityManagerService.unbindService(ActivityManagerService.java:15274)
08-04 14:27:20.330  1297  2000 W ActivityManager: 	at android.app.IActivityManager$Stub.onTransact(IActivityManager.java:2314)
08-04 14:27:20.330  1297  2000 W ActivityManager: 	at com.android.server.am.ActivityManagerService.onTransact(ActivityManagerService.java:3005)
08-04 14:27:20.330  1297  2000 W ActivityManager: 	at android.os.Binder.execTransactInternal(Binder.java:1032)
08-04 14:27:20.330  1297  2000 W ActivityManager: 	at android.os.Binder.execTransact(Binder.java:1005)
08-04 14:27:20.346  1297  2000 I ActivityManager: Killing 30360:com.google.android.webview:sandboxed_process1:org.chromium.content.app.SandboxedProcessService1:4/u0a73i830 (adj 0): isolated not needed
08-04 14:27:20.605  1297  1413 E BatteryExternalStatsWorker: no controller energy info supplied for bluetooth
08-04 14:27:20.668  1297  1407 D ExtBatteryStatsService: @@@@ awaitUninterruptibly in 95 ms
08-04 14:27:25.599  1297  3719 D ConnectivityService: requestNetwork for uid/pid:10073/9180 NetworkRequest [ TRACK_DEFAULT id=6881, [ Capabilities: INTERNET&NOT_RESTRICTED&TRUSTED Uid: 10073] ]
08-04 14:27:26.023  1297  1409 I ActivityManager: Start proc 30419:com.google.android.webview:sandboxed_process1:org.chromium.content.app.SandboxedProcessService1:5/u0i831 for  {com.google.android.gm/org.chromium.content.app.SandboxedProcessService1:5}
08-04 14:27:26.070  1297  2127 I ActivityManager: Killing 30419:com.google.android.webview:sandboxed_process1:org.chromium.content.app.SandboxedProcessService1:5/u0a73i831 (adj 905): isolated not needed
08-04 14:27:26.074  1297  1409 I ActivityManager: Start proc 30437:com.google.android.webview:sandboxed_process1:org.chromium.content.app.SandboxedProcessService1:5/u0i832 for  {com.google.android.gm/org.chromium.content.app.SandboxedProcessService1:5}
08-04 14:27:26.118  1297  3719 E OPBF    : mImportantUids change mLastImportantUids =[10119, 10670] mImportantUids = [10119, 99832, 10670]
08-04 14:27:28.213  1297  2631 D OPBF    : setCGroupState():uid:10775, tofreeze=true --->>> ok reason:process state change tProcessState:20
08-04 14:27:28.635  1297  2631 D OPBF    : setCGroupState():uid:10927, tofreeze=true --->>> ok reason:process state change tProcessState:20
08-04 14:27:29.299  1297  2127 I ActivityTaskManager: START u0 {act=com.android.mail.intent.action.LAUNCH_COMPOSE flg=0x10008000 pkg=com.google.android.gm cmp=com.google.android.gm/.ComposeActivityGmail (has extras)} from uid 10073 pid 9180
08-04 14:27:29.334  1297  1297 V SettingsProvider: Notifying for 0: content://settings/secure/reminder_exp_learning_time_elapsed
08-04 14:27:29.348  1297  3730 D OpQuickReply: setQuickReplyResumed focusedApp AppWindowToken{a8c006f token=Token{c50b74e ActivityRecord{bf29249 u0 com.google.android.gm/.ComposeActivityGmail t648}}} pkgName com.google.android.gm
08-04 14:27:29.356  1297  1391 D OpRestartProcessManager: updateSelf :  com.google.android.gm, size : 30
08-04 14:27:29.710  1297  8138 I ActivityManager: Process system:ui (pid 26318) has died: cch+75 CEM 
08-04 14:27:29.720  1297  1391 W ActivityManager: setHasOverlayUi called on unknown pid: 26318
08-04 14:27:29.769  1297  1974 D ConnectivityService: Blocked status changed to false for 10119(5358) on netId 2593
08-04 14:27:30.341  1297  2631 D OPBF    : setCGroupState():uid:10877, tofreeze=true --->>> ok reason:start perform disordered broadcast for action = android.media.VOLUME_CHANGED_ACTION
08-04 14:27:30.343  1297  2631 D OPBF    : setCGroupState():uid:10358, tofreeze=true --->>> ok reason:start perform disordered broadcast for action = android.media.VOLUME_CHANGED_ACTION
08-04 14:27:31.922  1297  1334 I ActivityManager: Process net.oneplus.provider.appcategoryprovider (pid 27917) has died: cch+65 CEM 
08-04 14:27:31.931  1297  2000 I ActivityManager: Process com.facebook.katana (pid 26806) has died: cch+65 CEM 
08-04 14:27:31.934  1297  2000 D BFP     : ProcessRecord{c84084b 26806:com.facebook.katana/u0a775} died but not restart......
08-04 14:27:31.936  1297  2631 D OPBF    : setCGroupState():uid:10775, tofreeze=false --->>> ok reason:app died cause by pid 26806
08-04 14:27:32.761  1297  1885 V AlarmManager: Triggering alarm #0: 3 when =1095742653 package =com.google.android.gms operation =*alarm*:com.google.android.gms.location.fused.SEND_LOCATION_IN_STATIONARY_MODE_ALARM_ALARM_6130 flags =0x1
08-04 14:27:32.857  1297  1413 E BatteryExternalStatsWorker: no controller energy info supplied for bluetooth
08-04 14:27:32.925  1297  1407 D ExtBatteryStatsService: @@@@ awaitUninterruptibly in 118 ms
08-04 14:27:33.166  1297  1297 I Telecom : CallsManager: onImsCapabilityStatusChange phoneId: 0 ,VoLte: false ,ViLte: false ,VoWifi: true ,ViWifi: false ,UTLte: false ,UTWifi: true
08-04 14:27:33.167  1297  1297 I Telecom : CallsManager: onImsCapabilityStatusChange phoneId: 1 ,VoLte: false ,ViLte: false ,VoWifi: true ,ViWifi: false ,UTLte: false ,UTWifi: true
08-04 14:27:33.186  1297  1974 I Nat464Xlat: Android Xlat enabled is doXlat = true
08-04 14:27:33.393  1297  1297 I Telecom : CallsManager: onImsCapabilityStatusChange phoneId: 0 ,VoLte: true ,ViLte: false ,VoWifi: false ,ViWifi: false ,UTLte: true ,UTWifi: false
08-04 14:27:33.393  1297  1297 I Telecom : CallsManager: onImsCapabilityStatusChange phoneId: 1 ,VoLte: true ,ViLte: false ,VoWifi: false ,ViWifi: false ,UTLte: true ,UTWifi: false
08-04 14:27:33.411  1297  1297 I Telecom : CallsManager: onImsCapabilityStatusChange phoneId: 0 ,VoLte: true ,ViLte: false ,VoWifi: false ,ViWifi: false ,UTLte: true ,UTWifi: false
08-04 14:27:33.411  1297  1297 I Telecom : CallsManager: onImsCapabilityStatusChange phoneId: 1 ,VoLte: true ,ViLte: false ,VoWifi: false ,ViWifi: false ,UTLte: true ,UTWifi: false
08-04 14:27:33.454  1297  1297 I Telecom : CallsManager: onServiceStateChanged networkType: 13
08-04 14:27:33.458  1297  1297 I Telecom : CallsManager: onServiceStateChanged networkType: 13
08-04 14:27:33.514  1297  1974 D ConnectivityService: NetworkAgentInfo [MOBILE (UNKNOWN) - 2143] EVENT_NETWORK_INFO_CHANGED, going from CONNECTED to SUSPENDED
08-04 14:27:33.540  3717  3717 W ContextImpl: Calling a method in the system process without a qualified user: android.app.ContextImpl.sendBroadcast:1069 android.content.ContextWrapper.sendBroadcast:448 com.oneplus.security.SecureService$b.onReceive:8 android.app.LoadedApk$ReceiverDispatcher$Args.lambda$getRunnable$0$LoadedApk$ReceiverDispatcher$Args:1560 android.app.-$$Lambda$LoadedApk$ReceiverDispatcher$Args$_BumDX2UKsnxLVrE6UJsJZkotuA.run:2 
08-04 14:27:33.553  3717  3717 W ContextImpl: Calling a method in the system process without a qualified user: android.app.ContextImpl.sendBroadcast:1069 android.content.ContextWrapper.sendBroadcast:448 com.oneplus.security.SecureService$b.onReceive:8 android.app.LoadedApk$ReceiverDispatcher$Args.lambda$getRunnable$0$LoadedApk$ReceiverDispatcher$Args:1560 android.app.-$$Lambda$LoadedApk$ReceiverDispatcher$Args$_BumDX2UKsnxLVrE6UJsJZkotuA.run:2 
08-04 14:27:33.849  1297  1442 D AutomaticBrightnessController: updateAmbientLux: Brightened: mBrighteningLuxThreshold=122.20424, mDarkeningLuxThreshold=88.87581, mAmbientLightRingBuffer=[89.0 / 1643ms, 98.0 / 59ms, 109.0 / 61ms, 121.0 / 237ms, 132.0 / 2454ms, 141.0 / 172ms, 153.0 / 239ms, 165.0 / 116ms, 178.0 / 348ms, 194.0 / 671ms], mAmbientLux=111.09476
08-04 14:27:33.849  1297  1442 D AutomaticBrightnessController: setAmbientLux(156.41292)
08-04 14:27:34.116  1297  1297 I Telecom : CallsManager: onServiceStateChanged networkType: 13
08-04 14:27:34.116  1297  1297 I Telecom : CallsManager: onServiceStateChanged networkType: 13
08-04 14:27:34.125  1297  1297 I Telecom : CallsManager: onImsCapabilityStatusChange phoneId: 0 ,VoLte: true ,ViLte: false ,VoWifi: false ,ViWifi: false ,UTLte: true ,UTWifi: false
08-04 14:27:34.126  1297  1297 I Telecom : CallsManager: onImsCapabilityStatusChange phoneId: 1 ,VoLte: true ,ViLte: false ,VoWifi: false ,ViWifi: false ,UTLte: true ,UTWifi: false
08-04 14:27:36.218  1297  1442 E AutomaticBrightnessController: mProximityPositive : true
08-04 14:27:36.335  1297  1442 E AutomaticBrightnessController: mProximityPositive : false
08-04 14:27:36.804  1297  1442 E AutomaticBrightnessController: mProximityPositive : true
08-04 14:27:37.097  1297  1442 E AutomaticBrightnessController: mProximityPositive : false
08-04 14:27:37.740  1297  1974 D ConnectivityService: Blocked status changed to true for 10119(5358) on netId 2593
08-04 14:27:38.705  1297  4357 D OpQuickReply: setQuickReplyResumed focusedApp AppWindowToken{8f08d18 token=Token{b3c58fb ActivityRecord{8582a8a u0 com.google.android.gm/.ui.MailActivityGmail t622}}} pkgName com.google.android.gm
08-04 14:27:38.736  1297  1334 D OpQuickReply: setQuickReplyResumed focusedApp AppWindowToken{8f08d18 token=Token{b3c58fb ActivityRecord{8582a8a u0 com.google.android.gm/.ui.MailActivityGmail t622}}} pkgName com.google.android.gm
08-04 14:27:38.740  1297  1391 D OpRestartProcessManager: updateSelf :  com.google.android.gm, size : 30
08-04 14:27:40.160  1297  8138 D ActivityTaskManager: setRequestedOrientation() to -1 for ActivityRecord{8582a8a u0 com.google.android.gm/.ui.MailActivityGmail t622} from pid=9180, uid=10073
08-04 14:27:40.722  1297  2128 W NotificationService: Toast already killed. pkg=com.google.android.gm callback=android.app.ITransientNotification$Stub$Proxy@657dd8f
08-04 14:27:40.784  1297  1413 E BatteryExternalStatsWorker: no controller energy info supplied for bluetooth
08-04 14:27:40.831  1297  1407 D ExtBatteryStatsService: @@@@ awaitUninterruptibly in 64 ms
08-04 14:27:42.220  1297  1391 W WindowManager: Unable to start animation, surface is null or no children.
08-04 14:27:44.933  1297  1442 D AutomaticBrightnessController: updateAmbientLux: Darkened: mBrighteningLuxThreshold=172.05421, mDarkeningLuxThreshold=125.13033, mAmbientLightRingBuffer=[111.0 / 20ms, 121.0 / 882ms, 129.0 / 1048ms, 102.0 / 526ms, 111.0 / 60ms, 122.0 / 59ms, 167.0 / 57ms, 192.0 / 179ms, 219.0 / 116ms, 151.0 / 52ms, 116.0 / 62ms, 100.0 / 2940ms], mAmbientLux=156.41292
08-04 14:27:44.934  1297  1442 D AutomaticBrightnessController: setAmbientLux(106.80822)
08-04 14:27:48.006  1297  1885 V AlarmManager: Triggering alarm #0: 2 when =1095743108 package =sg.bigo.ludolegend operation =*walarm*:sg.bigo.ludolegend.network.extra.RECONNECT_WAKEUP flags =0x0
08-04 14:27:48.006  1297  1885 V AlarmManager: Triggering alarm #1: 3 when =1095743108 package =sg.bigo.ludolegend operation =*alarm*:sg.bigo.ludolegend.network.extra.RECONNECT flags =0x0
08-04 14:27:48.009  1297  1885 W ActivityManager: Background start not allowed: service Intent { act=sg.bigo.ludolegend.network.extra.RECONNECT_WAKEUP flg=0x4 cmp=sg.bigo.ludolegend/sg.bigo.game.service.YYService (has extras) } to sg.bigo.ludolegend/sg.bigo.game.service.YYService from pid=-1 uid=10927 pkg=sg.bigo.ludolegend startFg?=false
08-04 14:27:48.013  1297  1885 W ActivityManager: Background start not allowed: service Intent { act=sg.bigo.ludolegend.network.extra.RECONNECT flg=0x4 cmp=sg.bigo.ludolegend/sg.bigo.game.service.YYService (has extras) } to sg.bigo.ludolegend/sg.bigo.game.service.YYService from pid=-1 uid=10927 pkg=sg.bigo.ludolegend startFg?=false
08-04 14:27:51.713  1297  1297 W WindowManager: removeWindowToken: Attempted to remove non-existing token: android.os.Binder@d9ae265
08-04 14:27:56.350  1297  1297 I Telecom : CallsManager: onServiceStateChanged networkType: 13
08-04 14:27:56.350  1297  1297 I Telecom : CallsManager: onServiceStateChanged networkType: 13
08-04 14:27:58.654  1297  2631 D OPBF    : setCGroupState():uid:99826, tofreeze=true --->>> ok reason:notifyIsolatedUids boundUid freeze cause by uid/pid:10927
08-04 14:28:00.001  1297  1885 V AlarmManager: Triggering alarm #0: 3 when =1095769894 package =android operation = null listenTag =TIME_TICK flags =0x1
08-04 14:28:01.953  1297  2631 D OPBF    : setCGroupState():uid:10775, tofreeze=true --->>> ok reason:process died cause by uid/pid:26806
08-04 14:28:11.154  1297  1408 W ActivityManager: Stopping service due to app idle: u0a20 -5m40s448ms com.android.dialer/.oneplus.OPDialerPersistService
08-04 14:28:24.300  1297  1408 I OHPD    : mCurrentGpsUidList[]
08-04 14:28:24.304  1297  1408 I OHPD    : [BgDetect]chkExcessCpu level: 0 doKills: true critical false uptime: 300106
08-04 14:28:24.306  1297  1408 I OHPD    : isIsolated process: app.uid:99826,app.info.uid:10927, app.processName:com.google.android.webview:sandboxed_process1:org.chromium.content.app.SandboxedProcessService1:0
08-04 14:28:24.354  1297  1413 E BatteryExternalStatsWorker: no controller energy info supplied for bluetooth
08-04 14:28:24.442  1297  1407 D ExtBatteryStatsService: @@@@ awaitUninterruptibly in 125 ms
08-04 14:28:24.467  1297  1408 I OHPD    : [BGC] checkAbnBgKillLocked, doExecution: false
08-04 14:28:24.468  1297  1408 I OHPD    : [BGC] alertWindowUidsSoff :[]
08-04 14:28:24.468  1297  1408 I OHPD    : [BGC] visibleUids :[10019, 10019, 10019, 10019, 10073]
08-04 14:28:24.471  1297  1408 I OHPD    : [BGC] active audio :null
08-04 14:28:24.471  1297  1408 I OHPD    : [BGC] active step counter uids ::10058
08-04 14:28:24.471  1297  1408 I OHPD    : [BGC] locked :[]
08-04 14:28:24.472  1297  1408 I OHPD    : [BGC] mBGCUidArray :[10927, K], 
08-04 14:28:24.472  1297  1408 I OHPD    : [BGC] mBGCUsingTrafficUidSet :
08-04 14:28:24.472  1297  1408 I OHPD    : [BGC] currentIME :com.touchtype.swiftkey
08-04 14:28:32.854  1297  1885 V AlarmManager: Triggering alarm #0: 3 when =1095802747 package =com.google.android.gms operation =*alarm*:com.google.android.gms.location.fused.SEND_LOCATION_IN_STATIONARY_MODE_ALARM_ALARM_6131 flags =0x1
08-04 14:28:38.662  1297  1885 V AlarmManager: Triggering alarm #0: 2 when =1095783460 package =com.google.android.gms operation =*walarm*:com.google.android.location.ALARM_WAKEUP_ACTIVITY_DETECTION flags =0x0
08-04 14:28:38.662  1297  1885 V AlarmManager: Triggering alarm #1: 0 when =1596531517312 package =com.heytap.mcs operation =*walarm*:com.heytap.mcs.action flags =0x8
08-04 14:28:38.663  1297  1885 V AlarmManager: Triggering alarm #2: 2 when =1095808555 package =com.heytap.mcs operation =*walarm*:com.heytap.mcs.action flags =0x8
08-04 14:28:38.867  1297  3699 W AppOps  : Noting op not finished: uid 10027 pkg com.google.android.gms code 79 time=1596531430515 duration=-1
08-04 14:28:38.872  1297  2000 W AppOps  : Noting op not finished: uid 10027 pkg com.google.android.gms code 79 time=1596531518867 duration=0
08-04 14:28:38.887  1297  8138 W AppOps  : Noting op not finished: uid 10027 pkg com.google.android.gms code 79 time=1596531518872 duration=0
08-04 14:28:38.892  1297  2000 W AppOps  : Noting op not finished: uid 10027 pkg com.google.android.gms code 79 time=1596531518887 duration=0
08-04 14:29:00.002  1297  1885 V AlarmManager: Triggering alarm #0: 3 when =1095829894 package =android operation = null listenTag =TIME_TICK flags =0x1
08-04 14:29:01.734  1297  1297 I Telecom : CallsManager: onServiceStateChanged networkType: 13
08-04 14:29:01.734  1297  1297 I Telecom : CallsManager: onServiceStateChanged networkType: 13
08-04 14:29:11.047  1297  1885 V AlarmManager: Triggering alarm #0: 2 when =1095840940 package =android operation = null listenTag =*job.delay* flags =0x0
08-04 14:29:12.456  1297  2000 D ConnectivityService: Returning UNBLOCKED NetworkInfo to uid=10070
08-04 14:29:12.463  1297  2000 D ConnectivityService: requestNetwork for uid/pid:10070/9613 NetworkRequest [ TRACK_DEFAULT id=6883, [ Capabilities: INTERNET&NOT_RESTRICTED&TRUSTED Uid: 10070] ]
08-04 14:29:13.451  1297  1974 D ConnectivityService: releasing NetworkRequest [ TRACK_DEFAULT id=6883, [ Capabilities: INTERNET&NOT_RESTRICTED&TRUSTED Uid: 10070] ] (release request)
08-04 14:29:19.472  1297  3719 E OPBF    : mImportantUids change mLastImportantUids =[10119, 99832, 10670] mImportantUids = [10119, 99832, 10138, 10670]
08-04 14:29:19.516  1297  3699 E OPBF    : mImportantUids change mLastImportantUids =[10119, 99832, 10138, 10670] mImportantUids = [10119, 99832, 10670]
08-04 14:29:19.815  1297  2128 I OpAudioMonitor: MDM,stop.
08-04 14:29:19.815  1297  2128 I OpAudioMonitor: MDM,music is not active, clear
08-04 14:29:19.925  2734  7209 D TextClassifierService: No configured system TextClassifierService
08-04 14:29:19.968  2734  7209 D TextClassifierService: No configured system TextClassifierService
08-04 14:29:23.370  1297  1297 I Telecom : CallsManager: onServiceStateChanged networkType: 13
08-04 14:29:23.370  1297  1297 I Telecom : CallsManager: onServiceStateChanged networkType: 13
08-04 14:29:32.914  1297  1885 V AlarmManager: Triggering alarm #0: 3 when =1095862807 package =com.google.android.gms operation =*alarm*:com.google.android.gms.location.fused.SEND_LOCATION_IN_STATIONARY_MODE_ALARM_ALARM_6132 flags =0x1
08-04 14:29:39.272  1297  1974 I Nat464Xlat: Android Xlat enabled is doXlat = true
08-04 14:29:39.549  1297  1297 I Telecom : CallsManager: onImsCapabilityStatusChange phoneId: 0 ,VoLte: false ,ViLte: false ,VoWifi: true ,ViWifi: false ,UTLte: false ,UTWifi: true
08-04 14:29:39.549  1297  1297 I Telecom : CallsManager: onImsCapabilityStatusChange phoneId: 1 ,VoLte: false ,ViLte: false ,VoWifi: true ,ViWifi: false ,UTLte: false ,UTWifi: true
08-04 14:29:39.590  1297  1297 I Telecom : CallsManager: onServiceStateChanged networkType: 13
08-04 14:29:39.590  1297  1297 I Telecom : CallsManager: onServiceStateChanged networkType: 13
08-04 14:29:39.640  1297  1974 D ConnectivityService: NetworkAgentInfo [MOBILE (IWLAN) - 2143] EVENT_NETWORK_INFO_CHANGED, going from SUSPENDED to CONNECTED
08-04 14:29:39.789  3717  3717 W ContextImpl: Calling a method in the system process without a qualified user: android.app.ContextImpl.sendBroadcast:1069 android.content.ContextWrapper.sendBroadcast:448 com.oneplus.security.SecureService$b.onReceive:8 android.app.LoadedApk$ReceiverDispatcher$Args.lambda$getRunnable$0$LoadedApk$ReceiverDispatcher$Args:1560 android.app.-$$Lambda$LoadedApk$ReceiverDispatcher$Args$_BumDX2UKsnxLVrE6UJsJZkotuA.run:2 
08-04 14:29:41.112  1297  1297 I Telecom : CallsManager: onServiceStateChanged networkType: 13
08-04 14:29:41.113  1297  1297 I Telecom : CallsManager: onServiceStateChanged networkType: 13
08-04 14:29:59.301  1297  1885 V AlarmManager: Triggering alarm #0: 2 when =1095889194 package =com.google.android.gms operation =*walarm*:com.google.android.location.ALARM_WAKEUP_LOCATOR flags =0x1
08-04 14:30:00.000  1297  1885 V AlarmManager: Triggering alarm #0: 3 when =1095889894 package =android operation = null listenTag =TIME_TICK flags =0x1
08-04 14:30:03.096  1297  1297 I Telecom : CallsManager: onServiceStateChanged networkType: 13
08-04 14:30:03.096  1297  1297 I Telecom : CallsManager: onServiceStateChanged networkType: 13
08-04 14:30:03.874  1297  1885 V AlarmManager: Triggering alarm #0: 2 when =1095893767 package =android operation = null listenTag =*job.delay* flags =0x0
08-04 14:30:04.259  1297  2128 D RecentsAnimation: startRecentsActivity(): intent=Intent { act=android.intent.action.MAIN cat=[android.intent.category.HOME] flg=0x10000000 cmp=net.oneplus.launcher/.Launcher } assistDataReceiver=null
08-04 14:30:04.262  1297  2128 D RecentsAnimation: Moved stack=ActivityStack{bdb5ed stackId=0 type=home mode=fullscreen visible=false translucent=true, 1 tasks} behind stack=ActivityStack{f479b5d stackId=638 type=standard mode=fullscreen visible=true translucent=false, 1 tasks}
08-04 14:30:04.262  1297  2128 D RecentsAnimationController: addAnimation(Task=622)
08-04 14:30:04.265  1297  2128 D RecentsAnimationController: addAnimation(Task=332)
08-04 14:30:04.266  1297  2128 D RecentsAnimationController: setHomeApp(AppWindowToken{5def4a8 token=Token{56c64cb ActivityRecord{174c39a u0 net.oneplus.launcher/.Launcher t332}}})
08-04 14:30:04.278  1297  2128 D RecentsAnimationController: startAnimation(): mPendingStart=true mCanceled=false
08-04 14:30:04.279  1297  2128 D RecentsAnimationController: startAnimation(): Notify animation start:
08-04 14:30:04.280  1297  2128 D RecentsAnimationController: 	622
08-04 14:30:04.280  1297  2128 D RecentsAnimationController: 	332
08-04 14:30:04.413  1297  3719 D RecentsAnimationController: setInputConsumerEnabled(true): mCanceled=false
08-04 14:30:04.837  1297  2000 D RecentsAnimationController: screenshotTask(622): mCanceled=false
08-04 14:30:04.852  1297  3699 D RecentsAnimationController: setInputConsumerEnabled(false): mCanceled=false
08-04 14:30:04.853  1297  8138 D RecentsAnimationController: finish(true): mCanceled=false
08-04 14:30:04.853  1297  8138 D RecentsAnimation: onAnimationFinished(): controller=com.android.server.wm.RecentsAnimationController@8404284 reorderMode=1
08-04 14:30:04.853  1297  8138 D RecentsAnimationController: cleanupAnimation(): Notify animation finished mPendingAnimations=2 reorderMode=1
08-04 14:30:04.853  1297  8138 D RecentsAnimationController: removeAnimation(332)
08-04 14:30:04.853  1297  8138 D RecentsAnimationController: removeAnimation(622)
08-04 14:30:04.854  1297  8138 D RecentsAnimation: onAnimationFinished(): targetStack=ActivityStack{bdb5ed stackId=0 type=home mode=fullscreen visible=false translucent=false, 1 tasks} targetActivity=ActivityRecord{174c39a u0 net.oneplus.launcher/.Launcher t332} mRestoreTargetBehindStack=ActivityStack{f479b5d stackId=638 type=standard mode=fullscreen visible=true translucent=false, 1 tasks}
08-04 14:30:04.855  1297  8138 D OpQuickReply: setQuickReplyResumed focusedApp AppWindowToken{5def4a8 token=Token{56c64cb ActivityRecord{174c39a u0 net.oneplus.launcher/.Launcher t332}}} pkgName net.oneplus.launcher
08-04 14:30:04.857  1297  8138 D OemSceneModeActivityStack: [scene] evaluateGameModes :  gameMsg.arg1=0 gameMsg.arg2=1
