08-04 14:39:07.595  1297  1413 E BatteryExternalStatsWorker: no controller energy info supplied for bluetooth
08-04 14:39:07.638  1297  1407 D ExtBatteryStatsService: @@@@ awaitUninterruptibly in 63 ms
08-04 14:39:08.152  1297  1407 D ExtBatteryStatsService: ext-flush too soon, skip
08-04 14:39:08.647  1297  4373 I ActivityManager: Process net.oneplus.weather (pid 29505) has died: cch+75 CEM 
08-04 14:39:08.650  1297  4373 D BFP     : ProcessRecord{e37a4fc 29505:net.oneplus.weather/u0a99} died but not restart......
08-04 14:39:08.656  1297  2631 D OPBF    : setCGroupState():uid:10099, tofreeze=false --->>> ok reason:app died cause by pid 29505
08-04 14:39:08.684  1297  9783 I ActivityManager: Process com.microsoft.android.smsorganizer (pid 28978) has died: cch+65 CEM 
08-04 14:39:08.703  1297  4371 I ActivityManager: Process net.oneplus.widget (pid 29625) has died: cch+65 CEM 
08-04 14:39:08.707  1297  2631 D OPBF    : setCGroupState():uid:10290, tofreeze=false --->>> ok reason:app died cause by pid 29625
08-04 14:39:08.707  1297  4371 D BFP     : ProcessRecord{45eff3c 29625:net.oneplus.widget/u0a290} died but not restart......
08-04 14:39:08.748  1297  4371 I ActivityManager: Process com.google.android.apps.turbo (pid 27445) has died: cch+55 CEM 
08-04 14:39:08.787  1297  3699 D ConnectivityService: ConnectivityService NetworkRequestInfo binderDied(NetworkRequest [ LISTEN id=6817, [ Capabilities: INTERNET&NOT_RESTRICTED&TRUSTED&FOREGROUND Uid: 10358] ], android.os.BinderProxy@9f7481c)
08-04 14:39:08.788  1297  3709 D ConnectivityService: ConnectivityService NetworkRequestInfo binderDied(NetworkRequest [ TRACK_DEFAULT id=6816, [ Capabilities: INTERNET&NOT_RESTRICTED&TRUSTED Uid: 10358] ], android.os.BinderProxy@7ea6c25)
08-04 14:39:08.789  1297  8194 I WindowManager: WIN DEATH: Window{f02e2ea u0 com.google.android.apps.meetings/com.google.android.apps.meetings.home.HomeScreenActivity}
08-04 14:39:08.792  1297  4372 I ActivityManager: Process com.google.android.apps.meetings (pid 13041) has died: cch+60 CAC 
08-04 14:39:08.792  1297  1974 D ConnectivityService: releasing NetworkRequest [ TRACK_DEFAULT id=6816, [ Capabilities: INTERNET&NOT_RESTRICTED&TRUSTED Uid: 10358] ] (release request)
08-04 14:39:08.803  1297  2631 D OPBF    : setCGroupState():uid:10358, tofreeze=false --->>> ok reason:app died cause by pid 13041
08-04 14:39:08.804  1297  4372 D BFP     : ProcessRecord{3703c1e 13041:com.google.android.apps.meetings/u0a358} died but not restart......
08-04 14:39:08.819  1297  1391 W ActivityManager: setHasOverlayUi called on unknown pid: 13041
08-04 14:39:08.827  1297  2429 I ActivityManager: Process com.android.calllogbackup (pid 29105) has died: cch+55 CEM 
08-04 14:39:08.846  1297  8194 I ActivityManager: Process com.android.chrome:sandboxed_process1:org.chromium.content.app.SandboxedProcessService1:2 (pid 25734) has died: cch+50 CACC
08-04 14:39:08.848  1297  8194 W ActivityManager: Scheduling restart of crashed service com.android.chrome/org.chromium.content.app.SandboxedProcessService1:2 in 1000ms
08-04 14:39:09.604  1297  4369 E OPBF    : mImportantUids change mLastImportantUids =[10119, 99834, 10670] mImportantUids = [10119, 10138, 99834, 10670]
08-04 14:39:09.652  1297  4372 E OPBF    : mImportantUids change mLastImportantUids =[10119, 10138, 99834, 10670] mImportantUids = [10119, 99834, 10670]
08-04 14:39:10.050  1297  2000 I OpAudioMonitor: MDM,stop.
08-04 14:39:10.050  1297  2000 I OpAudioMonitor: MDM,music is not active, clear
08-04 14:39:10.102  2734  7209 D TextClassifierService: No configured system TextClassifierService
08-04 14:39:10.201  2734  7209 D TextClassifierService: No configured system TextClassifierService
08-04 14:39:10.358  1297  1407 D ExtBatteryStatsService: ext-flush too soon, skip
08-04 14:39:15.291  1297  1885 V AlarmManager: Triggering alarm #0: 2 when =1096445185 package =android operation = null listenTag =*job.delay* flags =0x0
08-04 14:39:15.346  1297  4372 D ConnectivityService: requestNetwork for uid/pid:10070/9613 NetworkRequest [ TRACK_DEFAULT id=6887, [ Capabilities: INTERNET&NOT_RESTRICTED&TRUSTED Uid: 10070] ]
08-04 14:39:15.442  1297  1974 D ConnectivityService: releasing NetworkRequest [ TRACK_DEFAULT id=6887, [ Capabilities: INTERNET&NOT_RESTRICTED&TRUSTED Uid: 10070] ] (release request)
08-04 14:39:15.457  1297  4372 W ActivityManager: Permission Denial: Accessing service com.google.android.music/.dial.DialMediaRouteProviderService from pid=9613, uid=10070 that is not exported from uid 10057
08-04 14:39:19.315  1297  1885 V AlarmManager: Triggering alarm #0: 3 when =1096449202 package =com.google.android.gms operation =*alarm*:com.google.android.gms.location.fused.SEND_LOCATION_IN_STATIONARY_MODE_ALARM_ALARM_6145 flags =0x1
08-04 14:39:23.492  1297  4369 W ActivityManager: Permission Denial: Accessing service com.google.android.music/.dial.DialMediaRouteProviderService from pid=9613, uid=10070 that is not exported from uid 10057
08-04 14:39:34.546  1297  2631 D OPBF    : setCGroupState():uid:10877, tofreeze=true --->>> ok reason:operateNode reconfirm lastOperation:false lastOperatedReason:updateSystemUiVisibility
08-04 14:39:37.275  1297  8194 E OPBF    : mImportantUids change mLastImportantUids =[10119, 99834, 10670] mImportantUids = [10119, 10138, 99834, 10670]
08-04 14:39:37.311  1297  4372 E OPBF    : mImportantUids change mLastImportantUids =[10119, 10138, 99834, 10670] mImportantUids = [10119, 99834, 10670]
08-04 14:39:37.688  1297  2000 I OpAudioMonitor: MDM,stop.
08-04 14:39:37.688  1297  2000 I OpAudioMonitor: MDM,music is not active, clear
08-04 14:39:37.736  2734  7209 D TextClassifierService: No configured system TextClassifierService
08-04 14:39:37.794  2734  7209 D TextClassifierService: No configured system TextClassifierService
08-04 14:39:41.969  1297  2000 I ActivityManager: Process com.oneplus.account (pid 26711) has died: cch+55 CEM 
08-04 14:39:42.012  1297  1409 I ActivityManager: Start proc 32100:com.google.android.apps.turbo/u0a123 for broadcast {com.google.android.apps.turbo/com.google.android.apps.turbo.nudges.broadcasts.BatteryStatusChangedReceiver}
08-04 14:39:42.065  1297 32099 E OHPD    : [BgDetect] AppForkedProc kworker/6:1H pid 31567 uid 0 can't find pkgName
08-04 14:39:42.338  1297  8194 I ActivityManager: Process com.heytap.cloud (pid 12293) has died: cch+55 CEM 
08-04 14:39:47.168  1297  4357 E OPBF    : mImportantUids change mLastImportantUids =[10119, 99834, 10670] mImportantUids = [10119, 10138, 99834, 10670]
08-04 14:39:47.202  1297  1333 E OPBF    : mImportantUids change mLastImportantUids =[10119, 10138, 99834, 10670] mImportantUids = [10119, 99834, 10670]
08-04 14:39:47.601  1297  1333 I OpAudioMonitor: MDM,stop.
08-04 14:39:47.601  1297  1333 I OpAudioMonitor: MDM,music is not active, clear
08-04 14:39:47.645  2734  7209 D TextClassifierService: No configured system TextClassifierService
08-04 14:39:47.684  2734  7209 D TextClassifierService: No configured system TextClassifierService
08-04 14:39:59.160  1297  4357 E OPBF    : mImportantUids change mLastImportantUids =[10119, 99834, 10670] mImportantUids = [10119, 10138, 99834, 10670]
08-04 14:39:59.196  1297  3710 E OPBF    : mImportantUids change mLastImportantUids =[10119, 10138, 99834, 10670] mImportantUids = [10119, 99834, 10670]
08-04 14:39:59.574  1297  4357 I OpAudioMonitor: MDM,stop.
08-04 14:39:59.574  1297  4357 I OpAudioMonitor: MDM,music is not active, clear
08-04 14:39:59.617  2734  7209 D TextClassifierService: No configured system TextClassifierService
08-04 14:39:59.636  2734  7209 D TextClassifierService: No configured system TextClassifierService
08-04 14:40:00.000  1297  1885 V AlarmManager: Triggering alarm #0: 3 when =1096489894 package =android operation = null listenTag =TIME_TICK flags =0x1
08-04 14:40:08.680  1297  3709 E OPBF    : mImportantUids change mLastImportantUids =[10119, 99834, 10670] mImportantUids = [10119, 10138, 99834, 10670]
08-04 14:40:08.715  1297  8138 E OPBF    : mImportantUids change mLastImportantUids =[10119, 10138, 99834, 10670] mImportantUids = [10119, 99834, 10670]
08-04 14:40:09.104  1297  3730 I OpAudioMonitor: MDM,stop.
08-04 14:40:09.104  1297  3730 I OpAudioMonitor: MDM,music is not active, clear
08-04 14:40:09.147  2734  7209 D TextClassifierService: No configured system TextClassifierService
08-04 14:40:09.166  2734  7209 D TextClassifierService: No configured system TextClassifierService
08-04 14:40:19.374  1297  1885 V AlarmManager: Triggering alarm #0: 3 when =1096509266 package =com.google.android.gms operation =*alarm*:com.google.android.gms.location.fused.SEND_LOCATION_IN_STATIONARY_MODE_ALARM_ALARM_6146 flags =0x1
08-04 14:40:24.011  1297  8138 E OPBF    : mImportantUids change mLastImportantUids =[10119, 99834, 10670] mImportantUids = [10119, 10138, 99834, 10670]
08-04 14:40:24.053  1297  4357 E OPBF    : mImportantUids change mLastImportantUids =[10119, 10138, 99834, 10670] mImportantUids = [10119, 99834, 10670]
08-04 14:40:24.484  1297  8194 I OpAudioMonitor: MDM,stop.
08-04 14:40:24.485  1297  8194 I OpAudioMonitor: MDM,music is not active, clear
08-04 14:40:24.529  2734  7209 D TextClassifierService: No configured system TextClassifierService
08-04 14:40:24.545  2734  7209 D TextClassifierService: No configured system TextClassifierService
08-04 14:40:26.008  1297  1408 E OHPD    : [BgDetect] AppForkedProc kworker/0:0 pid 31225 uid 0 can't find pkgName
08-04 14:40:26.008  1297  1408 E OHPD    : [BgDetect] AppForkedProc kworker/u16:10 pid 31986 uid 0 can't find pkgName
08-04 14:40:26.080  1297  1408 I OHPD    : mCurrentGpsUidList[]
08-04 14:40:26.081  1297  1408 I OHPD    : [BgDetect]chkExcessCpu level: 1 doKills: true critical false uptime: 300121
08-04 14:40:26.082  1297  1408 I OHPD    : isIsolated process: app.uid:99834,app.info.uid:10937, app.processName:com.google.android.webview:sandboxed_process1:org.chromium.content.app.SandboxedProcessService1:0
08-04 14:40:26.083  1297  1408 I OHPD    : isIsolated process: app.uid:99826,app.info.uid:10927, app.processName:com.google.android.webview:sandboxed_process1:org.chromium.content.app.SandboxedProcessService1:0
08-04 14:40:37.021  1297  1407 I UsageStatsService: User[0] Flushing usage stats to disk
08-04 14:40:37.128  1297  1407 E AppIdleHistory: Error writing app idle file for user 0
08-04 14:40:37.128  1297  1407 I UsageStatsService: User[10] Flushing usage stats to disk
08-04 14:40:37.183  1297  1407 E AppIdleHistory: Error writing app idle file for user 10
08-04 14:40:40.965  1297  3710 I DropBoxManagerService: add tag=event_data isTagEnabled=true flags=0x2
08-04 14:40:40.977  1297  3710 D DropBoxManagerService: Copy /data/system/dropbox/event_data@2020-08-04-14_40_40_976.txt to /data/oem_log/
08-04 14:40:40.987  1297  1408 W BroadcastQueue: Background execution not allowed: receiving Intent { act=android.intent.action.DROPBOX_ENTRY_ADDED flg=0x10 (has extras) } to com.google.android.gms/.stats.service.DropBoxEntryAddedReceiver
08-04 14:40:40.987  1297  1408 W BroadcastQueue: Background execution not allowed: receiving Intent { act=android.intent.action.DROPBOX_ENTRY_ADDED flg=0x10 (has extras) } to com.google.android.gms/.chimera.GmsIntentOperationService$PersistentTrustedReceiver
08-04 14:40:43.834  1297  1333 E OPBF    : mImportantUids change mLastImportantUids =[10119, 99834, 10670] mImportantUids = [10119, 10138, 99834, 10670]
08-04 14:40:43.886  1297  8194 E OPBF    : mImportantUids change mLastImportantUids =[10119, 10138, 99834, 10670] mImportantUids = [10119, 99834, 10670]
08-04 14:40:44.233  1297  1333 I OpAudioMonitor: MDM,stop.
08-04 14:40:44.233  1297  1333 I OpAudioMonitor: MDM,music is not active, clear
08-04 14:40:44.274  2734  7209 D TextClassifierService: No configured system TextClassifierService
08-04 14:40:44.329  2734  7209 D TextClassifierService: No configured system TextClassifierService
08-04 14:40:48.756  1297  4357 E OPBF    : mImportantUids change mLastImportantUids =[10119, 99834, 10670] mImportantUids = [10119, 10138, 99834, 10670]
08-04 14:40:48.789  1297  4357 E OPBF    : mImportantUids change mLastImportantUids =[10119, 10138, 99834, 10670] mImportantUids = [10119, 99834, 10670]
08-04 14:40:51.382  1297  1333 E OPBF    : mImportantUids change mLastImportantUids =[10119, 99834, 10670] mImportantUids = [10119, 10138, 99834, 10670]
08-04 14:40:51.423  1297  3710 E OPBF    : mImportantUids change mLastImportantUids =[10119, 10138, 99834, 10670] mImportantUids = [10119, 99834, 10670]
08-04 14:40:51.794  1297  3710 I OpAudioMonitor: MDM,stop.
08-04 14:40:51.795  1297  3710 I OpAudioMonitor: MDM,music is not active, clear
08-04 14:40:51.831  2734  7209 D TextClassifierService: No configured system TextClassifierService
08-04 14:40:51.877  2734  7209 D TextClassifierService: No configured system TextClassifierService
08-04 14:41:00.002  1297  1885 V AlarmManager: Triggering alarm #0: 3 when =1096549894 package =android operation = null listenTag =TIME_TICK flags =0x1
08-04 14:41:12.557  1297  1297 V NotificationService: Interrupting!
08-04 14:41:18.307  1297  8138 I ActivityManager: Process com.oneplus.dirac.simplemanager (pid 25873) has died: cch+55 SVC 
08-04 14:41:18.311  1297  8138 W ActivityManager: Scheduling restart of crashed service com.oneplus.dirac.simplemanager/.BootConfigService in 1000ms
08-04 14:41:19.397  1297  1409 I ActivityManager: Start proc 32332:com.oneplus.dirac.simplemanager/u0a72 for service {com.oneplus.dirac.simplemanager/com.oneplus.dirac.simplemanager.BootConfigService}
08-04 14:41:19.426  1297  1885 V AlarmManager: Triggering alarm #0: 3 when =1096569319 package =com.google.android.gms operation =*alarm*:com.google.android.gms.location.fused.SEND_LOCATION_IN_STATIONARY_MODE_ALARM_ALARM_6147 flags =0x1
08-04 14:41:31.646  1297  3709 I ActivityManager: Process net.oneplus.odm (pid 26451) has died: cch+55 SVC 
08-04 14:41:31.649  1297  3709 W ActivityManager: Scheduling restart of crashed service net.oneplus.odm/.insight.MDMJobService in 1000ms
08-04 14:41:31.649  1297  3709 W ActivityManager: Scheduling restart of crashed service net.oneplus.odm/.DeviceManagerService in 11000ms
08-04 14:41:32.736  1297  1409 I ActivityManager: Start proc 32366:net.oneplus.odm/1000 for service {net.oneplus.odm/net.oneplus.odm.insight.MDMJobService}
08-04 14:41:32.928 32366 32366 W ContextImpl: Calling a method in the system process without a qualified user: android.app.ContextImpl.startService:1604 android.content.ContextWrapper.startService:669 net.oneplus.odm.insight.k.<init>:110 net.oneplus.odm.insight.k.getInstance:6 net.oneplus.odm.DeviceManagerService.onCreate:166 
08-04 14:41:58.443  1297  3709 I ActivityManager: Process com.oneplus.brickmode (pid 27343) has died: cch+55 SVC 
08-04 14:41:58.448  1297  3709 W ActivityManager: Scheduling restart of crashed service com.oneplus.brickmode/.service.LoginSyncService in 1000ms
08-04 14:41:59.543  1297  1409 I ActivityManager: Start proc 32410:com.oneplus.brickmode/1000 for service {com.oneplus.brickmode/com.oneplus.brickmode.service.LoginSyncService}
08-04 14:41:59.789  1297  3709 I ActivityManager: Process com.oneplus.simcontacts (pid 27380) has died: cch+55 SVC 
08-04 14:41:59.793  1297  3709 W ActivityManager: Scheduling restart of crashed service com.oneplus.simcontacts/.autoimport.SimContactsService in 1000ms
08-04 14:42:00.000  1297  1885 V AlarmManager: Triggering alarm #0: 3 when =1096609894 package =android operation = null listenTag =TIME_TICK flags =0x1
08-04 14:42:00.887  1297  1409 I ActivityManager: Start proc 32433:com.oneplus.simcontacts/1001 for service {com.oneplus.simcontacts/com.oneplus.simcontacts.autoimport.SimContactsService}
08-04 14:42:04.973  1297  3709 D ConnectivityService: requestNetwork for uid/pid:10670/4064 NetworkRequest [ TRACK_DEFAULT id=6888, [ Capabilities: INTERNET&NOT_RESTRICTED&TRUSTED Uid: 10670] ]
08-04 14:42:05.073  1297  1409 I ActivityManager: Start proc 32463:com.google.android.webview:sandboxed_process1:org.chromium.content.app.SandboxedProcessService1:43/u0i835 for  {com.fitbit.FitbitMobile/org.chromium.content.app.SandboxedProcessService1:43}
08-04 14:42:05.135  1297  1409 I ActivityManager: Start proc 32472:com.google.android.webview:sandboxed_process1:org.chromium.content.app.SandboxedProcessService1:43/u0i836 for  {com.fitbit.FitbitMobile/org.chromium.content.app.SandboxedProcessService1:43}
08-04 14:42:05.145  1297  2951 I ActivityManager: Killing 32463:com.google.android.webview:sandboxed_process1:org.chromium.content.app.SandboxedProcessService1:43/u0a670i835 (adj 905): isolated not needed
08-04 14:42:05.197  1297  1413 E KernelCpuUidUserSysTimeReader: Negative user/sys time delta for UID=10092
08-04 14:42:05.197  1297  1413 E KernelCpuUidUserSysTimeReader: Prev times: u=32620000 s=14690000 Curr times: u=32600000 s=14590000
08-04 14:42:05.213  1297  2951 I ActivityManager: Process com.oneplus.opwlb (pid 27857) has died: cch+45 CEM 
08-04 14:42:05.835  1297  4373 E OPBF    : mImportantUids change mLastImportantUids =[10119, 99834, 10670] mImportantUids = [10119, 10138, 99834, 10670]
08-04 14:42:05.895  1297  2429 E OPBF    : mImportantUids change mLastImportantUids =[10119, 10138, 99834, 10670] mImportantUids = [10119, 99834, 10670]
08-04 14:42:06.293  1297  4373 I OpAudioMonitor: MDM,stop.
08-04 14:42:06.293  1297  4373 I OpAudioMonitor: MDM,music is not active, clear
08-04 14:42:06.327  2734  7209 D TextClassifierService: No configured system TextClassifierService
08-04 14:42:06.390  2734  7209 D TextClassifierService: No configured system TextClassifierService
08-04 14:42:10.931  1297  2000 I ActivityManager: Process com.qualcomm.telephony (pid 27409) has died: cch+55 SVC 
08-04 14:42:10.935  1297  2000 W ActivityManager: Scheduling restart of crashed service com.qualcomm.atfwd/.AtFwdService in 1000ms
08-04 14:42:12.020  1297  1409 I ActivityManager: Start proc 32540:com.qualcomm.telephony/u0a279 for service {com.qualcomm.atfwd/com.qualcomm.atfwd.AtFwdService}
08-04 14:42:18.602  1297  2000 I ActivityManager: Process com.qti.diagservices (pid 27482) has died: cch+55 SVC 
08-04 14:42:18.609  1297  2000 W ActivityManager: Scheduling restart of crashed service com.qti.diagservices/.QTIDiagServices in 1000ms
08-04 14:42:19.471  1297  1885 V AlarmManager: Triggering alarm #0: 3 when =1096629364 package =com.google.android.gms operation =*alarm*:com.google.android.gms.location.fused.SEND_LOCATION_IN_STATIONARY_MODE_ALARM_ALARM_6148 flags =0x1
08-04 14:42:19.660  1297  1409 I ActivityManager: Start proc 32578:com.qti.diagservices/1000 for service {com.qti.diagservices/com.qti.diagservices.QTIDiagServices}
08-04 14:42:19.813  1297  3709 E OPBF    : mImportantUids change mLastImportantUids =[10119, 99834, 10670] mImportantUids = [10119, 10138, 99834, 10670]
08-04 14:42:19.856  1297  4373 E OPBF    : mImportantUids change mLastImportantUids =[10119, 10138, 99834, 10670] mImportantUids = [10119, 99834, 10670]
08-04 14:42:20.252  1297  3709 I OpAudioMonitor: MDM,stop.
08-04 14:42:20.252  1297  3709 I OpAudioMonitor: MDM,music is not active, clear
08-04 14:42:20.290  2734  7209 D TextClassifierService: No configured system TextClassifierService
08-04 14:42:20.332  2734  7209 D TextClassifierService: No configured system TextClassifierService
08-04 14:42:22.986  1297  1974 D ConnectivityService: releasing NetworkRequest [ TRACK_DEFAULT id=6888, [ Capabilities: INTERNET&NOT_RESTRICTED&TRUSTED Uid: 10670] ] (release request)
08-04 14:42:23.034  1297  8194 I ActivityManager: Killing 32472:com.google.android.webview:sandboxed_process1:org.chromium.content.app.SandboxedProcessService1:43/u0a670i836 (adj 0): isolated not needed
08-04 14:42:23.066  1297  1413 E KernelCpuUidUserSysTimeReader: Negative user/sys time delta for UID=10295
08-04 14:42:23.066  1297  1413 E KernelCpuUidUserSysTimeReader: Prev times: u=255490000 s=102650000 Curr times: u=253830000 s=101900000
08-04 14:42:29.247  1297  1333 I ActivityManager: Process cn.oneplus.nvbackup (pid 27522) has died: cch+55 SVC 
08-04 14:42:29.250  1297  1333 W ActivityManager: Scheduling restart of crashed service cn.oneplus.nvbackup/.NVBackupStatusService in 1000ms
08-04 14:42:30.334  1297  1409 I ActivityManager: Start proc 32618:cn.oneplus.nvbackup/1000 for service {cn.oneplus.nvbackup/cn.oneplus.nvbackup.NVBackupStatusService}
08-04 14:42:30.495 32618 32618 W ContextImpl: Calling a method in the system process without a qualified user: android.app.ContextImpl.startService:1604 android.content.ContextWrapper.startService:669 com.qualcomm.qcrilhook.QcRilHook.<init>:154 cn.oneplus.nvbackup.OemHookManager.onCreate:44 android.app.Instrumentation.callApplicationOnCreate:1197 
08-04 14:42:30.497 32618 32618 W ContextImpl: Calling a method in the system process without a qualified user: android.app.ContextImpl.bindService:1683 android.content.ContextWrapper.bindService:705 com.qualcomm.qcrilhook.QcRilHook.<init>:156 cn.oneplus.nvbackup.OemHookManager.onCreate:44 android.app.Instrumentation.callApplicationOnCreate:1197 
08-04 14:42:41.377  1297  1885 V AlarmManager: Triggering alarm #0: 2 when =1096592814 package =net.oneplus.odm operation =*walarm*:intent_local_schedule flags =0x8
08-04 14:42:41.377  1297  1885 V AlarmManager: Triggering alarm #1: 2 when =1096651262 package =com.google.android.gms operation =*walarm*:com.google.android.gms.gcm.ACTION_CHECK_QUEUE flags =0x0
08-04 14:42:41.377  1297  1885 V AlarmManager: Triggering alarm #2: 3 when =1096537226 package =com.android.phone operation =*alarm*:com.android.internal.telephony.data-stall flags =0x8
08-04 14:42:41.377  1297  1885 V AlarmManager: Triggering alarm #3: 3 when =1096642306 package =com.whatsapp operation =*alarm*:com.whatsapp.alarm.CLIENT_PING_PERIODIC flags =0x0
08-04 14:42:41.525  1297  8194 D ConnectivityServiceInjector: OP_DATA_STALL: opGetDnsInfo() e = java.lang.RuntimeException: bad array lengths
08-04 14:42:41.525  1297  8194 D ConnectivityServiceInjector: OP_DATA_STALL: opGetDnsInfo() resultServers[0] = null
08-04 14:42:41.525  1297  8194 D ConnectivityServiceInjector: OP_DATA_STALL: opGetDnsInfo() resultServers[1] = null
08-04 14:43:00.001  1297  1885 V AlarmManager: Triggering alarm #0: 3 when =1096669894 package =android operation = null listenTag =TIME_TICK flags =0x1
08-04 14:43:19.527  1297  1885 V AlarmManager: Triggering alarm #0: 3 when =1096689420 package =com.google.android.gms operation =*alarm*:com.google.android.gms.location.fused.SEND_LOCATION_IN_STATIONARY_MODE_ALARM_ALARM_6149 flags =0x1
08-04 14:43:24.609  1297  1408 I OHPD    : mCurrentGpsUidList[]
08-04 14:43:24.613  1297  1408 I OHPD    : [BgDetect]chkExcessCpu level: 0 doKills: true critical false uptime: 300124
08-04 14:43:24.614  1297  1408 I OHPD    : isIsolated process: app.uid:99834,app.info.uid:10937, app.processName:com.google.android.webview:sandboxed_process1:org.chromium.content.app.SandboxedProcessService1:0
08-04 14:43:24.615  1297  1408 I OHPD    : isIsolated process: app.uid:99826,app.info.uid:10927, app.processName:com.google.android.webview:sandboxed_process1:org.chromium.content.app.SandboxedProcessService1:0
08-04 14:43:24.646  1297  1413 E BatteryExternalStatsWorker: no controller energy info supplied for bluetooth
08-04 14:43:24.737  1297  1407 D ExtBatteryStatsService: @@@@ awaitUninterruptibly in 120 ms
08-04 14:43:24.758  1297  1408 I OHPD    : [BGC] checkAbnBgKillLocked, doExecution: false
08-04 14:43:24.758  1297  1408 I OHPD    : [BGC] alertWindowUidsSoff :[]
08-04 14:43:24.758  1297  1408 I OHPD    : [BGC] visibleUids :[10019, 10019, 10019, 10019, 10937]
08-04 14:43:24.760  1297  1408 I OHPD    : [BGC] active audio :null
08-04 14:43:24.761  1297  1408 I OHPD    : [BGC] active step counter uids ::10058
08-04 14:43:24.761  1297  1408 I OHPD    : [BGC] locked :[]
08-04 14:43:24.761  1297  1408 I OHPD    : [BGC] mBGCUidArray :[10927, K], 
08-04 14:43:24.761  1297  1408 I OHPD    : [BGC] mBGCUsingTrafficUidSet :
08-04 14:43:24.761  1297  1408 I OHPD    : [BGC] currentIME :com.touchtype.swiftkey
08-04 14:43:28.886  1297  1408 I OHPD    : mCurrentGpsUidList[]
08-04 14:43:28.888  1297  1408 I OHPD    : [BgDetect]chkExcessCpu level: 2 doKills: true critical false uptime: 600027
08-04 14:43:28.888  1297  1408 I OHPD    : isIsolated process: app.uid:99834,app.info.uid:10937, app.processName:com.google.android.webview:sandboxed_process1:org.chromium.content.app.SandboxedProcessService1:0
08-04 14:43:28.893  1297  1408 I OHPD    : isIsolated process: app.uid:99826,app.info.uid:10927, app.processName:com.google.android.webview:sandboxed_process1:org.chromium.content.app.SandboxedProcessService1:0
08-04 14:43:33.309  1297  1885 V AlarmManager: Triggering alarm #0: 2 when =1096703202 package =android operation =*walarm*:NotificationManagerService.TIMEOUT flags =0x9
08-04 14:43:58.603  1297  1974 D ConnectivityService: NetworkAgentInfo [WIFI () - 2596] EVENT_NETWORK_INFO_CHANGED, going from CONNECTED to DISCONNECTED
08-04 14:43:58.603  1297  1974 D ConnectivityService: NetworkAgentInfo [WIFI () - 2596] got DISCONNECTED, was satisfying 47
08-04 14:43:58.663  1297  1409 I ActivityManager: Start proc 32686:com.oneplus.opwlb/u0a295 for broadcast {com.oneplus.opwlb/com.oneplus.opwlb.receiver.TriggerReceiver}
08-04 14:43:58.681  1297  1974 I Nat464Xlat: Android Xlat enabled is doXlat = true
08-04 14:43:58.703  1297  2429 W AppOps  : Noting op not finished: uid 10027 pkg com.google.android.gms code 79 time=1596532147037 duration=-1
08-04 14:43:58.704  1297  1974 D ConnectivityService: Sending DISCONNECTED broadcast for type 1 NetworkAgentInfo [WIFI () - 2596] isDefaultNetwork=true
08-04 14:43:58.719  1297  6559 W AppOps  : Noting op not finished: uid 10027 pkg com.google.android.gms code 79 time=1596532438703 duration=0
08-04 14:43:58.756  1297  1409 I ActivityManager: Start proc 32701:com.heytap.cloud/u0a277 for content provider {com.heytap.cloud/com.cloud.base.commonsdk.state.CloudStatusProvider}
08-04 14:43:58.767  1297  2631 D OPBF    : setCGroupState():uid:10927, tofreeze=false --->>> ok reason:start perform disordered broadcast for action = android.net.conn.CONNECTIVITY_CHANGE
08-04 14:43:58.769  1297  2631 D OPBF    : setCGroupState():uid:99826, tofreeze=false --->>> ok reason:notifyIsolatedUids boundUid thawed cause by uid/pid:10927
08-04 14:43:58.772  1297  2631 D OPBF    : setCGroupState():uid:99826, tofreeze=false --->>> ok reason:start perform disordered broadcast for action = android.net.conn.CONNECTIVITY_CHANGE cause by uid/pid:10927 for resumeRelateProcess binding service
08-04 14:43:58.774  1297  2631 D OPBF    : setCGroupState():uid:99826, tofreeze=false --->>> ok reason:start perform disordered broadcast for action = android.net.conn.CONNECTIVITY_CHANGE cause by uid/pid:10927 for resumeRelateProcess binding service
08-04 14:43:58.783  1297  1297 D OnePlusDuallteManager: # mGeneralReceiver # onReceive # action=android.net.conn.CONNECTIVITY_CHANGE
08-04 14:43:58.866  1297  1297 I Telecom : CallsManager: onImsCapabilityStatusChange phoneId: 0 ,VoLte: false ,ViLte: false ,VoWifi: false ,ViWifi: false ,UTLte: false ,UTWifi: true
08-04 14:43:58.866  1297  1297 I Telecom : CallsManager: onImsCapabilityStatusChange phoneId: 1 ,VoLte: false ,ViLte: false ,VoWifi: false ,ViWifi: false ,UTLte: false ,UTWifi: true
08-04 14:43:58.898  3717  3717 W ContextImpl: Calling a method in the system process without a qualified user: android.app.ContextImpl.sendBroadcast:1069 android.content.ContextWrapper.sendBroadcast:448 com.oneplus.security.SecureService$b.onReceive:8 android.app.LoadedApk$ReceiverDispatcher$Args.lambda$getRunnable$0$LoadedApk$ReceiverDispatcher$Args:1560 android.app.-$$Lambda$LoadedApk$ReceiverDispatcher$Args$_BumDX2UKsnxLVrE6UJsJZkotuA.run:2 
08-04 14:43:58.899  3717  3717 W ContextImpl: Calling a method in the system process without a qualified user: android.app.ContextImpl.sendBroadcast:1069 android.content.ContextWrapper.sendBroadcast:448 com.oneplus.security.SecureService$b.onReceive:8 android.app.LoadedApk$ReceiverDispatcher$Args.lambda$getRunnable$0$LoadedApk$ReceiverDispatcher$Args:1560 android.app.-$$Lambda$LoadedApk$ReceiverDispatcher$Args$_BumDX2UKsnxLVrE6UJsJZkotuA.run:2 
08-04 14:43:58.907  1297  1297 I Telecom : CallsManager: onServiceStateChanged networkType: 13
08-04 14:43:58.907  1297  1297 I Telecom : CallsManager: onServiceStateChanged networkType: 13
08-04 14:43:58.933  1297  1974 D ConnectivityService: NetworkAgentInfo [MOBILE (LTE) - 2143] EVENT_NETWORK_INFO_CHANGED, going from CONNECTED to CONNECTED
08-04 14:43:58.934  3717  3717 W ContextImpl: Calling a method in the system process without a qualified user: android.app.ContextImpl.sendBroadcast:1069 android.content.ContextWrapper.sendBroadcast:448 com.oneplus.security.SecureService$b.onReceive:8 android.app.LoadedApk$ReceiverDispatcher$Args.lambda$getRunnable$0$LoadedApk$ReceiverDispatcher$Args:1560 android.app.-$$Lambda$LoadedApk$ReceiverDispatcher$Args$_BumDX2UKsnxLVrE6UJsJZkotuA.run:2 
08-04 14:43:58.936  1297  1974 I Nat464Xlat: Android Xlat enabled is doXlat = true
08-04 14:43:58.943  3717  3717 W ContextImpl: Calling a method in the system process without a qualified user: android.app.ContextImpl.sendBroadcast:1069 android.content.ContextWrapper.sendBroadcast:448 com.oneplus.security.SecureService$b.onReceive:8 android.app.LoadedApk$ReceiverDispatcher$Args.lambda$getRunnable$0$LoadedApk$ReceiverDispatcher$Args:1560 android.app.-$$Lambda$LoadedApk$ReceiverDispatcher$Args$_BumDX2UKsnxLVrE6UJsJZkotuA.run:2 
08-04 14:43:59.056  1297  1974 I Nat464Xlat: Android Xlat enabled is doXlat = true
08-04 14:43:59.144  1297  1409 I ActivityManager: Start proc 300:com.oneplus.account/u0a92 for content provider {com.oneplus.account/com.oneplus.account.provider.AccountProvider}
08-04 14:43:59.168  3717  3717 W ContextImpl: Calling a method in the system process without a qualified user: android.app.ContextImpl.sendBroadcast:1069 android.content.ContextWrapper.sendBroadcast:448 com.oneplus.security.SecureService$b.onReceive:8 android.app.LoadedApk$ReceiverDispatcher$Args.lambda$getRunnable$0$LoadedApk$ReceiverDispatcher$Args:1560 android.app.-$$Lambda$LoadedApk$ReceiverDispatcher$Args$_BumDX2UKsnxLVrE6UJsJZkotuA.run:2 
08-04 14:43:59.192  1297  1297 I Telecom : CallsManager: onImsCapabilityStatusChange phoneId: 0 ,VoLte: true ,ViLte: false ,VoWifi: false ,ViWifi: false ,UTLte: true ,UTWifi: false
08-04 14:43:59.192  1297  1297 I Telecom : CallsManager: onImsCapabilityStatusChange phoneId: 1 ,VoLte: true ,ViLte: false ,VoWifi: false ,ViWifi: false ,UTLte: true ,UTWifi: false
08-04 14:43:59.337  1297  1297 I Telecom : CallsManager: onImsCapabilityStatusChange phoneId: 0 ,VoLte: true ,ViLte: false ,VoWifi: false ,ViWifi: false ,UTLte: true ,UTWifi: false
08-04 14:43:59.338  1297  1297 I Telecom : CallsManager: onImsCapabilityStatusChange phoneId: 1 ,VoLte: true ,ViLte: false ,VoWifi: false ,ViWifi: false ,UTLte: true ,UTWifi: false
08-04 14:43:59.442 32701 32762 E ActivityThread: Failed to find provider info for com.nearme.romupdate.provider.db
08-04 14:43:59.751  3717  4105 W ContextImpl: Calling a method in the system process without a qualified user: android.app.ContextImpl.startService:1604 android.content.ContextWrapper.startService:669 com.oneplus.security.firewall.NetworkRestrictService.a:8 com.oneplus.security.receiver.a.e:3 com.oneplus.security.SecureService$a.handleMessage:10 
08-04 14:43:59.773  3717  4105 W ContextImpl: Calling a method in the system process without a qualified user: android.app.ContextImpl.startService:1604 android.content.ContextWrapper.startService:669 com.oneplus.security.network.trafficalarm.TrafficUsageAlarmIntentService.a:3 com.oneplus.security.SecureService.a:33 com.oneplus.security.SecureService.a:9 
08-04 14:44:00.000  1297  1885 V AlarmManager: Triggering alarm #0: 3 when =1096729894 package =android operation = null listenTag =TIME_TICK flags =0x1
08-04 14:44:00.023  1297  1297 I Telecom : CallsManager: onServiceStateChanged networkType: 13
08-04 14:44:00.023  1297  1297 I Telecom : CallsManager: onServiceStateChanged networkType: 13
08-04 14:44:00.062  3717  3717 W ContextImpl: Calling a method in the system process without a qualified user: android.app.ContextImpl.sendBroadcast:1069 android.content.ContextWrapper.sendBroadcast:448 com.oneplus.security.SecureService$b.onReceive:8 android.app.LoadedApk$ReceiverDispatcher$Args.lambda$getRunnable$0$LoadedApk$ReceiverDispatcher$Args:1560 android.app.-$$Lambda$LoadedApk$ReceiverDispatcher$Args$_BumDX2UKsnxLVrE6UJsJZkotuA.run:2 
08-04 14:44:00.070  3717  3717 W ContextImpl: Calling a method in the system process without a qualified user: android.app.ContextImpl.sendBroadcast:1069 android.content.ContextWrapper.sendBroadcast:448 com.oneplus.security.SecureService$b.onReceive:8 android.app.LoadedApk$ReceiverDispatcher$Args.lambda$getRunnable$0$LoadedApk$ReceiverDispatcher$Args:1560 android.app.-$$Lambda$LoadedApk$ReceiverDispatcher$Args$_BumDX2UKsnxLVrE6UJsJZkotuA.run:2 
08-04 14:44:00.092  1297  1297 I Telecom : CallsManager: onServiceStateChanged networkType: 13
08-04 14:44:00.092  1297  1297 I Telecom : CallsManager: onServiceStateChanged networkType: 13
08-04 14:44:00.116  1297  1974 D ConnectivityService: NetworkAgentInfo [MOBILE (LTE) - 2143] EVENT_NETWORK_INFO_CHANGED, going from CONNECTED to CONNECTED
08-04 14:44:00.123  3717  3717 W ContextImpl: Calling a method in the system process without a qualified user: android.app.ContextImpl.sendBroadcast:1069 android.content.ContextWrapper.sendBroadcast:448 com.oneplus.security.SecureService$b.onReceive:8 android.app.LoadedApk$ReceiverDispatcher$Args.lambda$getRunnable$0$LoadedApk$ReceiverDispatcher$Args:1560 android.app.-$$Lambda$LoadedApk$ReceiverDispatcher$Args$_BumDX2UKsnxLVrE6UJsJZkotuA.run:2 
08-04 14:44:00.141  3717  3717 W ContextImpl: Calling a method in the system process without a qualified user: android.app.ContextImpl.sendBroadcast:1069 android.content.ContextWrapper.sendBroadcast:448 com.oneplus.security.SecureService$b.onReceive:8 android.app.LoadedApk$ReceiverDispatcher$Args.lambda$getRunnable$0$LoadedApk$ReceiverDispatcher$Args:1560 android.app.-$$Lambda$LoadedApk$ReceiverDispatcher$Args$_BumDX2UKsnxLVrE6UJsJZkotuA.run:2 
08-04 14:44:00.266  1297  4373 D ConnectivityService: registerNetworkAgent NetworkAgentInfo{ ni{[type: MOBILE[LTE], state: CONNECTED/CONNECTED, reason: connected, extra: airtelgprs.com, failover: false, available: true, roaming: false]}  network{2597}  nethandle{11157435764749}  lp{{InterfaceName: rmnet_data1 LinkAddresses: [ 100.71.138.230/30 ] DnsAddresses: [ /125.22.47.102,/59.144.144.106 ] Domains: null MTU: 1500 TcpBufferSizes: 4096,6291456,12582912,4096,1048576,2097152 Routes: [ 0.0.0.0/0 -> 100.71.138.229 rmnet_data1,100.71.138.228/30 -> 0.0.0.0 rmnet_data1 ]}}  nc{[ Transports: CELLULAR Capabilities: SUPL&INTERNET&NOT_RESTRICTED&TRUSTED&NOT_VPN&NOT_ROAMING&FOREGROUND&NOT_CONGESTED&NOT_SUSPENDED LinkUpBandwidth>=51200Kbps LinkDnBandwidth>=102400Kbps Specifier: <1>]}  Score{10}  everValidated{false}  lastValidated{false}  created{false} lingering{false} explicitlySelected{false} acceptUnvalidated{false} everCaptivePortalDetected{false} lastCaptivePortalDetected{false} captivePortalValidationPending{false} partialConnectivity{false} acceptPartialConnectivity{false} clat{mBaseIface: null, mIface: null, mState: IDLE} }
08-04 14:44:00.269  1297  1974 D ConnectivityService: NetworkAgentInfo [MOBILE (LTE) - 2597] EVENT_NETWORK_INFO_CHANGED, going from null to CONNECTED
08-04 14:44:00.275  1297  1974 W DnsManager: updatePrivateDns(2597, PrivateDnsConfig{true:/[]})
08-04 14:44:00.275  1297  1974 D ConnectivityService: Setting DNS servers for network 2597 to [/125.22.47.102, /59.144.144.106]
08-04 14:44:00.275  1297  1974 D DnsManager: setDnsConfigurationForNetwork(2597, [125.22.47.102, 59.144.144.106], [], 1800, 25, 8, 64, 0, 0, , [125.22.47.102, 59.144.144.106])
08-04 14:44:00.279  3717  3717 W ContextImpl: Calling a method in the system process without a qualified user: android.app.ContextImpl.sendBroadcast:1069 android.content.ContextWrapper.sendBroadcast:448 com.oneplus.security.SecureService$b.onReceive:8 android.app.LoadedApk$ReceiverDispatcher$Args.lambda$getRunnable$0$LoadedApk$ReceiverDispatcher$Args:1560 android.app.-$$Lambda$LoadedApk$ReceiverDispatcher$Args$_BumDX2UKsnxLVrE6UJsJZkotuA.run:2 
08-04 14:44:00.281  1297  1974 D ConnectivityService: Adding iface rmnet_data1 to network 2597
08-04 14:44:00.298  1297  1974 D ConnectivityService: Setting DNS servers for network 2597 to [/125.22.47.102, /59.144.144.106]
08-04 14:44:00.299  1297  1974 D DnsManager: setDnsConfigurationForNetwork(2597, [125.22.47.102, 59.144.144.106], [], 1800, 25, 8, 64, 0, 0, , [125.22.47.102, 59.144.144.106])
08-04 14:44:00.300  1297  1974 I Nat464Xlat: Android Xlat enabled is doXlat = true
08-04 14:44:00.329  1297  1974 D ConnectivityService: Switching to new default network: NetworkAgentInfo{ ni{[type: MOBILE[LTE], state: CONNECTED/CONNECTED, reason: connected, extra: airtelgprs.com, failover: false, available: true, roaming: false]}  network{2597}  nethandle{11157435764749}  lp{{InterfaceName: rmnet_data1 LinkAddresses: [ 100.71.138.230/30 ] DnsAddresses: [ /125.22.47.102,/59.144.144.106 ] Domains: null MTU: 1500 TcpBufferSizes: 4096,6291456,12582912,4096,1048576,2097152 Routes: [ 0.0.0.0/0 -> 100.71.138.229 rmnet_data1,100.71.138.228/30 -> 0.0.0.0 rmnet_data1 ]}}  nc{[ Transports: CELLULAR Capabilities: SUPL&INTERNET&NOT_RESTRICTED&TRUSTED&NOT_VPN&NOT_ROAMING&FOREGROUND&NOT_CONGESTED&NOT_SUSPENDED LinkUpBandwidth>=51200Kbps LinkDnBandwidth>=102400Kbps Specifier: <1>]}  Score{10}  everValidated{false}  lastValidated{false}  created{true} lingering{false} explicitlySelected{false} acceptUnvalidated{false} everCaptivePortalDetected{false} lastCaptivePortalDetected{false} captivePortalValidationPending{false} partialConnectivity{false} acceptPartialConnectivity{false} clat{mBaseIface: null, mIface: null, mState: IDLE} }
08-04 14:44:00.330  1297   636 I WifiService: countryCode: IN
08-04 14:44:00.380  1297  1974 D ConnectivityService: Sending CONNECTED broadcast for type 0 NetworkAgentInfo [MOBILE (LTE) - 2597] isDefaultNetwork=true
08-04 14:44:00.402  1297  1974 I Nat464Xlat: Android Xlat enabled is doXlat = true
08-04 14:44:00.419  1297  1297 D OnePlusDuallteManager: # mGeneralReceiver # onReceive # action=android.net.conn.CONNECTIVITY_CHANGE
08-04 14:44:00.423 30284 30284 E ActivityThread: Failed to find provider info for com.oneplus.retailmode.provider
08-04 14:44:00.432  1297  1974 D ConnectivityService: NetworkAgentInfo [MOBILE (LTE) - 2597] EVENT_NETWORK_INFO_CHANGED, going from CONNECTED to CONNECTED
08-04 14:44:00.447 30284 30284 W ContextImpl: Calling a method in the system process without a qualified user: android.app.ContextImpl.startService:1604 android.content.ContextWrapper.startService:669 com.oneplus.opbackup.service.BackupService.a:44 com.oneplus.opbackup.receiver.CheckUpdateReceiver.a:236 com.oneplus.opbackup.receiver.NetworkListenerService$a.onReceive:48 
08-04 14:44:00.815  1297   636 I WifiService: countryCode: IN
08-04 14:44:00.839  1297  1408 W BroadcastQueue: Background execution not allowed: receiving Intent { act=android.net.conn.NETWORK_CONDITIONS_MEASURED flg=0x10 (has extras) } to com.google.android.gms/.chimera.GmsIntentOperationService$PersistentTrustedReceiver
08-04 14:44:00.839  1297  1974 D ConnectivityService: NetworkAgentInfo [MOBILE (LTE) - 2597] validation passed
08-04 14:44:00.852  1297  1974 D ConnectivityService: Setting DNS servers for network 2597 to [/125.22.47.102, /59.144.144.106]
08-04 14:44:00.852  1297  1974 D DnsManager: setDnsConfigurationForNetwork(2597, [125.22.47.102, 59.144.144.106], [], 1800, 25, 8, 64, 0, 0, , [125.22.47.102, 59.144.144.106])
08-04 14:44:01.092  1297  2128 W ActivityManager: Background start not allowed: service Intent { act=com.whatsapp.messaging.MessageService.START cmp=com.whatsapp/.messaging.MessageService } to com.whatsapp/.messaging.MessageService from pid=18201 uid=10111 pkg=com.whatsapp startFg?=false
08-04 14:44:01.391  3717  4105 W ContextImpl: Calling a method in the system process without a qualified user: android.app.ContextImpl.startService:1604 android.content.ContextWrapper.startService:669 com.oneplus.security.firewall.NetworkRestrictService.a:8 com.oneplus.security.receiver.a.e:3 com.oneplus.security.SecureService$a.handleMessage:10 
08-04 14:44:01.410  3717  4105 W ContextImpl: Calling a method in the system process without a qualified user: android.app.ContextImpl.startService:1604 android.content.ContextWrapper.startService:669 com.oneplus.security.network.trafficalarm.TrafficUsageAlarmIntentService.a:3 com.oneplus.security.SecureService.a:33 com.oneplus.security.SecureService.a:9 
08-04 14:44:01.437  1297  3726 E OPBF    : mImportantUids change mLastImportantUids =[10119, 99834, 10670] mImportantUids = [10119, 99834, 10670, 10111]
08-04 14:44:01.476  1297  2951 E OPBF    : mImportantUids change mLastImportantUids =[10119, 99834, 10670, 10111] mImportantUids = [10119, 99834, 10670]
08-04 14:44:02.067  1157  1157 W wificond: Scan is not started. Ignore abort request
08-04 14:44:02.387  1297  1946 D ConnectivityService: registerNetworkAgent NetworkAgentInfo{ ni{[type: WIFI[], state: CONNECTING/CONNECTING, reason: (unspecified), extra: (none), failover: false, available: true, roaming: false]}  network{2598}  nethandle{11161730732045}  lp{{InterfaceName: wlan0 LinkAddresses: [ ] DnsAddresses: [ ] Domains: null MTU: 0 Routes: [ ]}}  nc{[ Transports: WIFI Capabilities: NOT_METERED&INTERNET&NOT_RESTRICTED&TRUSTED&NOT_VPN&NOT_ROAMING&FOREGROUND&NOT_CONGESTED&NOT_SUSPENDED LinkUpBandwidth>=1048576Kbps LinkDnBandwidth>=1048576Kbps Specifier: <WifiNetworkAgentSpecifier [WifiConfiguration=, SSID="Lucifer-slow", BSSID=0c:80:63:85:8b:37, mOriginalRequestorUid=-1, mOriginalRequestorPackageName=]> SSID: "Lucifer-slow"]}  Score{20}  everValidated{false}  lastValidated{false}  created{false} lingering{false} explicitlySelected{false} acceptUnvalidated{false} everCaptivePortalDetected{false} lastCaptivePortalDetected{false} captivePortalValidationPending{false} partialConnectivity{false} acceptPartialConnectivity{false} clat{mBaseIface: null, mIface: null, mState: IDLE} }
08-04 14:44:02.399  1297  1974 D ConnectivityService: NetworkAgentInfo [WIFI () - 2598] EVENT_NETWORK_INFO_CHANGED, going from null to CONNECTING
08-04 14:44:02.515  1297  1974 D ConnectivityService: NetworkAgentInfo [WIFI () - 2598] EVENT_NETWORK_INFO_CHANGED, going from CONNECTING to CONNECTING
08-04 14:44:02.526  1297  1974 I Nat464Xlat: Android Xlat enabled is doXlat = true
08-04 14:44:02.775  1297  1974 I Nat464Xlat: Android Xlat enabled is doXlat = true
08-04 14:44:03.081  1297  1974 E ConnectivityService: Exception in addRoute for non-gateway: java.lang.IllegalStateException: android.os.ServiceSpecificException: Machine is not on the network (code 64)
08-04 14:44:03.082  1297  1974 E ConnectivityService: Exception in addRoute for gateway: java.lang.IllegalStateException: android.os.ServiceSpecificException: Machine is not on the network (code 64)
08-04 14:44:03.082  1297  1974 I Nat464Xlat: Android Xlat enabled is doXlat = true
08-04 14:44:03.107  1297  1974 D ConnectivityService: Setting DNS servers for network 2598 to [/192.168.0.1]
08-04 14:44:03.107  1297  1974 D DnsManager: setDnsConfigurationForNetwork(2598, [192.168.0.1], [], 1800, 25, 8, 64, 0, 0, , [])
08-04 14:44:03.116  1297  1974 E DnsManager: Error setting DNS configuration: android.os.ServiceSpecificException: Machine is not on the network (code 64)
08-04 14:44:03.116  1297  1974 I Nat464Xlat: Android Xlat enabled is doXlat = true
08-04 14:44:03.143  1297  1974 D ConnectivityService: NetworkAgentInfo [WIFI () - 2598] EVENT_NETWORK_INFO_CHANGED, going from CONNECTING to CONNECTED
08-04 14:44:03.144  1297  1974 W DnsManager: updatePrivateDns(2598, PrivateDnsConfig{true:/[]})
08-04 14:44:03.144  1297  1974 D ConnectivityService: Setting DNS servers for network 2598 to [/192.168.0.1]
08-04 14:44:03.144  1297  1974 D DnsManager: setDnsConfigurationForNetwork(2598, [192.168.0.1], [], 1800, 25, 8, 64, 0, 0, , [192.168.0.1])
08-04 14:44:03.145  1297  1974 D ConnectivityService: Adding iface wlan0 to network 2598
08-04 14:44:03.157  1297  1974 D ConnectivityService: Setting DNS servers for network 2598 to [/192.168.0.1]
08-04 14:44:03.157  1297  1974 D DnsManager: setDnsConfigurationForNetwork(2598, [192.168.0.1], [], 1800, 25, 8, 64, 0, 0, , [192.168.0.1])
08-04 14:44:03.174  1297  1974 I Nat464Xlat: Android Xlat enabled is doXlat = true
08-04 14:44:03.206   721  1369 E NetlinkEvent: NetlinkEvent::FindParam(): Parameter 'INTERFACE' not found
08-04 14:44:03.206   721  1369 E NetlinkEvent: NetlinkEvent::FindParam(): Parameter 'STATE' not found
08-04 14:44:03.206   721  1369 E NetlinkEvent: NetlinkEvent::FindParam(): Parameter 'TIME_NS' not found
08-04 14:44:03.206   721  1369 E NetlinkEvent: NetlinkEvent::FindParam(): Parameter 'UID' not found
08-04 14:44:03.209  1297   779 I WifiService: countryCode: IN
08-04 14:44:03.212  1297  1974 D ConnectivityService: Switching to new default network: NetworkAgentInfo{ ni{[type: WIFI[], state: CONNECTED/CONNECTED, reason: (unspecified), extra: (none), failover: false, available: true, roaming: false]}  network{2598}  nethandle{11161730732045}  lp{{InterfaceName: wlan0 LinkAddresses: [ fe80::f85a:18ff:fe8f:bc28/64,192.168.0.101/24 ] DnsAddresses: [ /192.168.0.1 ] Domains: null MTU: 0 TcpBufferSizes: 524288,1048576,4194304,524288,1048576,4194304 Routes: [ fe80::/64 -> :: wlan0,192.168.0.0/24 -> 0.0.0.0 wlan0,0.0.0.0/0 -> 192.168.0.1 wlan0 ]}}  nc{[ Transports: WIFI Capabilities: NOT_METERED&INTERNET&NOT_RESTRICTED&TRUSTED&NOT_VPN&NOT_ROAMING&FOREGROUND&NOT_CONGESTED&NOT_SUSPENDED LinkUpBandwidth>=1048576Kbps LinkDnBandwidth>=1048576Kbps Specifier: <WifiNetworkAgentSpecifier [WifiConfiguration=, SSID="Lucifer-slow", BSSID=0c:80:63:85:8b:37, mOriginalRequestorUid=-1, mOriginalRequestorPackageName=]> SignalStrength: -38 SSID: "Lucifer-slow"]}  Score{100}  everValidated{false}  lastValidated{false}  created{true} lingering{false} explicitlySelected{true} acceptUnvalidated{true} everCaptivePortalDetected{false} lastCaptivePortalDetected{false} captivePortalValidationPending{false} partialConnectivity{false} acceptPartialConnectivity{false} clat{mBaseIface: null, mIface: null, mState: IDLE} }
08-04 14:44:03.274  1297  1974 D ConnectivityService: Lingering NetworkAgentInfo [MOBILE (LTE) - 2597] for 5000ms
08-04 14:44:03.275  1297  1974 D ConnectivityService: Sending DISCONNECTED broadcast for type 0 NetworkAgentInfo [MOBILE (LTE) - 2597] isDefaultNetwork=true
08-04 14:44:03.278  1297  1974 D ConnectivityService: Sending CONNECTED broadcast for type 1 NetworkAgentInfo [WIFI () - 2598] isDefaultNetwork=true
08-04 14:44:03.296  1297   779 I WifiService: countryCode: IN
08-04 14:44:03.310  1297  1408 W BroadcastQueue: Background execution not allowed: receiving Intent { act=android.net.conn.NETWORK_CONDITIONS_MEASURED flg=0x10 (has extras) } to com.google.android.gms/.chimera.GmsIntentOperationService$PersistentTrustedReceiver
08-04 14:44:03.315 30284 30284 E ActivityThread: Failed to find provider info for com.oneplus.retailmode.provider
08-04 14:44:03.316 30284 30284 W ContextImpl: Calling a method in the system process without a qualified user: android.app.ContextImpl.startService:1604 android.content.ContextWrapper.startService:669 com.oneplus.opbackup.service.BackupService.a:44 com.oneplus.opbackup.receiver.CheckUpdateReceiver.a:236 com.oneplus.opbackup.receiver.NetworkListenerService$a.onReceive:48 
08-04 14:44:03.331  1297  1974 D ConnectivityService: NetworkAgentInfo [WIFI () - 2598] validation passed
08-04 14:44:03.336  1297  1297 D OnePlusDuallteManager: # mGeneralReceiver # onReceive # action=android.net.conn.CONNECTIVITY_CHANGE
08-04 14:44:03.340  1297  1297 D OnePlusDuallteManager: # mGeneralReceiver # onReceive # action=android.net.conn.CONNECTIVITY_CHANGE
08-04 14:44:03.348 30284 30284 E ActivityThread: Failed to find provider info for com.oneplus.retailmode.provider
08-04 14:44:03.349 30284 30284 W ContextImpl: Calling a method in the system process without a qualified user: android.app.ContextImpl.startService:1604 android.content.ContextWrapper.startService:669 com.oneplus.opbackup.service.BackupService.a:44 com.oneplus.opbackup.receiver.CheckUpdateReceiver.a:236 com.oneplus.opbackup.receiver.NetworkListenerService$a.onReceive:48 
08-04 14:44:03.362  1297  1974 D ConnectivityService: Setting DNS servers for network 2598 to [/192.168.0.1]
08-04 14:44:03.363  1297  1974 D DnsManager: setDnsConfigurationForNetwork(2598, [192.168.0.1], [], 1800, 25, 8, 64, 0, 0, , [192.168.0.1])
08-04 14:44:03.409  1297  1297 I Telecom : CallsManager: onImsCapabilityStatusChange phoneId: 0 ,VoLte: true ,ViLte: false ,VoWifi: false ,ViWifi: false ,UTLte: true ,UTWifi: false
08-04 14:44:03.410  1297  1297 I Telecom : CallsManager: onImsCapabilityStatusChange phoneId: 1 ,VoLte: true ,ViLte: false ,VoWifi: false ,ViWifi: false ,UTLte: true ,UTWifi: false
08-04 14:44:03.419  1297  3719 I ActivityManager: Process sg.bigo.ludolegend:service (pid 26838) has died: cch+55 CEM 
08-04 14:44:03.427  1297  3719 W ActivityManager: Failure disconnecting service sg.bigo.ludolegend/sg.bigo.game.service.YYService to connection android.os.BinderProxy@d42e4ff (in sg.bigo.ludolegend)
08-04 14:44:03.427  1297  3719 W ActivityManager: android.os.DeadObjectException
08-04 14:44:03.427  1297  3719 W ActivityManager: 	at android.os.BinderProxy.transactNative(Native Method)
08-04 14:44:03.427  1297  3719 W ActivityManager: 	at android.os.BinderProxy.transact(BinderProxy.java:557)
08-04 14:44:03.427  1297  3719 W ActivityManager: 	at android.app.IServiceConnection$Stub$Proxy.connected(IServiceConnection.java:129)
