08-04 14:54:04.972  1297  1974 D DnsManager: setDnsConfigurationForNetwork(2599, [125.22.47.102, 59.144.144.106], [], 1800, 25, 8, 64, 0, 0, , [125.22.47.102, 59.144.144.106])
08-04 14:54:05.168  1297  2128 I DropBoxManagerService: add tag=platform_stats_bookmark isTagEnabled=true flags=0x2
08-04 14:54:05.182  1297  3716 W ActivityManager: Background start not allowed: service Intent { act=com.whatsapp.messaging.MessageService.START cmp=com.whatsapp/.messaging.MessageService } to com.whatsapp/.messaging.MessageService from pid=18201 uid=10111 pkg=com.whatsapp startFg?=false
08-04 14:54:05.184  1297  2128 D DropBoxManagerService: Copy /data/system/dropbox/platform_stats_bookmark@2020-08-04-14_54_05_183.txt to /data/oem_log/
08-04 14:54:05.188  1297  1408 W BroadcastQueue: Background execution not allowed: receiving Intent { act=android.intent.action.DROPBOX_ENTRY_ADDED flg=0x10 (has extras) } to com.google.android.gms/.stats.service.DropBoxEntryAddedReceiver
08-04 14:54:05.188  1297  1408 W BroadcastQueue: Background execution not allowed: receiving Intent { act=android.intent.action.DROPBOX_ENTRY_ADDED flg=0x10 (has extras) } to com.google.android.gms/.chimera.GmsIntentOperationService$PersistentTrustedReceiver
08-04 14:54:05.246  1297  2128 I DropBoxManagerService: add tag=platform_stats_bookmark isTagEnabled=true flags=0x2
08-04 14:54:05.251  1297  2128 D DropBoxManagerService: Copy /data/system/dropbox/platform_stats_bookmark@2020-08-04-14_54_05_251.txt to /data/oem_log/
08-04 14:54:05.255  1297  1408 W BroadcastQueue: Background execution not allowed: receiving Intent { act=android.intent.action.DROPBOX_ENTRY_ADDED flg=0x10 (has extras) } to com.google.android.gms/.stats.service.DropBoxEntryAddedReceiver
08-04 14:54:05.255  1297  1408 W BroadcastQueue: Background execution not allowed: receiving Intent { act=android.intent.action.DROPBOX_ENTRY_ADDED flg=0x10 (has extras) } to com.google.android.gms/.chimera.GmsIntentOperationService$PersistentTrustedReceiver
08-04 14:54:05.524  1297  9007 E OPBF    : mImportantUids change mLastImportantUids =[10119, 99834, 10670] mImportantUids = [10119, 99834, 10670, 10111]
08-04 14:54:05.555  1297  4373 E OPBF    : mImportantUids change mLastImportantUids =[10119, 99834, 10670, 10111] mImportantUids = [10119, 99834, 10670]
08-04 14:54:05.592  3717  4105 W ContextImpl: Calling a method in the system process without a qualified user: android.app.ContextImpl.startService:1604 android.content.ContextWrapper.startService:669 com.oneplus.security.firewall.NetworkRestrictService.a:8 com.oneplus.security.receiver.a.e:3 com.oneplus.security.SecureService$a.handleMessage:10 
08-04 14:54:05.609  3717  4105 W ContextImpl: Calling a method in the system process without a qualified user: android.app.ContextImpl.startService:1604 android.content.ContextWrapper.startService:669 com.oneplus.security.network.trafficalarm.TrafficUsageAlarmIntentService.a:3 com.oneplus.security.SecureService.a:33 com.oneplus.security.SecureService.a:9 
08-04 14:54:06.466  1157  1157 W wificond: Scan is not started. Ignore abort request
08-04 14:54:06.755  1297  1946 D ConnectivityService: registerNetworkAgent NetworkAgentInfo{ ni{[type: WIFI[], state: CONNECTING/CONNECTING, reason: (unspecified), extra: (none), failover: false, available: true, roaming: false]}  network{2600}  nethandle{11170320666637}  lp{{InterfaceName: wlan0 LinkAddresses: [ ] DnsAddresses: [ ] Domains: null MTU: 0 Routes: [ ]}}  nc{[ Transports: WIFI Capabilities: NOT_METERED&INTERNET&NOT_RESTRICTED&TRUSTED&NOT_VPN&NOT_ROAMING&FOREGROUND&NOT_CONGESTED&NOT_SUSPENDED LinkUpBandwidth>=1048576Kbps LinkDnBandwidth>=1048576Kbps Specifier: <WifiNetworkAgentSpecifier [WifiConfiguration=, SSID="Lucifer-slow", BSSID=0c:80:63:85:8b:37, mOriginalRequestorUid=-1, mOriginalRequestorPackageName=]> SSID: "Lucifer-slow"]}  Score{20}  everValidated{false}  lastValidated{false}  created{false} lingering{false} explicitlySelected{false} acceptUnvalidated{false} everCaptivePortalDetected{false} lastCaptivePortalDetected{false} captivePortalValidationPending{false} partialConnectivity{false} acceptPartialConnectivity{false} clat{mBaseIface: null, mIface: null, mState: IDLE} }
08-04 14:54:06.757  1297  1974 D ConnectivityService: NetworkAgentInfo [WIFI () - 2600] EVENT_NETWORK_INFO_CHANGED, going from null to CONNECTING
08-04 14:54:06.836  1297  1974 D ConnectivityService: NetworkAgentInfo [WIFI () - 2600] EVENT_NETWORK_INFO_CHANGED, going from CONNECTING to CONNECTING
08-04 14:54:06.857  1297  1974 I Nat464Xlat: Android Xlat enabled is doXlat = true
08-04 14:54:07.297  1297  1974 I Nat464Xlat: Android Xlat enabled is doXlat = true
08-04 14:54:07.411  1297  1974 E ConnectivityService: Exception in addRoute for non-gateway: java.lang.IllegalStateException: android.os.ServiceSpecificException: Machine is not on the network (code 64)
08-04 14:54:07.412  1297  1974 E ConnectivityService: Exception in addRoute for gateway: java.lang.IllegalStateException: android.os.ServiceSpecificException: Machine is not on the network (code 64)
08-04 14:54:07.412  1297  1974 I Nat464Xlat: Android Xlat enabled is doXlat = true
08-04 14:54:07.463  1297  1974 D ConnectivityService: Setting DNS servers for network 2600 to [/192.168.0.1]
08-04 14:54:07.463  1297  1974 D DnsManager: setDnsConfigurationForNetwork(2600, [192.168.0.1], [], 1800, 25, 8, 64, 0, 0, , [])
08-04 14:54:07.464  1297  1974 E DnsManager: Error setting DNS configuration: android.os.ServiceSpecificException: Machine is not on the network (code 64)
08-04 14:54:07.464  1297  1974 I Nat464Xlat: Android Xlat enabled is doXlat = true
08-04 14:54:07.502  1297  1974 D ConnectivityService: NetworkAgentInfo [WIFI () - 2600] EVENT_NETWORK_INFO_CHANGED, going from CONNECTING to CONNECTED
08-04 14:54:07.504  1297  1974 W DnsManager: updatePrivateDns(2600, PrivateDnsConfig{true:/[]})
08-04 14:54:07.504  1297  1974 D ConnectivityService: Setting DNS servers for network 2600 to [/192.168.0.1]
08-04 14:54:07.505  1297  1974 D DnsManager: setDnsConfigurationForNetwork(2600, [192.168.0.1], [], 1800, 25, 8, 64, 0, 0, , [192.168.0.1])
08-04 14:54:07.508  1297  1974 D ConnectivityService: Adding iface wlan0 to network 2600
08-04 14:54:07.531  1297  1974 D ConnectivityService: Setting DNS servers for network 2600 to [/192.168.0.1]
08-04 14:54:07.531  1297  1974 D DnsManager: setDnsConfigurationForNetwork(2600, [192.168.0.1], [], 1800, 25, 8, 64, 0, 0, , [192.168.0.1])
08-04 14:54:07.533  1297  1974 I Nat464Xlat: Android Xlat enabled is doXlat = true
08-04 14:54:07.568  1297  2609 I WifiService: countryCode: IN
08-04 14:54:07.568   721  1369 E NetlinkEvent: NetlinkEvent::FindParam(): Parameter 'INTERFACE' not found
08-04 14:54:07.568   721  1369 E NetlinkEvent: NetlinkEvent::FindParam(): Parameter 'STATE' not found
08-04 14:54:07.568   721  1369 E NetlinkEvent: NetlinkEvent::FindParam(): Parameter 'TIME_NS' not found
08-04 14:54:07.568   721  1369 E NetlinkEvent: NetlinkEvent::FindParam(): Parameter 'UID' not found
08-04 14:54:07.580  1297  1974 D ConnectivityService: Switching to new default network: NetworkAgentInfo{ ni{[type: WIFI[], state: CONNECTED/CONNECTED, reason: (unspecified), extra: (none), failover: false, available: true, roaming: false]}  network{2600}  nethandle{11170320666637}  lp{{InterfaceName: wlan0 LinkAddresses: [ fe80::f85a:18ff:fe8f:bc28/64,192.168.0.101/24 ] DnsAddresses: [ /192.168.0.1 ] Domains: null MTU: 0 TcpBufferSizes: 524288,1048576,4194304,524288,1048576,4194304 Routes: [ fe80::/64 -> :: wlan0,192.168.0.0/24 -> 0.0.0.0 wlan0,0.0.0.0/0 -> 192.168.0.1 wlan0 ]}}  nc{[ Transports: WIFI Capabilities: NOT_METERED&INTERNET&NOT_RESTRICTED&TRUSTED&NOT_VPN&NOT_ROAMING&FOREGROUND&NOT_CONGESTED&NOT_SUSPENDED LinkUpBandwidth>=1048576Kbps LinkDnBandwidth>=1048576Kbps Specifier: <WifiNetworkAgentSpecifier [WifiConfiguration=, SSID="Lucifer-slow", BSSID=0c:80:63:85:8b:37, mOriginalRequestorUid=-1, mOriginalRequestorPackageName=]> SignalStrength: -36 SSID: "Lucifer-slow"]}  Score{100}  everValidated{false}  lastValidated{false}  created{true} lingering{false} explicitlySelected{true} acceptUnvalidated{true} everCaptivePortalDetected{false} lastCaptivePortalDetected{false} captivePortalValidationPending{false} partialConnectivity{false} acceptPartialConnectivity{false} clat{mBaseIface: null, mIface: null, mState: IDLE} }
08-04 14:54:07.653  1297  1974 D ConnectivityService: Lingering NetworkAgentInfo [MOBILE (LTE) - 2599] for 5000ms
08-04 14:54:07.655  1297  1974 D ConnectivityService: Sending DISCONNECTED broadcast for type 0 NetworkAgentInfo [MOBILE (LTE) - 2599] isDefaultNetwork=true
08-04 14:54:07.671  1297  2609 I WifiService: countryCode: IN
08-04 14:54:07.673  1297  1974 D ConnectivityService: Sending CONNECTED broadcast for type 1 NetworkAgentInfo [WIFI () - 2600] isDefaultNetwork=true
08-04 14:54:07.714  1297  1974 D ConnectivityService: reportNetworkConnectivity(2600, true) by 10027
08-04 14:54:07.717  1297  1974 D ConnectivityService: NetworkAgentInfo [WIFI () - 2600] validation passed
08-04 14:54:07.720  1297  2628 I WifiService: countryCode: IN
08-04 14:54:07.723  1297  1408 W BroadcastQueue: Background execution not allowed: receiving Intent { act=android.net.conn.NETWORK_CONDITIONS_MEASURED flg=0x10 (has extras) } to com.google.android.gms/.chimera.GmsIntentOperationService$PersistentTrustedReceiver
08-04 14:54:07.724 30284 30284 E ActivityThread: Failed to find provider info for com.oneplus.retailmode.provider
08-04 14:54:07.725  1297  1974 D ConnectivityService: Setting DNS servers for network 2600 to [/192.168.0.1]
08-04 14:54:07.726  1297  1974 D DnsManager: setDnsConfigurationForNetwork(2600, [192.168.0.1], [], 1800, 25, 8, 64, 0, 0, , [192.168.0.1])
08-04 14:54:07.735 30284 30284 W ContextImpl: Calling a method in the system process without a qualified user: android.app.ContextImpl.startService:1604 android.content.ContextWrapper.startService:669 com.oneplus.opbackup.service.BackupService.a:44 com.oneplus.opbackup.receiver.CheckUpdateReceiver.a:236 com.oneplus.opbackup.receiver.NetworkListenerService$a.onReceive:48 
08-04 14:54:07.744  1297  1297 W Looper  : Slow dispatch took 112ms main h=com.android.server.job.JobSchedulerService$JobHandler c=null m=1
08-04 14:54:07.744  1297  1297 D OnePlusDuallteManager: # mGeneralReceiver # onReceive # action=android.net.conn.CONNECTIVITY_CHANGE
08-04 14:54:07.745  1297  1297 D OnePlusDuallteManager: # mGeneralReceiver # onReceive # action=android.net.conn.CONNECTIVITY_CHANGE
08-04 14:54:07.770 30284 30284 E ActivityThread: Failed to find provider info for com.oneplus.retailmode.provider
08-04 14:54:07.771 30284 30284 W ContextImpl: Calling a method in the system process without a qualified user: android.app.ContextImpl.startService:1604 android.content.ContextWrapper.startService:669 com.oneplus.opbackup.service.BackupService.a:44 com.oneplus.opbackup.receiver.CheckUpdateReceiver.a:236 com.oneplus.opbackup.receiver.NetworkListenerService$a.onReceive:48 
08-04 14:54:07.789  1297  1297 I Telecom : CallsManager: onImsCapabilityStatusChange phoneId: 0 ,VoLte: true ,ViLte: false ,VoWifi: false ,ViWifi: false ,UTLte: true ,UTWifi: false
08-04 14:54:07.789  1297  1297 I Telecom : CallsManager: onImsCapabilityStatusChange phoneId: 1 ,VoLte: true ,ViLte: false ,VoWifi: false ,ViWifi: false ,UTLte: true ,UTWifi: false
08-04 14:54:07.805  1297  2628 I WifiService: countryCode: IN
08-04 14:54:07.807  1297  1408 W BroadcastQueue: Background execution not allowed: receiving Intent { act=android.net.conn.NETWORK_CONDITIONS_MEASURED flg=0x10 (has extras) } to com.google.android.gms/.chimera.GmsIntentOperationService$PersistentTrustedReceiver
08-04 14:54:07.807  1297  1974 D ConnectivityService: NetworkAgentInfo [WIFI () - 2600] validation passed
08-04 14:54:07.971  1297  1297 I Telecom : CallsManager: onServiceStateChanged networkType: 13
08-04 14:54:07.971  1297  1297 I Telecom : CallsManager: onServiceStateChanged networkType: 13
08-04 14:54:08.007  1297  1974 D ConnectivityService: NetworkAgentInfo [MOBILE (UNKNOWN) - 2143] EVENT_NETWORK_INFO_CHANGED, going from CONNECTED to SUSPENDED
08-04 14:54:08.007  1297  1974 I Nat464Xlat: Android Xlat enabled is doXlat = true
08-04 14:54:08.010  3717  3717 W ContextImpl: Calling a method in the system process without a qualified user: android.app.ContextImpl.sendBroadcast:1069 android.content.ContextWrapper.sendBroadcast:448 com.oneplus.security.SecureService$b.onReceive:8 android.app.LoadedApk$ReceiverDispatcher$Args.lambda$getRunnable$0$LoadedApk$ReceiverDispatcher$Args:1560 android.app.-$$Lambda$LoadedApk$ReceiverDispatcher$Args$_BumDX2UKsnxLVrE6UJsJZkotuA.run:2 
08-04 14:54:08.028  3717  3717 W ContextImpl: Calling a method in the system process without a qualified user: android.app.ContextImpl.sendBroadcast:1069 android.content.ContextWrapper.sendBroadcast:448 com.oneplus.security.SecureService$b.onReceive:8 android.app.LoadedApk$ReceiverDispatcher$Args.lambda$getRunnable$0$LoadedApk$ReceiverDispatcher$Args:1560 android.app.-$$Lambda$LoadedApk$ReceiverDispatcher$Args$_BumDX2UKsnxLVrE6UJsJZkotuA.run:2 
08-04 14:54:08.038  1297  1974 D ConnectivityService: NetworkAgentInfo [MOBILE (UNKNOWN) - 2599] EVENT_NETWORK_INFO_CHANGED, going from CONNECTED to SUSPENDED
08-04 14:54:08.042  1297  1974 I Nat464Xlat: Android Xlat enabled is doXlat = true
08-04 14:54:08.097  1297  1333 W ActivityManager: Background start not allowed: service Intent { act=com.whatsapp.messaging.MessageService.START cmp=com.whatsapp/.messaging.MessageService } to com.whatsapp/.messaging.MessageService from pid=18201 uid=10111 pkg=com.whatsapp startFg?=false
08-04 14:54:08.377  1297  1333 E OPBF    : mImportantUids change mLastImportantUids =[10119, 99834, 10670] mImportantUids = [10119, 99834, 10670, 10111]
08-04 14:54:08.406  1297  2949 E OPBF    : mImportantUids change mLastImportantUids =[10119, 99834, 10670, 10111] mImportantUids = [10119, 99834, 10670]
08-04 14:54:08.707  3717  4105 W ContextImpl: Calling a method in the system process without a qualified user: android.app.ContextImpl.startService:1604 android.content.ContextWrapper.startService:669 com.oneplus.security.firewall.NetworkRestrictService.a:8 com.oneplus.security.receiver.a.e:3 com.oneplus.security.SecureService$a.handleMessage:10 
08-04 14:54:08.739  3717  4105 W ContextImpl: Calling a method in the system process without a qualified user: android.app.ContextImpl.startService:1604 android.content.ContextWrapper.startService:669 com.oneplus.security.network.trafficalarm.TrafficUsageAlarmIntentService.a:3 com.oneplus.security.SecureService.a:33 com.oneplus.security.SecureService.a:9 
08-04 14:54:12.563  1297  1885 V AlarmManager: Triggering alarm #0: 2 when =1097342456 package =android operation = null listenTag =NETWORK_LINGER_COMPLETE.2599 flags =0x9
08-04 14:54:12.563  1297  1974 D ConnectivityService: handleLingerComplete for NetworkAgentInfo [MOBILE (UNKNOWN) - 2599]
08-04 14:54:12.568  1297  1974 D ConnectivityService: NetworkAgentInfo [MOBILE (UNKNOWN) - 2599] got DISCONNECTED, was satisfying 24
08-04 14:54:12.616  1297  1974 I Nat464Xlat: Android Xlat enabled is doXlat = true
08-04 14:54:12.751  3717  3717 W ContextImpl: Calling a method in the system process without a qualified user: android.app.ContextImpl.sendBroadcast:1069 android.content.ContextWrapper.sendBroadcast:448 com.oneplus.security.SecureService$b.onReceive:8 android.app.LoadedApk$ReceiverDispatcher$Args.lambda$getRunnable$0$LoadedApk$ReceiverDispatcher$Args:1560 android.app.-$$Lambda$LoadedApk$ReceiverDispatcher$Args$_BumDX2UKsnxLVrE6UJsJZkotuA.run:2 
08-04 14:54:12.754  3717  3717 I chatty  : uid=1000(system) com.oneplus.security identical 1 line
08-04 14:54:12.759  3717  3717 W ContextImpl: Calling a method in the system process without a qualified user: android.app.ContextImpl.sendBroadcast:1069 android.content.ContextWrapper.sendBroadcast:448 com.oneplus.security.SecureService$b.onReceive:8 android.app.LoadedApk$ReceiverDispatcher$Args.lambda$getRunnable$0$LoadedApk$ReceiverDispatcher$Args:1560 android.app.-$$Lambda$LoadedApk$ReceiverDispatcher$Args$_BumDX2UKsnxLVrE6UJsJZkotuA.run:2 
08-04 14:54:12.765  1297  1297 I Telecom : CallsManager: onServiceStateChanged networkType: 13
08-04 14:54:12.765  1297  1297 I Telecom : CallsManager: onServiceStateChanged networkType: 13
08-04 14:54:12.979  1297  1885 V AlarmManager: Triggering alarm #0: 2 when =1097342873 package =android operation = null listenTag =WriteBufferAlarm flags =0x8
08-04 14:54:23.102  1297  1885 V AlarmManager: Triggering alarm #0: 0 when =1596533062692 package =com.heytap.mcs operation =*walarm*:com.heytap.mcs.action flags =0x8
08-04 14:54:23.102  1297  1885 V AlarmManager: Triggering alarm #1: 2 when =1097352977 package =android operation = null listenTag =WifiConnectivityManager Schedule Periodic Scan Timer flags =0x8
08-04 14:54:23.102  1297  1885 V AlarmManager: Triggering alarm #2: 3 when =1097352995 package =com.whatsapp operation =*alarm*:com.whatsapp.alarm.CLIENT_PING_PERIODIC flags =0x0
08-04 14:54:25.536  1297  1974 I Nat464Xlat: Android Xlat enabled is doXlat = true
08-04 14:54:25.806  1297  1297 I Telecom : CallsManager: onImsCapabilityStatusChange phoneId: 0 ,VoLte: false ,ViLte: false ,VoWifi: true ,ViWifi: false ,UTLte: false ,UTWifi: true
08-04 14:54:25.806  1297  1297 I Telecom : CallsManager: onImsCapabilityStatusChange phoneId: 1 ,VoLte: false ,ViLte: false ,VoWifi: true ,ViWifi: false ,UTLte: false ,UTWifi: true
08-04 14:54:25.851  1297  1297 I Telecom : CallsManager: onServiceStateChanged networkType: 13
08-04 14:54:25.852  1297  1297 I Telecom : CallsManager: onServiceStateChanged networkType: 13
08-04 14:54:25.895  1297  1974 D ConnectivityService: NetworkAgentInfo [MOBILE (IWLAN) - 2143] EVENT_NETWORK_INFO_CHANGED, going from SUSPENDED to CONNECTED
08-04 14:54:26.007  1297  1297 I Telecom : CallsManager: onImsCapabilityStatusChange phoneId: 0 ,VoLte: false ,ViLte: false ,VoWifi: true ,ViWifi: false ,UTLte: false ,UTWifi: true
08-04 14:54:26.007  1297  1297 I Telecom : CallsManager: onImsCapabilityStatusChange phoneId: 1 ,VoLte: false ,ViLte: false ,VoWifi: true ,ViWifi: false ,UTLte: false ,UTWifi: true
08-04 14:54:26.079  3717  3717 W ContextImpl: Calling a method in the system process without a qualified user: android.app.ContextImpl.sendBroadcast:1069 android.content.ContextWrapper.sendBroadcast:448 com.oneplus.security.SecureService$b.onReceive:8 android.app.LoadedApk$ReceiverDispatcher$Args.lambda$getRunnable$0$LoadedApk$ReceiverDispatcher$Args:1560 android.app.-$$Lambda$LoadedApk$ReceiverDispatcher$Args$_BumDX2UKsnxLVrE6UJsJZkotuA.run:2 
08-04 14:54:28.051  1297  1333 W AppOps  : Noting op not finished: uid 10027 pkg com.google.android.gms code 79 time=1596533043120 duration=0
08-04 14:54:28.054  1297  1333 W AppOps  : Noting op not finished: uid 10027 pkg com.google.android.gms code 79 time=1596533068051 duration=0
08-04 14:54:41.954  1297  2631 D OPBF    : setCGroupState():uid:10775, tofreeze=true --->>> ok reason:start perform disordered broadcast for action = X.1dL.NETWORKING_INACTIVE
08-04 14:54:45.565  1297  1885 V AlarmManager: Triggering alarm #0: 2 when =1097375458 package =com.google.android.gms operation =*walarm*:com.google.android.location.ALARM_WAKEUP_LOCATOR flags =0x1
08-04 14:54:49.275  1297  1297 I Telecom : CallsManager: onServiceStateChanged networkType: 13
08-04 14:54:49.278  1297  1297 I Telecom : CallsManager: onServiceStateChanged networkType: 13
08-04 14:55:00.001  1297  1885 V AlarmManager: Triggering alarm #0: 3 when =1097389894 package =android operation = null listenTag =TIME_TICK flags =0x1
08-04 14:55:03.235  1297  1885 V AlarmManager: Triggering alarm #0: 2 when =1097393128 package =com.google.android.gms operation =*walarm*:com.google.android.location.ALARM_WAKEUP_LOCATOR flags =0x1
08-04 14:55:26.531  1297  1408 E OHPD    : [BgDetect] AppForkedProc kworker/2:2 pid 2165 uid 0 can't find pkgName
08-04 14:55:26.562  1297  1408 I OHPD    : mCurrentGpsUidList[]
08-04 14:55:26.563  1297  1408 I OHPD    : [BgDetect]chkExcessCpu level: 1 doKills: true critical false uptime: 300146
08-04 14:55:26.564  1297  1408 I OHPD    : isIsolated process: app.uid:99834,app.info.uid:10937, app.processName:com.google.android.webview:sandboxed_process1:org.chromium.content.app.SandboxedProcessService1:0
08-04 14:55:28.037  1297  1885 V AlarmManager: Triggering alarm #0: 3 when =1097417930 package =com.google.android.gms operation =*alarm*:com.google.android.gms.location.fused.SEND_LOCATION_IN_STATIONARY_MODE_ALARM_ALARM_6165 flags =0x1
08-04 14:55:34.127  1297  1885 V AlarmManager: Triggering alarm #0: 3 when =1097424020 package =com.google.android.gms operation =*alarm*:com.google.android.location.fused.LOCATION_STATUS_ALARM_ACTION_ALARM_6163 flags =0x1
08-04 14:56:00.001  1297  1885 V AlarmManager: Triggering alarm #0: 3 when =1097449894 package =android operation = null listenTag =TIME_TICK flags =0x1
08-04 14:56:28.091  1297  1885 V AlarmManager: Triggering alarm #0: 3 when =1097477984 package =com.google.android.gms operation =*alarm*:com.google.android.gms.location.fused.SEND_LOCATION_IN_STATIONARY_MODE_ALARM_ALARM_6166 flags =0x1
08-04 14:57:00.001  1297  1885 V AlarmManager: Triggering alarm #0: 3 when =1097509894 package =android operation = null listenTag =TIME_TICK flags =0x1
08-04 14:57:12.845  1297  2949 W ActivityManager: Unable to start service Intent { act=com.google.firebase.MESSAGING_EVENT pkg=com.google.android.googlequicksearchbox } U=0: not found
08-04 14:57:26.569  1297  1333 I ActivityManager: Killing 28958:android.process.media/u0a10 (adj 400): empty for 1810s
08-04 14:57:27.932  1297  1297 I Telecom : CallsManager: onImsCapabilityStatusChange phoneId: 0 ,VoLte: false ,ViLte: false ,VoWifi: true ,ViWifi: false ,UTLte: false ,UTWifi: true
08-04 14:57:27.932  1297  1297 I Telecom : CallsManager: onImsCapabilityStatusChange phoneId: 1 ,VoLte: false ,ViLte: false ,VoWifi: true ,ViWifi: false ,UTLte: false ,UTWifi: true
08-04 14:57:27.957  1297  1974 I Nat464Xlat: Android Xlat enabled is doXlat = true
08-04 14:57:28.152  1297  1885 V AlarmManager: Triggering alarm #0: 3 when =1097538045 package =com.google.android.gms operation =*alarm*:com.google.android.gms.location.fused.SEND_LOCATION_IN_STATIONARY_MODE_ALARM_ALARM_6167 flags =0x1
08-04 14:57:28.238  1297  1297 I Telecom : CallsManager: onImsCapabilityStatusChange phoneId: 0 ,VoLte: true ,ViLte: false ,VoWifi: false ,ViWifi: false ,UTLte: true ,UTWifi: false
08-04 14:57:28.239  1297  1297 I Telecom : CallsManager: onImsCapabilityStatusChange phoneId: 1 ,VoLte: true ,ViLte: false ,VoWifi: false ,ViWifi: false ,UTLte: true ,UTWifi: false
08-04 14:57:28.278  1297  1297 I Telecom : CallsManager: onServiceStateChanged networkType: 13
08-04 14:57:28.279  1297  1297 I Telecom : CallsManager: onServiceStateChanged networkType: 13
08-04 14:57:28.322  1297  1974 D ConnectivityService: NetworkAgentInfo [MOBILE (UNKNOWN) - 2143] EVENT_NETWORK_INFO_CHANGED, going from CONNECTED to SUSPENDED
08-04 14:57:28.328  3717  3717 W ContextImpl: Calling a method in the system process without a qualified user: android.app.ContextImpl.sendBroadcast:1069 android.content.ContextWrapper.sendBroadcast:448 com.oneplus.security.SecureService$b.onReceive:8 android.app.LoadedApk$ReceiverDispatcher$Args.lambda$getRunnable$0$LoadedApk$ReceiverDispatcher$Args:1560 android.app.-$$Lambda$LoadedApk$ReceiverDispatcher$Args$_BumDX2UKsnxLVrE6UJsJZkotuA.run:2 
08-04 14:57:28.351  3717  3717 W ContextImpl: Calling a method in the system process without a qualified user: android.app.ContextImpl.sendBroadcast:1069 android.content.ContextWrapper.sendBroadcast:448 com.oneplus.security.SecureService$b.onReceive:8 android.app.LoadedApk$ReceiverDispatcher$Args.lambda$getRunnable$0$LoadedApk$ReceiverDispatcher$Args:1560 android.app.-$$Lambda$LoadedApk$ReceiverDispatcher$Args$_BumDX2UKsnxLVrE6UJsJZkotuA.run:2 
08-04 14:57:29.375  1297  1297 I Telecom : CallsManager: onServiceStateChanged networkType: 13
08-04 14:57:29.376  1297  1297 I Telecom : CallsManager: onServiceStateChanged networkType: 13
08-04 14:57:29.394  1297  1297 I Telecom : CallsManager: onImsCapabilityStatusChange phoneId: 0 ,VoLte: true ,ViLte: false ,VoWifi: false ,ViWifi: false ,UTLte: true ,UTWifi: false
08-04 14:57:29.394  1297  1297 I Telecom : CallsManager: onImsCapabilityStatusChange phoneId: 1 ,VoLte: true ,ViLte: false ,VoWifi: false ,ViWifi: false ,UTLte: true ,UTWifi: false
08-04 14:57:51.010  1297  1297 I Telecom : CallsManager: onServiceStateChanged networkType: 13
08-04 14:57:51.010  1297  1297 I Telecom : CallsManager: onServiceStateChanged networkType: 13
08-04 14:58:00.000  1297  1885 V AlarmManager: Triggering alarm #0: 3 when =1097569893 package =android operation = null listenTag =TIME_TICK flags =0x1
08-04 14:58:25.019  1297  1408 E OHPD    : [BgDetect] AppForkedProc kworker/0:0 pid 2911 uid 0 can't find pkgName
08-04 14:58:25.047  1297  1408 I OHPD    : mCurrentGpsUidList[]
08-04 14:58:25.051  1297  1408 I OHPD    : [BgDetect]chkExcessCpu level: 0 doKills: true critical false uptime: 300156
08-04 14:58:25.051  1297  1408 I OHPD    : isIsolated process: app.uid:99834,app.info.uid:10937, app.processName:com.google.android.webview:sandboxed_process1:org.chromium.content.app.SandboxedProcessService1:0
08-04 14:58:25.100  1297  1413 E BatteryExternalStatsWorker: no controller energy info supplied for bluetooth
08-04 14:58:25.185  1297  1407 D ExtBatteryStatsService: @@@@ awaitUninterruptibly in 130 ms
08-04 14:58:25.201  1297  1408 I OHPD    : [BGC] checkAbnBgKillLocked, doExecution: false
08-04 14:58:25.201  1297  1408 I OHPD    : [BGC] alertWindowUidsSoff :[]
08-04 14:58:25.201  1297  1408 I OHPD    : [BGC] visibleUids :[10019, 10019, 10019, 10019, 10937]
08-04 14:58:25.202  1297  1408 I OHPD    : [BGC] active audio :null
08-04 14:58:25.202  1297  1408 I OHPD    : [BGC] active step counter uids ::10058
08-04 14:58:25.202  1297  1408 I OHPD    : [BGC] locked :[]
08-04 14:58:25.202  1297  1408 I OHPD    : [BGC] mBGCUidArray :[10927, K], 
08-04 14:58:25.202  1297  1408 I OHPD    : [BGC] mBGCUsingTrafficUidSet :
08-04 14:58:25.202  1297  1408 I OHPD    : [BGC] currentIME :com.touchtype.swiftkey
08-04 14:58:28.217  1297  1885 V AlarmManager: Triggering alarm #0: 3 when =1097598109 package =com.google.android.gms operation =*alarm*:com.google.android.gms.location.fused.SEND_LOCATION_IN_STATIONARY_MODE_ALARM_ALARM_6168 flags =0x1
08-04 14:59:00.001  1297  1885 V AlarmManager: Triggering alarm #0: 3 when =1097629894 package =android operation = null listenTag =TIME_TICK flags =0x1
08-04 14:59:08.224  1297  1885 V AlarmManager: Triggering alarm #0: 2 when =1097638117 package =com.heytap.mcs operation =*walarm*:com.heytap.mcs.action flags =0x8
08-04 14:59:08.225  1297  1885 V AlarmManager: Triggering alarm #1: 3 when =1097593360 package =com.whatsapp operation =*alarm*:com.whatsapp.alarm.CLIENT_PING_PERIODIC flags =0x0
08-04 14:59:28.284  1297  1885 V AlarmManager: Triggering alarm #0: 3 when =1097658177 package =com.google.android.gms operation =*alarm*:com.google.android.gms.location.fused.SEND_LOCATION_IN_STATIONARY_MODE_ALARM_ALARM_6169 flags =0x1
08-04 14:59:32.221  1297  1974 I Nat464Xlat: Android Xlat enabled is doXlat = true
08-04 14:59:32.444  1297  1297 I Telecom : CallsManager: onImsCapabilityStatusChange phoneId: 0 ,VoLte: false ,ViLte: false ,VoWifi: true ,ViWifi: false ,UTLte: false ,UTWifi: true
08-04 14:59:32.444  1297  1297 I Telecom : CallsManager: onImsCapabilityStatusChange phoneId: 1 ,VoLte: false ,ViLte: false ,VoWifi: true ,ViWifi: false ,UTLte: false ,UTWifi: true
08-04 14:59:32.455  1297  1297 I Telecom : CallsManager: onImsCapabilityStatusChange phoneId: 0 ,VoLte: false ,ViLte: false ,VoWifi: true ,ViWifi: false ,UTLte: false ,UTWifi: true
08-04 14:59:32.455  1297  1297 I Telecom : CallsManager: onImsCapabilityStatusChange phoneId: 1 ,VoLte: false ,ViLte: false ,VoWifi: true ,ViWifi: false ,UTLte: false ,UTWifi: true
08-04 14:59:32.484  1297  1297 I Telecom : CallsManager: onServiceStateChanged networkType: 13
08-04 14:59:32.485  1297  1297 I Telecom : CallsManager: onServiceStateChanged networkType: 13
08-04 14:59:32.532  1297  1974 D ConnectivityService: NetworkAgentInfo [MOBILE (IWLAN) - 2143] EVENT_NETWORK_INFO_CHANGED, going from SUSPENDED to CONNECTED
08-04 14:59:32.706  3717  3717 W ContextImpl: Calling a method in the system process without a qualified user: android.app.ContextImpl.sendBroadcast:1069 android.content.ContextWrapper.sendBroadcast:448 com.oneplus.security.SecureService$b.onReceive:8 android.app.LoadedApk$ReceiverDispatcher$Args.lambda$getRunnable$0$LoadedApk$ReceiverDispatcher$Args:1560 android.app.-$$Lambda$LoadedApk$ReceiverDispatcher$Args$_BumDX2UKsnxLVrE6UJsJZkotuA.run:2 
08-04 14:59:34.535  1297  1297 I Telecom : CallsManager: onServiceStateChanged networkType: 13
08-04 14:59:34.536  1297  1297 I Telecom : CallsManager: onServiceStateChanged networkType: 13
08-04 14:59:52.243  1297  1885 V AlarmManager: Triggering alarm #0: 2 when =1097682137 package =com.google.android.gms operation =*walarm*:com.google.android.location.ALARM_WAKEUP_LOCATOR flags =0x1
08-04 14:59:56.379  1297  1297 I Telecom : CallsManager: onServiceStateChanged networkType: 13
08-04 14:59:56.457  1297  1297 I chatty  : uid=1000 system_server identical 2 lines
08-04 14:59:56.458  1297  1297 I Telecom : CallsManager: onServiceStateChanged networkType: 13
08-04 15:00:00.001  1297  1885 V AlarmManager: Triggering alarm #0: 3 when =1097689894 package =android operation = null listenTag =TIME_TICK flags =0x1
08-04 15:00:26.663  1297  1408 I OHPD    : mCurrentGpsUidList[]
08-04 15:00:26.664  1297  1408 I OHPD    : [BgDetect]chkExcessCpu level: 1 doKills: true critical false uptime: 300101
08-04 15:00:26.664  1297  1408 I OHPD    : isIsolated process: app.uid:99834,app.info.uid:10937, app.processName:com.google.android.webview:sandboxed_process1:org.chromium.content.app.SandboxedProcessService1:0
08-04 15:00:34.646  1297  1885 V AlarmManager: Triggering alarm #0: 3 when =1097724538 package =com.google.android.gms operation =*alarm*:com.google.android.gms.location.fused.SEND_LOCATION_IN_STATIONARY_MODE_ALARM_ALARM_6171 flags =0x1
08-04 15:00:40.429  1297  1407 I UsageStatsService: User[0] Flushing usage stats to disk
08-04 15:00:40.539  1297  1407 E AppIdleHistory: Error writing app idle file for user 0
08-04 15:00:40.539  1297  1407 I UsageStatsService: User[10] Flushing usage stats to disk
08-04 15:00:40.581  1297  1407 E AppIdleHistory: Error writing app idle file for user 10
08-04 15:01:00.002  1297  1885 V AlarmManager: Triggering alarm #0: 3 when =1097749894 package =android operation = null listenTag =TIME_TICK flags =0x1
08-04 15:01:19.500  1297  1885 V AlarmManager: Triggering alarm #0: 0 when =1596533479499 package =com.heytap.mcs operation =*walarm*:com.heytap.mcs.action flags =0x8
08-04 15:01:34.707  1297  1885 V AlarmManager: Triggering alarm #0: 3 when =1097784600 package =com.google.android.gms operation =*alarm*:com.google.android.gms.location.fused.SEND_LOCATION_IN_STATIONARY_MODE_ALARM_ALARM_6172 flags =0x1
08-04 15:02:00.001  1297  1885 V AlarmManager: Triggering alarm #0: 3 when =1097809894 package =android operation = null listenTag =TIME_TICK flags =0x1
08-04 15:02:34.769  1297  1885 V AlarmManager: Triggering alarm #0: 3 when =1097844662 package =com.google.android.gms operation =*alarm*:com.google.android.gms.location.fused.SEND_LOCATION_IN_STATIONARY_MODE_ALARM_ALARM_6173 flags =0x1
08-04 15:03:00.001  1297  1885 V AlarmManager: Triggering alarm #0: 3 when =1097869894 package =android operation = null listenTag =TIME_TICK flags =0x1
08-04 15:03:25.225  1297  1408 I OHPD    : mCurrentGpsUidList[]
08-04 15:03:25.228  1297  1408 I OHPD    : [BgDetect]chkExcessCpu level: 0 doKills: true critical false uptime: 300177
08-04 15:03:25.228  1297  1408 I OHPD    : isIsolated process: app.uid:99834,app.info.uid:10937, app.processName:com.google.android.webview:sandboxed_process1:org.chromium.content.app.SandboxedProcessService1:0
08-04 15:03:25.276  1297  1413 E BatteryExternalStatsWorker: no controller energy info supplied for bluetooth
08-04 15:03:25.354  1297  1407 D ExtBatteryStatsService: @@@@ awaitUninterruptibly in 117 ms
08-04 15:03:25.373  1297  1408 I OHPD    : [BGC] checkAbnBgKillLocked, doExecution: false
08-04 15:03:25.373  1297  1408 I OHPD    : [BGC] alertWindowUidsSoff :[]
08-04 15:03:25.373  1297  1408 I OHPD    : [BGC] visibleUids :[10019, 10019, 10019, 10019, 10937]
08-04 15:03:25.374  1297  1408 I OHPD    : [BGC] active audio :null
08-04 15:03:25.374  1297  1408 I OHPD    : [BGC] active step counter uids ::10058
08-04 15:03:25.374  1297  1408 I OHPD    : [BGC] locked :[]
08-04 15:03:25.374  1297  1408 I OHPD    : [BGC] mBGCUidArray :[10927, K], 
08-04 15:03:25.374  1297  1408 I OHPD    : [BGC] mBGCUsingTrafficUidSet :
08-04 15:03:25.374  1297  1408 I OHPD    : [BGC] currentIME :com.touchtype.swiftkey
08-04 15:03:28.932  1297  1408 I OHPD    : mCurrentGpsUidList[]
08-04 15:03:28.933  1297  1408 I OHPD    : [BgDetect]chkExcessCpu level: 2 doKills: true critical false uptime: 600026
08-04 15:03:28.934  1297  1408 I OHPD    : isIsolated process: app.uid:99834,app.info.uid:10937, app.processName:com.google.android.webview:sandboxed_process1:org.chromium.content.app.SandboxedProcessService1:0
08-04 15:03:34.835  1297  1885 V AlarmManager: Triggering alarm #0: 3 when =1097904728 package =com.google.android.gms operation =*alarm*:com.google.android.gms.location.fused.SEND_LOCATION_IN_STATIONARY_MODE_ALARM_ALARM_6174 flags =0x1
08-04 15:04:00.001  1297  1885 V AlarmManager: Triggering alarm #0: 3 when =1097929894 package =android operation = null listenTag =TIME_TICK flags =0x1
08-04 15:04:07.948   835   835 E android.hardware.wifi@1.0-service: Failed to open directory: Permission denied
08-04 15:04:07.948   835   835 E android.hardware.wifi@1.0-service: Error occurred while deleting old tombstone files
08-04 15:04:07.948   835   835 E android.hardware.wifi@1.0-service: Error writing files to flash
08-04 15:04:07.949  1297  1946 I DropBoxManagerService: add tag=WiFi_Bugreport isTagEnabled=true flags=0x2
08-04 15:04:07.957  1297  1946 D DropBoxManagerService: Copy /data/system/dropbox/WiFi_Bugreport@2020-08-04-15_04_07_955.txt to /data/oem_log/
08-04 15:04:07.980  1297  2631 D OPBF    : setCGroupState():uid:10775, tofreeze=false --->>> ok reason:start perform disordered broadcast for action = android.net.wifi.STATE_CHANGE
08-04 15:04:07.983  1297  1974 D ConnectivityService: NetworkAgentInfo [WIFI () - 2600] EVENT_NETWORK_INFO_CHANGED, going from CONNECTED to DISCONNECTED
08-04 15:04:07.983  1297  1974 D ConnectivityService: NetworkAgentInfo [WIFI () - 2600] got DISCONNECTED, was satisfying 47
08-04 15:04:07.989  1297  1408 W BroadcastQueue: Background execution not allowed: receiving Intent { act=android.intent.action.DROPBOX_ENTRY_ADDED flg=0x10 (has extras) } to com.google.android.gms/.stats.service.DropBoxEntryAddedReceiver
08-04 15:04:07.989  1297  1408 W BroadcastQueue: Background execution not allowed: receiving Intent { act=android.intent.action.DROPBOX_ENTRY_ADDED flg=0x10 (has extras) } to com.google.android.gms/.chimera.GmsIntentOperationService$PersistentTrustedReceiver
08-04 15:04:08.042  1297  1974 I Nat464Xlat: Android Xlat enabled is doXlat = true
08-04 15:04:08.062  1297  1974 D ConnectivityService: Sending DISCONNECTED broadcast for type 1 NetworkAgentInfo [WIFI () - 2600] isDefaultNetwork=true
08-04 15:04:08.120  1297  1297 D OnePlusDuallteManager: # mGeneralReceiver # onReceive # action=android.net.conn.CONNECTIVITY_CHANGE
08-04 15:04:08.137  1297  1297 I Telecom : CallsManager: onImsCapabilityStatusChange phoneId: 0 ,VoLte: false ,ViLte: false ,VoWifi: false ,ViWifi: false ,UTLte: false ,UTWifi: true
08-04 15:04:08.137  1297  1297 I Telecom : CallsManager: onImsCapabilityStatusChange phoneId: 1 ,VoLte: false ,ViLte: false ,VoWifi: false ,ViWifi: false ,UTLte: false ,UTWifi: true
08-04 15:04:08.152  3717  3717 W ContextImpl: Calling a method in the system process without a qualified user: android.app.ContextImpl.sendBroadcast:1069 android.content.ContextWrapper.sendBroadcast:448 com.oneplus.security.SecureService$b.onReceive:8 android.app.LoadedApk$ReceiverDispatcher$Args.lambda$getRunnable$0$LoadedApk$ReceiverDispatcher$Args:1560 android.app.-$$Lambda$LoadedApk$ReceiverDispatcher$Args$_BumDX2UKsnxLVrE6UJsJZkotuA.run:2 
08-04 15:04:08.161  3717  3717 W ContextImpl: Calling a method in the system process without a qualified user: android.app.ContextImpl.sendBroadcast:1069 android.content.ContextWrapper.sendBroadcast:448 com.oneplus.security.SecureService$b.onReceive:8 android.app.LoadedApk$ReceiverDispatcher$Args.lambda$getRunnable$0$LoadedApk$ReceiverDispatcher$Args:1560 android.app.-$$Lambda$LoadedApk$ReceiverDispatcher$Args$_BumDX2UKsnxLVrE6UJsJZkotuA.run:2 
08-04 15:04:08.163  1297  9783 W AppOps  : Noting op not finished: uid 10027 pkg com.google.android.gms code 79 time=1596533068054 duration=0
08-04 15:04:08.164  1297  9783 W AppOps  : Noting op not finished: uid 10027 pkg com.google.android.gms code 79 time=1596533648163 duration=0
08-04 15:04:08.188  1297  1297 I Telecom : CallsManager: onServiceStateChanged networkType: 13
08-04 15:04:08.188  1297  1297 I Telecom : CallsManager: onServiceStateChanged networkType: 13
08-04 15:04:08.224  1297  1974 D ConnectivityService: NetworkAgentInfo [MOBILE (LTE) - 2143] EVENT_NETWORK_INFO_CHANGED, going from CONNECTED to CONNECTED
08-04 15:04:08.225  1297  1974 I Nat464Xlat: Android Xlat enabled is doXlat = true
08-04 15:04:08.232  3717  3717 W ContextImpl: Calling a method in the system process without a qualified user: android.app.ContextImpl.sendBroadcast:1069 android.content.ContextWrapper.sendBroadcast:448 com.oneplus.security.SecureService$b.onReceive:8 android.app.LoadedApk$ReceiverDispatcher$Args.lambda$getRunnable$0$LoadedApk$ReceiverDispatcher$Args:1560 android.app.-$$Lambda$LoadedApk$ReceiverDispatcher$Args$_BumDX2UKsnxLVrE6UJsJZkotuA.run:2 
08-04 15:04:08.245  3717  3717 W ContextImpl: Calling a method in the system process without a qualified user: android.app.ContextImpl.sendBroadcast:1069 android.content.ContextWrapper.sendBroadcast:448 com.oneplus.security.SecureService$b.onReceive:8 android.app.LoadedApk$ReceiverDispatcher$Args.lambda$getRunnable$0$LoadedApk$ReceiverDispatcher$Args:1560 android.app.-$$Lambda$LoadedApk$ReceiverDispatcher$Args$_BumDX2UKsnxLVrE6UJsJZkotuA.run:2 
08-04 15:04:08.328  1297  9783 I DropBoxManagerService: add tag=platform_stats_bookmark isTagEnabled=true flags=0x2
08-04 15:04:08.334  1297  9783 D DropBoxManagerService: Copy /data/system/dropbox/platform_stats_bookmark@2020-08-04-15_04_08_332.txt to /data/oem_log/
08-04 15:04:08.338  1297  1408 W BroadcastQueue: Background execution not allowed: receiving Intent { act=android.intent.action.DROPBOX_ENTRY_ADDED flg=0x10 (has extras) } to com.google.android.gms/.stats.service.DropBoxEntryAddedReceiver
08-04 15:04:08.338  1297  1408 W BroadcastQueue: Background execution not allowed: receiving Intent { act=android.intent.action.DROPBOX_ENTRY_ADDED flg=0x10 (has extras) } to com.google.android.gms/.chimera.GmsIntentOperationService$PersistentTrustedReceiver
08-04 15:04:08.382  3717  3717 W ContextImpl: Calling a method in the system process without a qualified user: android.app.ContextImpl.sendBroadcast:1069 android.content.ContextWrapper.sendBroadcast:448 com.oneplus.security.SecureService$b.onReceive:8 android.app.LoadedApk$ReceiverDispatcher$Args.lambda$getRunnable$0$LoadedApk$ReceiverDispatcher$Args:1560 android.app.-$$Lambda$LoadedApk$ReceiverDispatcher$Args$_BumDX2UKsnxLVrE6UJsJZkotuA.run:2 
08-04 15:04:08.387  1297  1297 I Telecom : CallsManager: onImsCapabilityStatusChange phoneId: 0 ,VoLte: true ,ViLte: false ,VoWifi: false ,ViWifi: false ,UTLte: true ,UTWifi: false
08-04 15:04:08.387  1297  1297 I Telecom : CallsManager: onImsCapabilityStatusChange phoneId: 1 ,VoLte: true ,ViLte: false ,VoWifi: false ,ViWifi: false ,UTLte: true ,UTWifi: false
08-04 15:04:08.476  1297  1974 I Nat464Xlat: Android Xlat enabled is doXlat = true
08-04 15:04:08.570  1297  1297 I Telecom : CallsManager: onImsCapabilityStatusChange phoneId: 0 ,VoLte: true ,ViLte: false ,VoWifi: false ,ViWifi: false ,UTLte: true ,UTWifi: false
08-04 15:04:08.570  1297  1297 I Telecom : CallsManager: onImsCapabilityStatusChange phoneId: 1 ,VoLte: true ,ViLte: false ,VoWifi: false ,ViWifi: false ,UTLte: true ,UTWifi: false
08-04 15:04:08.624  1297  1885 V AlarmManager: Triggering alarm #0: 2 when =1097938517 package =com.google.android.gms operation =*walarm*:com.google.android.intent.action.GCM_RECONNECT flags =0x5
08-04 15:04:09.083  3717  4105 W ContextImpl: Calling a method in the system process without a qualified user: android.app.ContextImpl.startService:1604 android.content.ContextWrapper.startService:669 com.oneplus.security.firewall.NetworkRestrictService.a:8 com.oneplus.security.receiver.a.e:3 com.oneplus.security.SecureService$a.handleMessage:10 
08-04 15:04:09.101  3717  4105 W ContextImpl: Calling a method in the system process without a qualified user: android.app.ContextImpl.startService:1604 android.content.ContextWrapper.startService:669 com.oneplus.security.network.trafficalarm.TrafficUsageAlarmIntentService.a:3 com.oneplus.security.SecureService.a:33 com.oneplus.security.SecureService.a:9 
08-04 15:04:09.338  1297  1297 I Telecom : CallsManager: onServiceStateChanged networkType: 13
08-04 15:04:09.338  1297  1297 I Telecom : CallsManager: onServiceStateChanged networkType: 13
08-04 15:04:09.410  3717  3717 W ContextImpl: Calling a method in the system process without a qualified user: android.app.ContextImpl.sendBroadcast:1069 android.content.ContextWrapper.sendBroadcast:448 com.oneplus.security.SecureService$b.onReceive:8 android.app.LoadedApk$ReceiverDispatcher$Args.lambda$getRunnable$0$LoadedApk$ReceiverDispatcher$Args:1560 android.app.-$$Lambda$LoadedApk$ReceiverDispatcher$Args$_BumDX2UKsnxLVrE6UJsJZkotuA.run:2 
08-04 15:04:09.418  3717  3717 W ContextImpl: Calling a method in the system process without a qualified user: android.app.ContextImpl.sendBroadcast:1069 android.content.ContextWrapper.sendBroadcast:448 com.oneplus.security.SecureService$b.onReceive:8 android.app.LoadedApk$ReceiverDispatcher$Args.lambda$getRunnable$0$LoadedApk$ReceiverDispatcher$Args:1560 android.app.-$$Lambda$LoadedApk$ReceiverDispatcher$Args$_BumDX2UKsnxLVrE6UJsJZkotuA.run:2 
08-04 15:04:09.428  1297  1297 I Telecom : CallsManager: onServiceStateChanged networkType: 13
08-04 15:04:09.428  1297  1297 I Telecom : CallsManager: onServiceStateChanged networkType: 13
08-04 15:04:09.456  1297  1974 D ConnectivityService: NetworkAgentInfo [MOBILE (LTE) - 2143] EVENT_NETWORK_INFO_CHANGED, going from CONNECTED to CONNECTED
08-04 15:04:09.462  3717  3717 W ContextImpl: Calling a method in the system process without a qualified user: android.app.ContextImpl.sendBroadcast:1069 android.content.ContextWrapper.sendBroadcast:448 com.oneplus.security.SecureService$b.onReceive:8 android.app.LoadedApk$ReceiverDispatcher$Args.lambda$getRunnable$0$LoadedApk$ReceiverDispatcher$Args:1560 android.app.-$$Lambda$LoadedApk$ReceiverDispatcher$Args$_BumDX2UKsnxLVrE6UJsJZkotuA.run:2 
08-04 15:04:09.480  3717  3717 W ContextImpl: Calling a method in the system process without a qualified user: android.app.ContextImpl.sendBroadcast:1069 android.content.ContextWrapper.sendBroadcast:448 com.oneplus.security.SecureService$b.onReceive:8 android.app.LoadedApk$ReceiverDispatcher$Args.lambda$getRunnable$0$LoadedApk$ReceiverDispatcher$Args:1560 android.app.-$$Lambda$LoadedApk$ReceiverDispatcher$Args$_BumDX2UKsnxLVrE6UJsJZkotuA.run:2 
08-04 15:04:09.595  1297  9783 D ConnectivityService: registerNetworkAgent NetworkAgentInfo{ ni{[type: MOBILE[LTE], state: CONNECTED/CONNECTED, reason: connected, extra: airtelgprs.com, failover: false, available: true, roaming: false]}  network{2601}  nethandle{11174615633933}  lp{{InterfaceName: rmnet_data1 LinkAddresses: [ 100.71.138.230/30 ] DnsAddresses: [ /125.22.47.102,/59.144.144.106 ] Domains: null MTU: 1500 TcpBufferSizes: 4096,6291456,12582912,4096,1048576,2097152 Routes: [ 0.0.0.0/0 -> 100.71.138.229 rmnet_data1,100.71.138.228/30 -> 0.0.0.0 rmnet_data1 ]}}  nc{[ Transports: CELLULAR Capabilities: SUPL&INTERNET&NOT_RESTRICTED&TRUSTED&NOT_VPN&NOT_ROAMING&FOREGROUND&NOT_CONGESTED&NOT_SUSPENDED LinkUpBandwidth>=51200Kbps LinkDnBandwidth>=102400Kbps Specifier: <1>]}  Score{10}  everValidated{false}  lastValidated{false}  created{false} lingering{false} explicitlySelected{false} acceptUnvalidated{false} everCaptivePortalDetected{false} lastCaptivePortalDetected{false} captivePortalValidationPending{false} partialConnectivity{false} acceptPartialConnectivity{false} clat{mBaseIface: null, mIface: null, mState: IDLE} }
08-04 15:04:09.597  1297  1974 D ConnectivityService: NetworkAgentInfo [MOBILE (LTE) - 2601] EVENT_NETWORK_INFO_CHANGED, going from null to CONNECTED
08-04 15:04:09.599  1297  1974 W DnsManager: updatePrivateDns(2601, PrivateDnsConfig{true:/[]})
08-04 15:04:09.599  1297  1974 D ConnectivityService: Setting DNS servers for network 2601 to [/125.22.47.102, /59.144.144.106]
08-04 15:04:09.599  1297  1974 D DnsManager: setDnsConfigurationForNetwork(2601, [125.22.47.102, 59.144.144.106], [], 1800, 25, 8, 64, 0, 0, , [125.22.47.102, 59.144.144.106])
08-04 15:04:09.600  3717  3717 W ContextImpl: Calling a method in the system process without a qualified user: android.app.ContextImpl.sendBroadcast:1069 android.content.ContextWrapper.sendBroadcast:448 com.oneplus.security.SecureService$b.onReceive:8 android.app.LoadedApk$ReceiverDispatcher$Args.lambda$getRunnable$0$LoadedApk$ReceiverDispatcher$Args:1560 android.app.-$$Lambda$LoadedApk$ReceiverDispatcher$Args$_BumDX2UKsnxLVrE6UJsJZkotuA.run:2 
08-04 15:04:09.600  1297  1974 D ConnectivityService: Adding iface rmnet_data1 to network 2601
08-04 15:04:09.612  1297  1974 D ConnectivityService: Setting DNS servers for network 2601 to [/125.22.47.102, /59.144.144.106]
08-04 15:04:09.613  1297  1974 D DnsManager: setDnsConfigurationForNetwork(2601, [125.22.47.102, 59.144.144.106], [], 1800, 25, 8, 64, 0, 0, , [125.22.47.102, 59.144.144.106])
08-04 15:04:09.615  1297  1974 I Nat464Xlat: Android Xlat enabled is doXlat = true
08-04 15:04:09.640  1297  3530 I WifiService: countryCode: IN
08-04 15:04:09.644  1297  1974 D ConnectivityService: Switching to new default network: NetworkAgentInfo{ ni{[type: MOBILE[LTE], state: CONNECTED/CONNECTED, reason: connected, extra: airtelgprs.com, failover: false, available: true, roaming: false]}  network{2601}  nethandle{11174615633933}  lp{{InterfaceName: rmnet_data1 LinkAddresses: [ 100.71.138.230/30 ] DnsAddresses: [ /125.22.47.102,/59.144.144.106 ] Domains: null MTU: 1500 TcpBufferSizes: 4096,6291456,12582912,4096,1048576,2097152 Routes: [ 0.0.0.0/0 -> 100.71.138.229 rmnet_data1,100.71.138.228/30 -> 0.0.0.0 rmnet_data1 ]}}  nc{[ Transports: CELLULAR Capabilities: SUPL&INTERNET&NOT_RESTRICTED&TRUSTED&NOT_VPN&NOT_ROAMING&FOREGROUND&NOT_CONGESTED&NOT_SUSPENDED LinkUpBandwidth>=51200Kbps LinkDnBandwidth>=102400Kbps Specifier: <1>]}  Score{10}  everValidated{false}  lastValidated{false}  created{true} lingering{false} explicitlySelected{false} acceptUnvalidated{false} everCaptivePortalDetected{false} lastCaptivePortalDetected{false} captivePortalValidationPending{false} partialConnectivity{false} acceptPartialConnectivity{false} clat{mBaseIface: null, mIface: null, mState: IDLE} }
08-04 15:04:09.672  1297  1974 D ConnectivityService: Sending CONNECTED broadcast for type 0 NetworkAgentInfo [MOBILE (LTE) - 2601] isDefaultNetwork=true
08-04 15:04:09.676  1297  1974 I Nat464Xlat: Android Xlat enabled is doXlat = true
08-04 15:04:09.681  1297  1297 D OnePlusDuallteManager: # mGeneralReceiver # onReceive # action=android.net.conn.CONNECTIVITY_CHANGE
08-04 15:04:09.698 30284 30284 E ActivityThread: Failed to find provider info for com.oneplus.retailmode.provider
08-04 15:04:09.700 30284 30284 W ContextImpl: Calling a method in the system process without a qualified user: android.app.ContextImpl.startService:1604 android.content.ContextWrapper.startService:669 com.oneplus.opbackup.service.BackupService.a:44 com.oneplus.opbackup.receiver.CheckUpdateReceiver.a:236 com.oneplus.opbackup.receiver.NetworkListenerService$a.onReceive:48 
08-04 15:04:09.704  1297  1974 D ConnectivityService: NetworkAgentInfo [MOBILE (LTE) - 2601] EVENT_NETWORK_INFO_CHANGED, going from CONNECTED to CONNECTED
08-04 15:04:09.984  1297  3530 I WifiService: countryCode: IN
08-04 15:04:09.990  1297  1408 W BroadcastQueue: Background execution not allowed: receiving Intent { act=android.net.conn.NETWORK_CONDITIONS_MEASURED flg=0x10 (has extras) } to com.google.android.gms/.chimera.GmsIntentOperationService$PersistentTrustedReceiver
08-04 15:04:09.990  1297  1974 D ConnectivityService: NetworkAgentInfo [MOBILE (LTE) - 2601] validation passed
08-04 15:04:10.003  1297  1974 D ConnectivityService: Setting DNS servers for network 2601 to [/125.22.47.102, /59.144.144.106]
08-04 15:04:10.004  1297  1974 D DnsManager: setDnsConfigurationForNetwork(2601, [125.22.47.102, 59.144.144.106], [], 1800, 25, 8, 64, 0, 0, , [125.22.47.102, 59.144.144.106])
08-04 15:04:10.169  1297  1413 E BatteryExternalStatsWorker: no controller energy info supplied for bluetooth
08-04 15:04:10.213  1297  9007 W ActivityManager: Background start not allowed: service Intent { act=com.whatsapp.messaging.MessageService.START cmp=com.whatsapp/.messaging.MessageService } to com.whatsapp/.messaging.MessageService from pid=18201 uid=10111 pkg=com.whatsapp startFg?=false
